-- The C compiler identification is GNU 13.3.0
-- The CXX compiler identification is GNU 13.3.0
-- Detecting C compiler ABI info
-- Detecting C compiler ABI info - done
-- Check for working C compiler: /usr/bin/cc - skipped
-- Detecting C compile features
-- Detecting C compile features - done
-- Detecting CXX compiler ABI info
-- Detecting CXX compiler ABI info - done
-- Check for working CXX compiler: /usr/bin/c++ - skipped
-- Detecting CXX compile features
-- Detecting CXX compile features - done
-- Found ament_cmake: 2.5.6 (/home/jdurs/ros2_jazzy/install/ament_cmake/share/ament_cmake/cmake)
-- Found Python3: /usr/bin/python3 (found version "3.12.3") found components: Interpreter 
-- Found rclcpp: 28.1.18 (/home/jdurs/ros2_jazzy/install/rclcpp/share/rclcpp/cmake)
-- Found rosidl_generator_c: 4.6.7 (/home/jdurs/ros2_jazzy/install/rosidl_generator_c/share/rosidl_generator_c/cmake)
-- Found rosidl_generator_cpp: 4.6.7 (/home/jdurs/ros2_jazzy/install/rosidl_generator_cpp/share/rosidl_generator_cpp/cmake)
-- Using all available rosidl_typesupport_c: rosidl_typesupport_introspection_c;rosidl_typesupport_fastrtps_c
-- Using all available rosidl_typesupport_cpp: rosidl_typesupport_introspection_cpp;rosidl_typesupport_fastrtps_cpp
-- Found rmw_implementation_cmake: 7.3.3 (/home/jdurs/ros2_jazzy/install/rmw_implementation_cmake/share/rmw_implementation_cmake/cmake)
-- Found rmw_fastrtps_cpp: 8.4.3 (/home/jdurs/ros2_jazzy/install/rmw_fastrtps_cpp/share/rmw_fastrtps_cpp/cmake)
-- Found OpenSSL: /usr/lib/x86_64-linux-gnu/libcrypto.so (found version "3.0.13")  
-- Found FastRTPS: /home/jdurs/ros2_jazzy/install/fastrtps/include (Required is at least version "2.13") 
-- Using RMW implementation 'rmw_fastrtps_cpp' as default
-- Found std_msgs: 5.3.7 (/home/jdurs/ros2_jazzy/install/std_msgs/share/std_msgs/cmake)
-- Found ament_lint_auto: 0.17.4 (/home/jdurs/ros2_jazzy/install/ament_lint_auto/share/ament_lint_auto/cmake)
-- Added test 'cppcheck' to perform static code analysis on C / C++ code
-- Configured cppcheck include dirs: 
-- Configured cppcheck exclude dirs and/or files: 
-- Added test 'lint_cmake' to check CMake code style
-- Added test 'uncrustify' to check C / C++ code style
-- Configured uncrustify additional arguments: 
-- Added test 'xmllint' to check XML markup files
-- Configuring done (3.8s)
-- Generating done (0.0s)
-- Build files have been written to: /home/jdurs/benchTest/build/odrive_interface
[ 50%] Building CXX object CMakeFiles/odrive_interface_node.dir/src/odrive_interface_node.cpp.o
[100%] Linking CXX executable odrive_interface_node
[100%] Built target odrive_interface_node
-- Install configuration: ""
-- Installing: /home/jdurs/benchTest/install/odrive_interface/lib/odrive_interface/odrive_interface_node
-- Set non-toolchain portion of runtime path of "/home/jdurs/benchTest/install/odrive_interface/lib/odrive_interface/odrive_interface_node" to ""
-- Installing: /home/jdurs/benchTest/install/odrive_interface/share/ament_index/resource_index/package_run_dependencies/odrive_interface
-- Installing: /home/jdurs/benchTest/install/odrive_interface/share/ament_index/resource_index/parent_prefix_path/odrive_interface
-- Installing: /home/jdurs/benchTest/install/odrive_interface/share/odrive_interface/environment/ament_prefix_path.sh
-- Installing: /home/jdurs/benchTest/install/odrive_interface/share/odrive_interface/environment/ament_prefix_path.dsv
-- Installing: /home/jdurs/benchTest/install/odrive_interface/share/odrive_interface/environment/path.sh
-- Installing: /home/jdurs/benchTest/install/odrive_interface/share/odrive_interface/environment/path.dsv
-- Installing: /home/jdurs/benchTest/install/odrive_interface/share/odrive_interface/local_setup.bash
-- Installing: /home/jdurs/benchTest/install/odrive_interface/share/odrive_interface/local_setup.sh
-- Installing: /home/jdurs/benchTest/install/odrive_interface/share/odrive_interface/local_setup.zsh
-- Installing: /home/jdurs/benchTest/install/odrive_interface/share/odrive_interface/local_setup.dsv
-- Installing: /home/jdurs/benchTest/install/odrive_interface/share/odrive_interface/package.dsv
-- Installing: /home/jdurs/benchTest/install/odrive_interface/share/ament_index/resource_index/packages/odrive_interface
-- Installing: /home/jdurs/benchTest/install/odrive_interface/share/odrive_interface/cmake/odrive_interfaceConfig.cmake
-- Installing: /home/jdurs/benchTest/install/odrive_interface/share/odrive_interface/cmake/odrive_interfaceConfig-version.cmake
-- Installing: /home/jdurs/benchTest/install/odrive_interface/share/odrive_interface/package.xml
