[0.021s] Invoking command in '/home/jdurs/benchTest/build/knee_sensor_interface': CMAKE_PREFIX_PATH=${CMAKE_PREFIX_PATH}:/home/jdurs/ros2_jazzy/install/rqt_bag_plugins:/home/jdurs/ros2_jazzy/install/launch_testing_examples:/home/jdurs/ros2_jazzy/install/ros2bag:/home/jdurs/ros2_jazzy/install/rqt_bag:/home/jdurs/ros2_jazzy/install/rosbag2_examples_py:/home/jdurs/ros2_jazzy/install/tracetools_test:/home/jdurs/ros2_jazzy/install/tracetools_launch:/home/jdurs/ros2_jazzy/install/topic_monitor:/home/jdurs/ros2_jazzy/install/tf2_tools:/home/jdurs/ros2_jazzy/install/examples_tf2_py:/home/jdurs/ros2_jazzy/install/tf2_ros_py:/home/jdurs/ros2_jazzy/install/examples_rclpy_pointcloud_publisher:/home/jdurs/ros2_jazzy/install/sensor_msgs_py:/home/jdurs/ros2_jazzy/install/quality_of_service_demo_py:/home/jdurs/ros2_jazzy/install/camera_info_manager_py:/home/jdurs/ros2_jazzy/install/rqt_plot:/home/jdurs/ros2_jazzy/install/ros2doctor:/home/jdurs/ros2_jazzy/install/lifecycle_py:/home/jdurs/ros2_jazzy/install/examples_rclpy_minimal_subscriber:/home/jdurs/ros2_jazzy/install/examples_rclpy_minimal_service:/home/jdurs/ros2_jazzy/install/examples_rclpy_minimal_publisher:/home/jdurs/ros2_jazzy/install/examples_rclpy_minimal_client:/home/jdurs/ros2_jazzy/install/examples_rclpy_executors:/home/jdurs/ros2_jazzy/install/demo_nodes_py:/home/jdurs/ros2_jazzy/install/rqt:/home/jdurs/ros2_jazzy/install/ros2component:/home/jdurs/ros2_jazzy/install/sros2:/home/jdurs/ros2_jazzy/install/rqt_topic:/home/jdurs/ros2_jazzy/install/rqt_srv:/home/jdurs/ros2_jazzy/install/rqt_shell:/home/jdurs/ros2_jazzy/install/rqt_service_caller:/home/jdurs/ros2_jazzy/install/rqt_reconfigure:/home/jdurs/ros2_jazzy/install/rqt_py_console:/home/jdurs/ros2_jazzy/install/rqt_publisher:/home/jdurs/ros2_jazzy/install/rqt_action:/home/jdurs/ros2_jazzy/install/rqt_msg:/home/jdurs/ros2_jazzy/install/rqt_console:/home/jdurs/ros2_jazzy/install/rqt_graph:/home/jdurs/ros2_jazzy/install/rqt_gui_py:/home/jdurs/ros2_jazzy/install/rqt_gui:/home/jdurs/ros2_jazzy/install/ros2trace:/home/jdurs/ros2_jazzy/install/ros2param:/home/jdurs/ros2_jazzy/install/ros2lifecycle:/home/jdurs/ros2_jazzy/install/ros2service:/home/jdurs/ros2_jazzy/install/ros2topic:/home/jdurs/ros2_jazzy/install/ros2test:/home/jdurs/ros2_jazzy/install/ros2run:/home/jdurs/ros2_jazzy/install/ros2plugin:/home/jdurs/ros2_jazzy/install/ros2launch:/home/jdurs/ros2_jazzy/install/ros2pkg:/home/jdurs/ros2_jazzy/install/ros2node:/home/jdurs/ros2_jazzy/install/ros2multicast:/home/jdurs/ros2_jazzy/install/ros2interface:/home/jdurs/ros2_jazzy/install/ros2action:/home/jdurs/ros2_jazzy/install/ros2cli:/home/jdurs/ros2_jazzy/install/launch_testing_ros:/home/jdurs/ros2_jazzy/install/launch_ros:/home/jdurs/ros2_jazzy/install/examples_rclpy_minimal_action_server:/home/jdurs/ros2_jazzy/install/examples_rclpy_minimal_action_client:/home/jdurs/ros2_jazzy/install/examples_rclpy_guard_conditions:/home/jdurs/ros2_jazzy/install/action_tutorials_py:/home/jdurs/ros2_jazzy/install/ament_uncrustify:/home/jdurs/ros2_jazzy/install/tracetools_trace:/home/jdurs/ros2_jazzy/install/tracetools_read:/home/jdurs/ros2_jazzy/install/test_tracetools_launch:/home/jdurs/ros2_jazzy/install/test_ros2trace:/home/jdurs/ros2_jazzy/install/test_launch_ros:/home/jdurs/ros2_jazzy/install/rpyutils:/home/jdurs/ros2_jazzy/install/rosidl_runtime_py:/home/jdurs/ros2_jazzy/install/rosidl_pycommon:/home/jdurs/ros2_jazzy/install/rosidl_cli:/home/jdurs/ros2_jazzy/install/launch_pytest:/home/jdurs/ros2_jazzy/install/launch_testing:/home/jdurs/ros2_jazzy/install/launch_yaml:/home/jdurs/ros2_jazzy/install/launch_xml:/home/jdurs/ros2_jazzy/install/launch:/home/jdurs/ros2_jazzy/install/osrf_pycommon:/home/jdurs/ros2_jazzy/install/domain_coordinator:/home/jdurs/ros2_jazzy/install/ament_xmllint:/home/jdurs/ros2_jazzy/install/ament_pyflakes:/home/jdurs/ros2_jazzy/install/ament_pycodestyle:/home/jdurs/ros2_jazzy/install/ament_pep257:/home/jdurs/ros2_jazzy/install/ament_pclint:/home/jdurs/ros2_jazzy/install/ament_package:/home/jdurs/ros2_jazzy/install/ament_mypy:/home/jdurs/ros2_jazzy/install/ament_lint_cmake:/home/jdurs/ros2_jazzy/install/ament_flake8:/home/jdurs/ros2_jazzy/install/ament_copyright:/home/jdurs/ros2_jazzy/install/ament_lint:/home/jdurs/ros2_jazzy/install/ament_index_python:/home/jdurs/ros2_jazzy/install/ament_cpplint:/home/jdurs/ros2_jazzy/install/ament_cppcheck:/home/jdurs/ros2_jazzy/install/ament_clang_tidy:/home/jdurs/ros2_jazzy/install/ament_clang_format /usr/bin/cmake /home/jdurs/benchTest/src/knee_sensor_interface -DCMAKE_LIBRARY_PATH=/home/jdurs/benchTest/.deps/prefix/usr/lib/x86_64-linux-gnu -DCMAKE_INCLUDE_PATH=/home/jdurs/benchTest/.deps/prefix/usr/include -DCMAKE_INSTALL_PREFIX=/home/jdurs/benchTest/install/knee_sensor_interface
[0.038s] -- Found ament_cmake: 2.5.6 (/home/jdurs/ros2_jazzy/install/ament_cmake/share/ament_cmake/cmake)
[0.203s] -- Override CMake install command with custom implementation using symlinks instead of copying resources
[0.216s] -- Found rosidl_default_generators: 1.6.0 (/home/jdurs/ros2_jazzy/install/rosidl_default_generators/share/rosidl_default_generators/cmake)
[0.285s] -- Using all available rosidl_typesupport_c: rosidl_typesupport_introspection_c;rosidl_typesupport_fastrtps_c
[0.428s] -- Using all available rosidl_typesupport_cpp: rosidl_typesupport_introspection_cpp;rosidl_typesupport_fastrtps_cpp
[0.470s] -- Found rosidl_adapter: 4.6.7 (/home/jdurs/ros2_jazzy/install/rosidl_adapter/share/rosidl_adapter/cmake)
[0.480s] -- Found rclcpp: 28.1.18 (/home/jdurs/ros2_jazzy/install/rclcpp/share/rclcpp/cmake)
[0.585s] -- Found rmw_implementation_cmake: 7.3.3 (/home/jdurs/ros2_jazzy/install/rmw_implementation_cmake/share/rmw_implementation_cmake/cmake)
[0.608s] -- Found rmw_fastrtps_cpp: 8.4.3 (/home/jdurs/ros2_jazzy/install/rmw_fastrtps_cpp/share/rmw_fastrtps_cpp/cmake)
[0.762s] -- Found OpenSSL: /usr/lib/x86_64-linux-gnu/libcrypto.so (found version "3.0.13")  
[0.895s] -- Found FastRTPS: /home/jdurs/ros2_jazzy/install/fastrtps/include (Required is at least version "2.13") 
[0.978s] -- Using RMW implementation 'rmw_fastrtps_cpp' as default
[1.150s] -- Found std_msgs: 5.3.7 (/home/jdurs/ros2_jazzy/install/std_msgs/share/std_msgs/cmake)
[1.584s] -- Found ament_cmake_ros: 0.12.0 (/home/jdurs/ros2_jazzy/install/ament_cmake_ros/share/ament_cmake_ros/cmake)
[1.715s] -- Using all available rosidl_typesupport_c: rosidl_typesupport_introspection_c;rosidl_typesupport_fastrtps_c
[1.951s] -- Using all available rosidl_typesupport_cpp: rosidl_typesupport_introspection_cpp;rosidl_typesupport_fastrtps_cpp
[1.957s] -- Found python_cmake_module: 0.11.1 (/home/jdurs/ros2_jazzy/install/python_cmake_module/share/python_cmake_module/cmake)
[2.386s] -- Found Python3: /usr/bin/python3 (found version "3.12.3") found components: Interpreter Development NumPy Development.Module Development.Embed 
[2.503s] -- Found Python3: /usr/bin/python3 (found version "3.12.3") found components: Interpreter 
[2.511s] -- Found ament_lint_auto: 0.17.4 (/home/jdurs/ros2_jazzy/install/ament_lint_auto/share/ament_lint_auto/cmake)
[2.541s] -- Added test 'cppcheck' to perform static code analysis on C / C++ code
[2.542s] -- Configured cppcheck include dirs: 
[2.542s] -- Configured cppcheck exclude dirs and/or files: 
[2.545s] -- Added test 'lint_cmake' to check CMake code style
[2.545s] -- Added test 'uncrustify' to check C / C++ code style
[2.545s] -- Configured uncrustify additional arguments: 
[2.549s] -- Added test 'xmllint' to check XML markup files
[2.553s] -- Configuring done (2.5s)
[2.594s] -- Generating done (0.0s)
[2.606s] -- Build files have been written to: /home/jdurs/benchTest/build/knee_sensor_interface
[2.615s] Invoked command in '/home/jdurs/benchTest/build/knee_sensor_interface' returned '0': CMAKE_PREFIX_PATH=${CMAKE_PREFIX_PATH}:/home/jdurs/ros2_jazzy/install/rqt_bag_plugins:/home/jdurs/ros2_jazzy/install/launch_testing_examples:/home/jdurs/ros2_jazzy/install/ros2bag:/home/jdurs/ros2_jazzy/install/rqt_bag:/home/jdurs/ros2_jazzy/install/rosbag2_examples_py:/home/jdurs/ros2_jazzy/install/tracetools_test:/home/jdurs/ros2_jazzy/install/tracetools_launch:/home/jdurs/ros2_jazzy/install/topic_monitor:/home/jdurs/ros2_jazzy/install/tf2_tools:/home/jdurs/ros2_jazzy/install/examples_tf2_py:/home/jdurs/ros2_jazzy/install/tf2_ros_py:/home/jdurs/ros2_jazzy/install/examples_rclpy_pointcloud_publisher:/home/jdurs/ros2_jazzy/install/sensor_msgs_py:/home/jdurs/ros2_jazzy/install/quality_of_service_demo_py:/home/jdurs/ros2_jazzy/install/camera_info_manager_py:/home/jdurs/ros2_jazzy/install/rqt_plot:/home/jdurs/ros2_jazzy/install/ros2doctor:/home/jdurs/ros2_jazzy/install/lifecycle_py:/home/jdurs/ros2_jazzy/install/examples_rclpy_minimal_subscriber:/home/jdurs/ros2_jazzy/install/examples_rclpy_minimal_service:/home/jdurs/ros2_jazzy/install/examples_rclpy_minimal_publisher:/home/jdurs/ros2_jazzy/install/examples_rclpy_minimal_client:/home/jdurs/ros2_jazzy/install/examples_rclpy_executors:/home/jdurs/ros2_jazzy/install/demo_nodes_py:/home/jdurs/ros2_jazzy/install/rqt:/home/jdurs/ros2_jazzy/install/ros2component:/home/jdurs/ros2_jazzy/install/sros2:/home/jdurs/ros2_jazzy/install/rqt_topic:/home/jdurs/ros2_jazzy/install/rqt_srv:/home/jdurs/ros2_jazzy/install/rqt_shell:/home/jdurs/ros2_jazzy/install/rqt_service_caller:/home/jdurs/ros2_jazzy/install/rqt_reconfigure:/home/jdurs/ros2_jazzy/install/rqt_py_console:/home/jdurs/ros2_jazzy/install/rqt_publisher:/home/jdurs/ros2_jazzy/install/rqt_action:/home/jdurs/ros2_jazzy/install/rqt_msg:/home/jdurs/ros2_jazzy/install/rqt_console:/home/jdurs/ros2_jazzy/install/rqt_graph:/home/jdurs/ros2_jazzy/install/rqt_gui_py:/home/jdurs/ros2_jazzy/install/rqt_gui:/home/jdurs/ros2_jazzy/install/ros2trace:/home/jdurs/ros2_jazzy/install/ros2param:/home/jdurs/ros2_jazzy/install/ros2lifecycle:/home/jdurs/ros2_jazzy/install/ros2service:/home/jdurs/ros2_jazzy/install/ros2topic:/home/jdurs/ros2_jazzy/install/ros2test:/home/jdurs/ros2_jazzy/install/ros2run:/home/jdurs/ros2_jazzy/install/ros2plugin:/home/jdurs/ros2_jazzy/install/ros2launch:/home/jdurs/ros2_jazzy/install/ros2pkg:/home/jdurs/ros2_jazzy/install/ros2node:/home/jdurs/ros2_jazzy/install/ros2multicast:/home/jdurs/ros2_jazzy/install/ros2interface:/home/jdurs/ros2_jazzy/install/ros2action:/home/jdurs/ros2_jazzy/install/ros2cli:/home/jdurs/ros2_jazzy/install/launch_testing_ros:/home/jdurs/ros2_jazzy/install/launch_ros:/home/jdurs/ros2_jazzy/install/examples_rclpy_minimal_action_server:/home/jdurs/ros2_jazzy/install/examples_rclpy_minimal_action_client:/home/jdurs/ros2_jazzy/install/examples_rclpy_guard_conditions:/home/jdurs/ros2_jazzy/install/action_tutorials_py:/home/jdurs/ros2_jazzy/install/ament_uncrustify:/home/jdurs/ros2_jazzy/install/tracetools_trace:/home/jdurs/ros2_jazzy/install/tracetools_read:/home/jdurs/ros2_jazzy/install/test_tracetools_launch:/home/jdurs/ros2_jazzy/install/test_ros2trace:/home/jdurs/ros2_jazzy/install/test_launch_ros:/home/jdurs/ros2_jazzy/install/rpyutils:/home/jdurs/ros2_jazzy/install/rosidl_runtime_py:/home/jdurs/ros2_jazzy/install/rosidl_pycommon:/home/jdurs/ros2_jazzy/install/rosidl_cli:/home/jdurs/ros2_jazzy/install/launch_pytest:/home/jdurs/ros2_jazzy/install/launch_testing:/home/jdurs/ros2_jazzy/install/launch_yaml:/home/jdurs/ros2_jazzy/install/launch_xml:/home/jdurs/ros2_jazzy/install/launch:/home/jdurs/ros2_jazzy/install/osrf_pycommon:/home/jdurs/ros2_jazzy/install/domain_coordinator:/home/jdurs/ros2_jazzy/install/ament_xmllint:/home/jdurs/ros2_jazzy/install/ament_pyflakes:/home/jdurs/ros2_jazzy/install/ament_pycodestyle:/home/jdurs/ros2_jazzy/install/ament_pep257:/home/jdurs/ros2_jazzy/install/ament_pclint:/home/jdurs/ros2_jazzy/install/ament_package:/home/jdurs/ros2_jazzy/install/ament_mypy:/home/jdurs/ros2_jazzy/install/ament_lint_cmake:/home/jdurs/ros2_jazzy/install/ament_flake8:/home/jdurs/ros2_jazzy/install/ament_copyright:/home/jdurs/ros2_jazzy/install/ament_lint:/home/jdurs/ros2_jazzy/install/ament_index_python:/home/jdurs/ros2_jazzy/install/ament_cpplint:/home/jdurs/ros2_jazzy/install/ament_cppcheck:/home/jdurs/ros2_jazzy/install/ament_clang_tidy:/home/jdurs/ros2_jazzy/install/ament_clang_format /usr/bin/cmake /home/jdurs/benchTest/src/knee_sensor_interface -DCMAKE_LIBRARY_PATH=/home/jdurs/benchTest/.deps/prefix/usr/lib/x86_64-linux-gnu -DCMAKE_INCLUDE_PATH=/home/jdurs/benchTest/.deps/prefix/usr/include -DCMAKE_INSTALL_PREFIX=/home/jdurs/benchTest/install/knee_sensor_interface
[2.615s] Invoking command in '/home/jdurs/benchTest/build/knee_sensor_interface': CMAKE_PREFIX_PATH=${CMAKE_PREFIX_PATH}:/home/jdurs/ros2_jazzy/install/rqt_bag_plugins:/home/jdurs/ros2_jazzy/install/launch_testing_examples:/home/jdurs/ros2_jazzy/install/ros2bag:/home/jdurs/ros2_jazzy/install/rqt_bag:/home/jdurs/ros2_jazzy/install/rosbag2_examples_py:/home/jdurs/ros2_jazzy/install/tracetools_test:/home/jdurs/ros2_jazzy/install/tracetools_launch:/home/jdurs/ros2_jazzy/install/topic_monitor:/home/jdurs/ros2_jazzy/install/tf2_tools:/home/jdurs/ros2_jazzy/install/examples_tf2_py:/home/jdurs/ros2_jazzy/install/tf2_ros_py:/home/jdurs/ros2_jazzy/install/examples_rclpy_pointcloud_publisher:/home/jdurs/ros2_jazzy/install/sensor_msgs_py:/home/jdurs/ros2_jazzy/install/quality_of_service_demo_py:/home/jdurs/ros2_jazzy/install/camera_info_manager_py:/home/jdurs/ros2_jazzy/install/rqt_plot:/home/jdurs/ros2_jazzy/install/ros2doctor:/home/jdurs/ros2_jazzy/install/lifecycle_py:/home/jdurs/ros2_jazzy/install/examples_rclpy_minimal_subscriber:/home/jdurs/ros2_jazzy/install/examples_rclpy_minimal_service:/home/jdurs/ros2_jazzy/install/examples_rclpy_minimal_publisher:/home/jdurs/ros2_jazzy/install/examples_rclpy_minimal_client:/home/jdurs/ros2_jazzy/install/examples_rclpy_executors:/home/jdurs/ros2_jazzy/install/demo_nodes_py:/home/jdurs/ros2_jazzy/install/rqt:/home/jdurs/ros2_jazzy/install/ros2component:/home/jdurs/ros2_jazzy/install/sros2:/home/jdurs/ros2_jazzy/install/rqt_topic:/home/jdurs/ros2_jazzy/install/rqt_srv:/home/jdurs/ros2_jazzy/install/rqt_shell:/home/jdurs/ros2_jazzy/install/rqt_service_caller:/home/jdurs/ros2_jazzy/install/rqt_reconfigure:/home/jdurs/ros2_jazzy/install/rqt_py_console:/home/jdurs/ros2_jazzy/install/rqt_publisher:/home/jdurs/ros2_jazzy/install/rqt_action:/home/jdurs/ros2_jazzy/install/rqt_msg:/home/jdurs/ros2_jazzy/install/rqt_console:/home/jdurs/ros2_jazzy/install/rqt_graph:/home/jdurs/ros2_jazzy/install/rqt_gui_py:/home/jdurs/ros2_jazzy/install/rqt_gui:/home/jdurs/ros2_jazzy/install/ros2trace:/home/jdurs/ros2_jazzy/install/ros2param:/home/jdurs/ros2_jazzy/install/ros2lifecycle:/home/jdurs/ros2_jazzy/install/ros2service:/home/jdurs/ros2_jazzy/install/ros2topic:/home/jdurs/ros2_jazzy/install/ros2test:/home/jdurs/ros2_jazzy/install/ros2run:/home/jdurs/ros2_jazzy/install/ros2plugin:/home/jdurs/ros2_jazzy/install/ros2launch:/home/jdurs/ros2_jazzy/install/ros2pkg:/home/jdurs/ros2_jazzy/install/ros2node:/home/jdurs/ros2_jazzy/install/ros2multicast:/home/jdurs/ros2_jazzy/install/ros2interface:/home/jdurs/ros2_jazzy/install/ros2action:/home/jdurs/ros2_jazzy/install/ros2cli:/home/jdurs/ros2_jazzy/install/launch_testing_ros:/home/jdurs/ros2_jazzy/install/launch_ros:/home/jdurs/ros2_jazzy/install/examples_rclpy_minimal_action_server:/home/jdurs/ros2_jazzy/install/examples_rclpy_minimal_action_client:/home/jdurs/ros2_jazzy/install/examples_rclpy_guard_conditions:/home/jdurs/ros2_jazzy/install/action_tutorials_py:/home/jdurs/ros2_jazzy/install/ament_uncrustify:/home/jdurs/ros2_jazzy/install/tracetools_trace:/home/jdurs/ros2_jazzy/install/tracetools_read:/home/jdurs/ros2_jazzy/install/test_tracetools_launch:/home/jdurs/ros2_jazzy/install/test_ros2trace:/home/jdurs/ros2_jazzy/install/test_launch_ros:/home/jdurs/ros2_jazzy/install/rpyutils:/home/jdurs/ros2_jazzy/install/rosidl_runtime_py:/home/jdurs/ros2_jazzy/install/rosidl_pycommon:/home/jdurs/ros2_jazzy/install/rosidl_cli:/home/jdurs/ros2_jazzy/install/launch_pytest:/home/jdurs/ros2_jazzy/install/launch_testing:/home/jdurs/ros2_jazzy/install/launch_yaml:/home/jdurs/ros2_jazzy/install/launch_xml:/home/jdurs/ros2_jazzy/install/launch:/home/jdurs/ros2_jazzy/install/osrf_pycommon:/home/jdurs/ros2_jazzy/install/domain_coordinator:/home/jdurs/ros2_jazzy/install/ament_xmllint:/home/jdurs/ros2_jazzy/install/ament_pyflakes:/home/jdurs/ros2_jazzy/install/ament_pycodestyle:/home/jdurs/ros2_jazzy/install/ament_pep257:/home/jdurs/ros2_jazzy/install/ament_pclint:/home/jdurs/ros2_jazzy/install/ament_package:/home/jdurs/ros2_jazzy/install/ament_mypy:/home/jdurs/ros2_jazzy/install/ament_lint_cmake:/home/jdurs/ros2_jazzy/install/ament_flake8:/home/jdurs/ros2_jazzy/install/ament_copyright:/home/jdurs/ros2_jazzy/install/ament_lint:/home/jdurs/ros2_jazzy/install/ament_index_python:/home/jdurs/ros2_jazzy/install/ament_cpplint:/home/jdurs/ros2_jazzy/install/ament_cppcheck:/home/jdurs/ros2_jazzy/install/ament_clang_tidy:/home/jdurs/ros2_jazzy/install/ament_clang_format /usr/bin/cmake --build /home/jdurs/benchTest/build/knee_sensor_interface -- -j24 -l24
[2.688s] [  2%] Generating Rust code for ROS interfaces
[2.688s] [  5%] Generating type hashes for ROS interfaces
[2.702s] [  5%] Built target ament_cmake_python_symlink_knee_sensor_interface
[2.911s] [  5%] Built target knee_sensor_interface__rosidl_generator_type_description
[2.926s] [  8%] Generating C code for ROS interfaces
[2.937s] [  8%] Built target knee_sensor_interface__rs
[2.943s] [ 10%] Generating C++ code for ROS interfaces
[2.997s] running egg_info
[3.017s] writing knee_sensor_interface.egg-info/PKG-INFO
[3.018s] writing dependency_links to knee_sensor_interface.egg-info/dependency_links.txt
[3.018s] writing top-level names to knee_sensor_interface.egg-info/top_level.txt
[3.089s] reading manifest file 'knee_sensor_interface.egg-info/SOURCES.txt'
[3.089s] writing manifest file 'knee_sensor_interface.egg-info/SOURCES.txt'
[3.117s] [ 10%] Built target ament_cmake_python_build_knee_sensor_interface_egg
[3.190s] [ 10%] Built target knee_sensor_interface__cpp
[3.191s] [ 13%] Building C object CMakeFiles/knee_sensor_interface__rosidl_generator_c.dir/rosidl_generator_c/knee_sensor_interface/msg/detail/knee_sensor__functions.c.o
[3.191s] [ 18%] Building C object CMakeFiles/knee_sensor_interface__rosidl_generator_c.dir/rosidl_generator_c/knee_sensor_interface/msg/detail/knee_sensor__type_support.c.o
[3.191s] [ 16%] Building C object CMakeFiles/knee_sensor_interface__rosidl_generator_c.dir/rosidl_generator_c/knee_sensor_interface/msg/detail/knee_sensor__description.c.o
[3.255s] [ 21%] Linking C shared library libknee_sensor_interface__rosidl_generator_c.so
[3.348s] [ 21%] Built target knee_sensor_interface__rosidl_generator_c
[3.363s] [ 29%] Generating C++ introspection for ROS interfaces
[3.363s] [ 29%] Generating C introspection for ROS interfaces
[3.363s] [ 32%] Generating C type support for eProsima Fast-RTPS
[3.364s] [ 29%] Generating C type support dispatch for ROS interfaces
[3.364s] [ 35%] Generating C++ type support for eProsima Fast-RTPS
[3.364s] [ 37%] Generating C++ type support dispatch for ROS interfaces
[3.611s] [ 40%] Building CXX object CMakeFiles/knee_sensor_interface__rosidl_typesupport_cpp.dir/rosidl_typesupport_cpp/knee_sensor_interface/msg/knee_sensor__type_support.cpp.o
[3.614s] [ 43%] Building CXX object CMakeFiles/knee_sensor_interface__rosidl_typesupport_c.dir/rosidl_typesupport_c/knee_sensor_interface/msg/knee_sensor__type_support.cpp.o
[3.630s] [ 45%] Building C object CMakeFiles/knee_sensor_interface__rosidl_typesupport_introspection_c.dir/rosidl_typesupport_introspection_c/knee_sensor_interface/msg/detail/knee_sensor__type_support.c.o
[3.634s] [ 48%] Building CXX object CMakeFiles/knee_sensor_interface__rosidl_typesupport_introspection_cpp.dir/rosidl_typesupport_introspection_cpp/knee_sensor_interface/msg/detail/knee_sensor__type_support.cpp.o
[3.634s] [ 51%] Building CXX object CMakeFiles/knee_sensor_interface__rosidl_typesupport_fastrtps_cpp.dir/rosidl_typesupport_fastrtps_cpp/knee_sensor_interface/msg/detail/dds_fastrtps/knee_sensor__type_support.cpp.o
[3.652s] [ 54%] Building CXX object CMakeFiles/knee_sensor_interface__rosidl_typesupport_fastrtps_c.dir/rosidl_typesupport_fastrtps_c/knee_sensor_interface/msg/detail/knee_sensor__type_support_c.cpp.o
[3.670s] [ 56%] Linking CXX shared library libknee_sensor_interface__rosidl_typesupport_c.so
[3.677s] [ 59%] Linking C shared library libknee_sensor_interface__rosidl_typesupport_introspection_c.so
[3.776s] [ 59%] Built target knee_sensor_interface__rosidl_typesupport_introspection_c
[3.782s] [ 59%] Built target knee_sensor_interface__rosidl_typesupport_c
[3.857s] [ 62%] Linking CXX shared library libknee_sensor_interface__rosidl_typesupport_cpp.so
[3.873s] [ 64%] Linking CXX shared library libknee_sensor_interface__rosidl_typesupport_introspection_cpp.so
[3.960s] [ 64%] Built target knee_sensor_interface__rosidl_typesupport_cpp
[3.985s] [ 70%] Linking CXX shared library libknee_sensor_interface__rosidl_typesupport_fastrtps_c.so
[3.985s] [ 70%] Linking CXX shared library libknee_sensor_interface__rosidl_typesupport_fastrtps_cpp.so
[3.985s] [ 70%] Built target knee_sensor_interface__rosidl_typesupport_introspection_cpp
[3.996s] [ 72%] Building CXX object CMakeFiles/knee_sensor_interface_node.dir/src/knee_sensor_interface_node.cpp.o
[4.069s] [ 72%] Built target knee_sensor_interface__rosidl_typesupport_fastrtps_c
[4.069s] [ 72%] Built target knee_sensor_interface__rosidl_typesupport_fastrtps_cpp
[4.102s] [ 72%] Built target knee_sensor_interface
[4.133s] [ 75%] Generating Python code for ROS interfaces
[4.386s] [ 75%] Built target knee_sensor_interface__py
[4.416s] [ 78%] Building C object CMakeFiles/knee_sensor_interface__rosidl_generator_py.dir/rosidl_generator_py/knee_sensor_interface/msg/_knee_sensor_s.c.o
[4.570s] [ 81%] Linking C shared library libknee_sensor_interface__rosidl_generator_py.so
[4.682s] [ 81%] Built target knee_sensor_interface__rosidl_generator_py
[4.716s] [ 83%] Building C object CMakeFiles/knee_sensor_interface_s__rosidl_typesupport_c.dir/rosidl_generator_py/knee_sensor_interface/_knee_sensor_interface_s.ep.rosidl_typesupport_c.c.o
[4.716s] [ 86%] Building C object CMakeFiles/knee_sensor_interface_s__rosidl_typesupport_introspection_c.dir/rosidl_generator_py/knee_sensor_interface/_knee_sensor_interface_s.ep.rosidl_typesupport_introspection_c.c.o
[4.716s] [ 89%] Building C object CMakeFiles/knee_sensor_interface_s__rosidl_typesupport_fastrtps_c.dir/rosidl_generator_py/knee_sensor_interface/_knee_sensor_interface_s.ep.rosidl_typesupport_fastrtps_c.c.o
[4.802s] [ 91%] Linking C shared module rosidl_generator_py/knee_sensor_interface/knee_sensor_interface_s__rosidl_typesupport_c.so
[4.803s] [ 94%] Linking C shared module rosidl_generator_py/knee_sensor_interface/knee_sensor_interface_s__rosidl_typesupport_introspection_c.so
[4.807s] [ 97%] Linking C shared module rosidl_generator_py/knee_sensor_interface/knee_sensor_interface_s__rosidl_typesupport_fastrtps_c.so
[4.891s] [ 97%] Built target knee_sensor_interface_s__rosidl_typesupport_fastrtps_c
[4.892s] [ 97%] Built target knee_sensor_interface_s__rosidl_typesupport_c
[4.892s] [ 97%] Built target knee_sensor_interface_s__rosidl_typesupport_introspection_c
[6.931s] [100%] Linking CXX executable knee_sensor_interface_node
[7.348s] [100%] Built target knee_sensor_interface_node
[7.364s] Invoked command in '/home/jdurs/benchTest/build/knee_sensor_interface' returned '0': CMAKE_PREFIX_PATH=${CMAKE_PREFIX_PATH}:/home/jdurs/ros2_jazzy/install/rqt_bag_plugins:/home/jdurs/ros2_jazzy/install/launch_testing_examples:/home/jdurs/ros2_jazzy/install/ros2bag:/home/jdurs/ros2_jazzy/install/rqt_bag:/home/jdurs/ros2_jazzy/install/rosbag2_examples_py:/home/jdurs/ros2_jazzy/install/tracetools_test:/home/jdurs/ros2_jazzy/install/tracetools_launch:/home/jdurs/ros2_jazzy/install/topic_monitor:/home/jdurs/ros2_jazzy/install/tf2_tools:/home/jdurs/ros2_jazzy/install/examples_tf2_py:/home/jdurs/ros2_jazzy/install/tf2_ros_py:/home/jdurs/ros2_jazzy/install/examples_rclpy_pointcloud_publisher:/home/jdurs/ros2_jazzy/install/sensor_msgs_py:/home/jdurs/ros2_jazzy/install/quality_of_service_demo_py:/home/jdurs/ros2_jazzy/install/camera_info_manager_py:/home/jdurs/ros2_jazzy/install/rqt_plot:/home/jdurs/ros2_jazzy/install/ros2doctor:/home/jdurs/ros2_jazzy/install/lifecycle_py:/home/jdurs/ros2_jazzy/install/examples_rclpy_minimal_subscriber:/home/jdurs/ros2_jazzy/install/examples_rclpy_minimal_service:/home/jdurs/ros2_jazzy/install/examples_rclpy_minimal_publisher:/home/jdurs/ros2_jazzy/install/examples_rclpy_minimal_client:/home/jdurs/ros2_jazzy/install/examples_rclpy_executors:/home/jdurs/ros2_jazzy/install/demo_nodes_py:/home/jdurs/ros2_jazzy/install/rqt:/home/jdurs/ros2_jazzy/install/ros2component:/home/jdurs/ros2_jazzy/install/sros2:/home/jdurs/ros2_jazzy/install/rqt_topic:/home/jdurs/ros2_jazzy/install/rqt_srv:/home/jdurs/ros2_jazzy/install/rqt_shell:/home/jdurs/ros2_jazzy/install/rqt_service_caller:/home/jdurs/ros2_jazzy/install/rqt_reconfigure:/home/jdurs/ros2_jazzy/install/rqt_py_console:/home/jdurs/ros2_jazzy/install/rqt_publisher:/home/jdurs/ros2_jazzy/install/rqt_action:/home/jdurs/ros2_jazzy/install/rqt_msg:/home/jdurs/ros2_jazzy/install/rqt_console:/home/jdurs/ros2_jazzy/install/rqt_graph:/home/jdurs/ros2_jazzy/install/rqt_gui_py:/home/jdurs/ros2_jazzy/install/rqt_gui:/home/jdurs/ros2_jazzy/install/ros2trace:/home/jdurs/ros2_jazzy/install/ros2param:/home/jdurs/ros2_jazzy/install/ros2lifecycle:/home/jdurs/ros2_jazzy/install/ros2service:/home/jdurs/ros2_jazzy/install/ros2topic:/home/jdurs/ros2_jazzy/install/ros2test:/home/jdurs/ros2_jazzy/install/ros2run:/home/jdurs/ros2_jazzy/install/ros2plugin:/home/jdurs/ros2_jazzy/install/ros2launch:/home/jdurs/ros2_jazzy/install/ros2pkg:/home/jdurs/ros2_jazzy/install/ros2node:/home/jdurs/ros2_jazzy/install/ros2multicast:/home/jdurs/ros2_jazzy/install/ros2interface:/home/jdurs/ros2_jazzy/install/ros2action:/home/jdurs/ros2_jazzy/install/ros2cli:/home/jdurs/ros2_jazzy/install/launch_testing_ros:/home/jdurs/ros2_jazzy/install/launch_ros:/home/jdurs/ros2_jazzy/install/examples_rclpy_minimal_action_server:/home/jdurs/ros2_jazzy/install/examples_rclpy_minimal_action_client:/home/jdurs/ros2_jazzy/install/examples_rclpy_guard_conditions:/home/jdurs/ros2_jazzy/install/action_tutorials_py:/home/jdurs/ros2_jazzy/install/ament_uncrustify:/home/jdurs/ros2_jazzy/install/tracetools_trace:/home/jdurs/ros2_jazzy/install/tracetools_read:/home/jdurs/ros2_jazzy/install/test_tracetools_launch:/home/jdurs/ros2_jazzy/install/test_ros2trace:/home/jdurs/ros2_jazzy/install/test_launch_ros:/home/jdurs/ros2_jazzy/install/rpyutils:/home/jdurs/ros2_jazzy/install/rosidl_runtime_py:/home/jdurs/ros2_jazzy/install/rosidl_pycommon:/home/jdurs/ros2_jazzy/install/rosidl_cli:/home/jdurs/ros2_jazzy/install/launch_pytest:/home/jdurs/ros2_jazzy/install/launch_testing:/home/jdurs/ros2_jazzy/install/launch_yaml:/home/jdurs/ros2_jazzy/install/launch_xml:/home/jdurs/ros2_jazzy/install/launch:/home/jdurs/ros2_jazzy/install/osrf_pycommon:/home/jdurs/ros2_jazzy/install/domain_coordinator:/home/jdurs/ros2_jazzy/install/ament_xmllint:/home/jdurs/ros2_jazzy/install/ament_pyflakes:/home/jdurs/ros2_jazzy/install/ament_pycodestyle:/home/jdurs/ros2_jazzy/install/ament_pep257:/home/jdurs/ros2_jazzy/install/ament_pclint:/home/jdurs/ros2_jazzy/install/ament_package:/home/jdurs/ros2_jazzy/install/ament_mypy:/home/jdurs/ros2_jazzy/install/ament_lint_cmake:/home/jdurs/ros2_jazzy/install/ament_flake8:/home/jdurs/ros2_jazzy/install/ament_copyright:/home/jdurs/ros2_jazzy/install/ament_lint:/home/jdurs/ros2_jazzy/install/ament_index_python:/home/jdurs/ros2_jazzy/install/ament_cpplint:/home/jdurs/ros2_jazzy/install/ament_cppcheck:/home/jdurs/ros2_jazzy/install/ament_clang_tidy:/home/jdurs/ros2_jazzy/install/ament_clang_format /usr/bin/cmake --build /home/jdurs/benchTest/build/knee_sensor_interface -- -j24 -l24
[7.378s] Invoking command in '/home/jdurs/benchTest/build/knee_sensor_interface': CMAKE_PREFIX_PATH=${CMAKE_PREFIX_PATH}:/home/jdurs/ros2_jazzy/install/rqt_bag_plugins:/home/jdurs/ros2_jazzy/install/launch_testing_examples:/home/jdurs/ros2_jazzy/install/ros2bag:/home/jdurs/ros2_jazzy/install/rqt_bag:/home/jdurs/ros2_jazzy/install/rosbag2_examples_py:/home/jdurs/ros2_jazzy/install/tracetools_test:/home/jdurs/ros2_jazzy/install/tracetools_launch:/home/jdurs/ros2_jazzy/install/topic_monitor:/home/jdurs/ros2_jazzy/install/tf2_tools:/home/jdurs/ros2_jazzy/install/examples_tf2_py:/home/jdurs/ros2_jazzy/install/tf2_ros_py:/home/jdurs/ros2_jazzy/install/examples_rclpy_pointcloud_publisher:/home/jdurs/ros2_jazzy/install/sensor_msgs_py:/home/jdurs/ros2_jazzy/install/quality_of_service_demo_py:/home/jdurs/ros2_jazzy/install/camera_info_manager_py:/home/jdurs/ros2_jazzy/install/rqt_plot:/home/jdurs/ros2_jazzy/install/ros2doctor:/home/jdurs/ros2_jazzy/install/lifecycle_py:/home/jdurs/ros2_jazzy/install/examples_rclpy_minimal_subscriber:/home/jdurs/ros2_jazzy/install/examples_rclpy_minimal_service:/home/jdurs/ros2_jazzy/install/examples_rclpy_minimal_publisher:/home/jdurs/ros2_jazzy/install/examples_rclpy_minimal_client:/home/jdurs/ros2_jazzy/install/examples_rclpy_executors:/home/jdurs/ros2_jazzy/install/demo_nodes_py:/home/jdurs/ros2_jazzy/install/rqt:/home/jdurs/ros2_jazzy/install/ros2component:/home/jdurs/ros2_jazzy/install/sros2:/home/jdurs/ros2_jazzy/install/rqt_topic:/home/jdurs/ros2_jazzy/install/rqt_srv:/home/jdurs/ros2_jazzy/install/rqt_shell:/home/jdurs/ros2_jazzy/install/rqt_service_caller:/home/jdurs/ros2_jazzy/install/rqt_reconfigure:/home/jdurs/ros2_jazzy/install/rqt_py_console:/home/jdurs/ros2_jazzy/install/rqt_publisher:/home/jdurs/ros2_jazzy/install/rqt_action:/home/jdurs/ros2_jazzy/install/rqt_msg:/home/jdurs/ros2_jazzy/install/rqt_console:/home/jdurs/ros2_jazzy/install/rqt_graph:/home/jdurs/ros2_jazzy/install/rqt_gui_py:/home/jdurs/ros2_jazzy/install/rqt_gui:/home/jdurs/ros2_jazzy/install/ros2trace:/home/jdurs/ros2_jazzy/install/ros2param:/home/jdurs/ros2_jazzy/install/ros2lifecycle:/home/jdurs/ros2_jazzy/install/ros2service:/home/jdurs/ros2_jazzy/install/ros2topic:/home/jdurs/ros2_jazzy/install/ros2test:/home/jdurs/ros2_jazzy/install/ros2run:/home/jdurs/ros2_jazzy/install/ros2plugin:/home/jdurs/ros2_jazzy/install/ros2launch:/home/jdurs/ros2_jazzy/install/ros2pkg:/home/jdurs/ros2_jazzy/install/ros2node:/home/jdurs/ros2_jazzy/install/ros2multicast:/home/jdurs/ros2_jazzy/install/ros2interface:/home/jdurs/ros2_jazzy/install/ros2action:/home/jdurs/ros2_jazzy/install/ros2cli:/home/jdurs/ros2_jazzy/install/launch_testing_ros:/home/jdurs/ros2_jazzy/install/launch_ros:/home/jdurs/ros2_jazzy/install/examples_rclpy_minimal_action_server:/home/jdurs/ros2_jazzy/install/examples_rclpy_minimal_action_client:/home/jdurs/ros2_jazzy/install/examples_rclpy_guard_conditions:/home/jdurs/ros2_jazzy/install/action_tutorials_py:/home/jdurs/ros2_jazzy/install/ament_uncrustify:/home/jdurs/ros2_jazzy/install/tracetools_trace:/home/jdurs/ros2_jazzy/install/tracetools_read:/home/jdurs/ros2_jazzy/install/test_tracetools_launch:/home/jdurs/ros2_jazzy/install/test_ros2trace:/home/jdurs/ros2_jazzy/install/test_launch_ros:/home/jdurs/ros2_jazzy/install/rpyutils:/home/jdurs/ros2_jazzy/install/rosidl_runtime_py:/home/jdurs/ros2_jazzy/install/rosidl_pycommon:/home/jdurs/ros2_jazzy/install/rosidl_cli:/home/jdurs/ros2_jazzy/install/launch_pytest:/home/jdurs/ros2_jazzy/install/launch_testing:/home/jdurs/ros2_jazzy/install/launch_yaml:/home/jdurs/ros2_jazzy/install/launch_xml:/home/jdurs/ros2_jazzy/install/launch:/home/jdurs/ros2_jazzy/install/osrf_pycommon:/home/jdurs/ros2_jazzy/install/domain_coordinator:/home/jdurs/ros2_jazzy/install/ament_xmllint:/home/jdurs/ros2_jazzy/install/ament_pyflakes:/home/jdurs/ros2_jazzy/install/ament_pycodestyle:/home/jdurs/ros2_jazzy/install/ament_pep257:/home/jdurs/ros2_jazzy/install/ament_pclint:/home/jdurs/ros2_jazzy/install/ament_package:/home/jdurs/ros2_jazzy/install/ament_mypy:/home/jdurs/ros2_jazzy/install/ament_lint_cmake:/home/jdurs/ros2_jazzy/install/ament_flake8:/home/jdurs/ros2_jazzy/install/ament_copyright:/home/jdurs/ros2_jazzy/install/ament_lint:/home/jdurs/ros2_jazzy/install/ament_index_python:/home/jdurs/ros2_jazzy/install/ament_cpplint:/home/jdurs/ros2_jazzy/install/ament_cppcheck:/home/jdurs/ros2_jazzy/install/ament_clang_tidy:/home/jdurs/ros2_jazzy/install/ament_clang_format /usr/bin/cmake --install /home/jdurs/benchTest/build/knee_sensor_interface
[7.391s] -- Install configuration: ""
[7.391s] -- Execute custom install script
[7.391s] -- Up-to-date symlink: /home/jdurs/benchTest/install/knee_sensor_interface/share/ament_index/resource_index/rosidl_interfaces/knee_sensor_interface
[7.391s] -- Up-to-date symlink: /home/jdurs/benchTest/install/knee_sensor_interface/share/knee_sensor_interface/msg/KneeSensor.json
[7.392s] -- Up-to-date symlink: /home/jdurs/benchTest/install/knee_sensor_interface/include/knee_sensor_interface/knee_sensor_interface/msg/detail/knee_sensor__functions.h
[7.393s] -- Up-to-date symlink: /home/jdurs/benchTest/install/knee_sensor_interface/include/knee_sensor_interface/knee_sensor_interface/msg/detail/knee_sensor__struct.h
[7.393s] -- Up-to-date symlink: /home/jdurs/benchTest/install/knee_sensor_interface/include/knee_sensor_interface/knee_sensor_interface/msg/detail/knee_sensor__type_support.h
[7.393s] -- Up-to-date symlink: /home/jdurs/benchTest/install/knee_sensor_interface/include/knee_sensor_interface/knee_sensor_interface/msg/knee_sensor.h
[7.393s] -- Up-to-date symlink: /home/jdurs/benchTest/install/knee_sensor_interface/include/knee_sensor_interface/knee_sensor_interface/msg/rosidl_generator_c__visibility_control.h
[7.393s] -- Up-to-date symlink: /home/jdurs/benchTest/install/knee_sensor_interface/share/knee_sensor_interface/environment/library_path.sh
[7.393s] -- Up-to-date symlink: /home/jdurs/benchTest/install/knee_sensor_interface/share/knee_sensor_interface/environment/library_path.dsv
[7.393s] -- Up-to-date symlink: /home/jdurs/benchTest/install/knee_sensor_interface/include/knee_sensor_interface/knee_sensor_interface/msg/detail/knee_sensor__rosidl_typesupport_introspection_c.h
[7.393s] -- Up-to-date symlink: /home/jdurs/benchTest/install/knee_sensor_interface/include/knee_sensor_interface/knee_sensor_interface/msg/rosidl_typesupport_introspection_c__visibility_control.h
[7.393s] -- Up-to-date symlink: /home/jdurs/benchTest/install/knee_sensor_interface/include/knee_sensor_interface/knee_sensor_interface/msg/detail/knee_sensor__rosidl_typesupport_fastrtps_c.h
[7.393s] -- Up-to-date symlink: /home/jdurs/benchTest/install/knee_sensor_interface/include/knee_sensor_interface/knee_sensor_interface/msg/rosidl_typesupport_fastrtps_c__visibility_control.h
[7.393s] -- Up-to-date symlink: /home/jdurs/benchTest/install/knee_sensor_interface/include/knee_sensor_interface/knee_sensor_interface/msg/detail/knee_sensor__builder.hpp
[7.393s] -- Up-to-date symlink: /home/jdurs/benchTest/install/knee_sensor_interface/include/knee_sensor_interface/knee_sensor_interface/msg/detail/knee_sensor__struct.hpp
[7.393s] -- Up-to-date symlink: /home/jdurs/benchTest/install/knee_sensor_interface/include/knee_sensor_interface/knee_sensor_interface/msg/detail/knee_sensor__traits.hpp
[7.393s] -- Up-to-date symlink: /home/jdurs/benchTest/install/knee_sensor_interface/include/knee_sensor_interface/knee_sensor_interface/msg/detail/knee_sensor__type_support.hpp
[7.394s] -- Up-to-date symlink: /home/jdurs/benchTest/install/knee_sensor_interface/include/knee_sensor_interface/knee_sensor_interface/msg/knee_sensor.hpp
[7.394s] -- Up-to-date symlink: /home/jdurs/benchTest/install/knee_sensor_interface/include/knee_sensor_interface/knee_sensor_interface/msg/rosidl_generator_cpp__visibility_control.hpp
[7.394s] -- Up-to-date symlink: /home/jdurs/benchTest/install/knee_sensor_interface/include/knee_sensor_interface/knee_sensor_interface/msg/detail/knee_sensor__rosidl_typesupport_introspection_cpp.hpp
[7.394s] -- Up-to-date symlink: /home/jdurs/benchTest/install/knee_sensor_interface/include/knee_sensor_interface/knee_sensor_interface/msg/detail/knee_sensor__rosidl_typesupport_fastrtps_cpp.hpp
[7.394s] -- Up-to-date symlink: /home/jdurs/benchTest/install/knee_sensor_interface/include/knee_sensor_interface/knee_sensor_interface/msg/rosidl_typesupport_fastrtps_cpp__visibility_control.h
[7.394s] -- Up-to-date symlink: /home/jdurs/benchTest/install/knee_sensor_interface/share/knee_sensor_interface/environment/pythonpath.sh
[7.394s] -- Up-to-date symlink: /home/jdurs/benchTest/install/knee_sensor_interface/share/knee_sensor_interface/environment/pythonpath.dsv
[7.394s] -- Up-to-date symlink: /home/jdurs/benchTest/install/knee_sensor_interface/lib/python3.12/site-packages/knee_sensor_interface-0.0.0-py3.12.egg-info/PKG-INFO
[7.394s] -- Up-to-date symlink: /home/jdurs/benchTest/install/knee_sensor_interface/lib/python3.12/site-packages/knee_sensor_interface-0.0.0-py3.12.egg-info/SOURCES.txt
[7.394s] -- Up-to-date symlink: /home/jdurs/benchTest/install/knee_sensor_interface/lib/python3.12/site-packages/knee_sensor_interface-0.0.0-py3.12.egg-info/dependency_links.txt
[7.394s] -- Up-to-date symlink: /home/jdurs/benchTest/install/knee_sensor_interface/lib/python3.12/site-packages/knee_sensor_interface-0.0.0-py3.12.egg-info/top_level.txt
[7.394s] -- Up-to-date symlink: /home/jdurs/benchTest/install/knee_sensor_interface/lib/python3.12/site-packages/knee_sensor_interface/__init__.py
[7.395s] -- Up-to-date symlink: /home/jdurs/benchTest/install/knee_sensor_interface/lib/python3.12/site-packages/knee_sensor_interface/_knee_sensor_interface_s.ep.rosidl_typesupport_c.c
[7.395s] -- Up-to-date symlink: /home/jdurs/benchTest/install/knee_sensor_interface/lib/python3.12/site-packages/knee_sensor_interface/_knee_sensor_interface_s.ep.rosidl_typesupport_fastrtps_c.c
[7.395s] -- Up-to-date symlink: /home/jdurs/benchTest/install/knee_sensor_interface/lib/python3.12/site-packages/knee_sensor_interface/_knee_sensor_interface_s.ep.rosidl_typesupport_introspection_c.c
[7.395s] -- Up-to-date symlink: /home/jdurs/benchTest/install/knee_sensor_interface/lib/python3.12/site-packages/knee_sensor_interface/knee_sensor_interface_s__rosidl_typesupport_c.so
[7.395s] -- Up-to-date symlink: /home/jdurs/benchTest/install/knee_sensor_interface/lib/python3.12/site-packages/knee_sensor_interface/knee_sensor_interface_s__rosidl_typesupport_fastrtps_c.so
[7.395s] -- Up-to-date symlink: /home/jdurs/benchTest/install/knee_sensor_interface/lib/python3.12/site-packages/knee_sensor_interface/knee_sensor_interface_s__rosidl_typesupport_introspection_c.so
[7.395s] -- Up-to-date symlink: /home/jdurs/benchTest/install/knee_sensor_interface/lib/python3.12/site-packages/knee_sensor_interface/msg/__init__.py
[7.395s] -- Up-to-date symlink: /home/jdurs/benchTest/install/knee_sensor_interface/lib/python3.12/site-packages/knee_sensor_interface/msg/_knee_sensor.py
[7.395s] -- Up-to-date symlink: /home/jdurs/benchTest/install/knee_sensor_interface/lib/python3.12/site-packages/knee_sensor_interface/msg/_knee_sensor_s.c
[7.395s] -- Up-to-date symlink: /home/jdurs/benchTest/install/knee_sensor_interface/lib/python3.12/site-packages/knee_sensor_interface/knee_sensor_interface_s__rosidl_typesupport_introspection_c.so
[7.396s] -- Up-to-date symlink: /home/jdurs/benchTest/install/knee_sensor_interface/lib/python3.12/site-packages/knee_sensor_interface/knee_sensor_interface_s__rosidl_typesupport_fastrtps_c.so
[7.396s] -- Up-to-date symlink: /home/jdurs/benchTest/install/knee_sensor_interface/lib/python3.12/site-packages/knee_sensor_interface/knee_sensor_interface_s__rosidl_typesupport_c.so
[7.396s] -- Up-to-date symlink: /home/jdurs/benchTest/install/knee_sensor_interface/share/ament_index/resource_index/rust_packages/knee_sensor_interface
[7.396s] -- Up-to-date symlink: /home/jdurs/benchTest/install/knee_sensor_interface/share/knee_sensor_interface/rust/Cargo.toml
[7.396s] -- Up-to-date symlink: /home/jdurs/benchTest/install/knee_sensor_interface/share/knee_sensor_interface/rust/build.rs
[7.396s] -- Up-to-date symlink: /home/jdurs/benchTest/install/knee_sensor_interface/share/knee_sensor_interface/rust/src/lib.rs
[7.396s] -- Up-to-date symlink: /home/jdurs/benchTest/install/knee_sensor_interface/share/knee_sensor_interface/rust/src/msg.rs
[7.396s] -- Up-to-date symlink: /home/jdurs/benchTest/install/knee_sensor_interface/share/knee_sensor_interface/rust/src/msg/rmw.rs
[7.396s] -- Up-to-date symlink: /home/jdurs/benchTest/install/knee_sensor_interface/share/knee_sensor_interface/msg/KneeSensor.idl
[7.396s] -- Up-to-date symlink: /home/jdurs/benchTest/install/knee_sensor_interface/share/knee_sensor_interface/msg/KneeSensor.msg
[7.396s] -- Symlinking: /home/jdurs/benchTest/install/knee_sensor_interface/lib/knee_sensor_interface/knee_sensor_interface_node
[7.411s] -- Up-to-date symlink: /home/jdurs/benchTest/install/knee_sensor_interface/share/ament_index/resource_index/package_run_dependencies/knee_sensor_interface
[7.411s] -- Up-to-date symlink: /home/jdurs/benchTest/install/knee_sensor_interface/share/ament_index/resource_index/parent_prefix_path/knee_sensor_interface
[7.412s] -- Up-to-date symlink: /home/jdurs/benchTest/install/knee_sensor_interface/share/knee_sensor_interface/environment/ament_prefix_path.sh
[7.412s] -- Up-to-date symlink: /home/jdurs/benchTest/install/knee_sensor_interface/share/knee_sensor_interface/environment/ament_prefix_path.dsv
[7.412s] -- Up-to-date symlink: /home/jdurs/benchTest/install/knee_sensor_interface/share/knee_sensor_interface/environment/path.sh
[7.412s] -- Up-to-date symlink: /home/jdurs/benchTest/install/knee_sensor_interface/share/knee_sensor_interface/environment/path.dsv
[7.412s] -- Up-to-date symlink: /home/jdurs/benchTest/install/knee_sensor_interface/share/knee_sensor_interface/local_setup.bash
[7.412s] -- Up-to-date symlink: /home/jdurs/benchTest/install/knee_sensor_interface/share/knee_sensor_interface/local_setup.sh
[7.412s] -- Up-to-date symlink: /home/jdurs/benchTest/install/knee_sensor_interface/share/knee_sensor_interface/local_setup.zsh
[7.412s] -- Up-to-date symlink: /home/jdurs/benchTest/install/knee_sensor_interface/share/knee_sensor_interface/local_setup.dsv
[7.412s] -- Symlinking: /home/jdurs/benchTest/install/knee_sensor_interface/share/knee_sensor_interface/package.dsv
[7.429s] -- Up-to-date symlink: /home/jdurs/benchTest/install/knee_sensor_interface/share/ament_index/resource_index/packages/knee_sensor_interface
[7.429s] -- Up-to-date symlink: /home/jdurs/benchTest/install/knee_sensor_interface/share/knee_sensor_interface/cmake/rosidl_cmake-extras.cmake
[7.429s] -- Up-to-date symlink: /home/jdurs/benchTest/install/knee_sensor_interface/share/knee_sensor_interface/cmake/ament_cmake_export_dependencies-extras.cmake
[7.429s] -- Up-to-date symlink: /home/jdurs/benchTest/install/knee_sensor_interface/share/knee_sensor_interface/cmake/ament_cmake_export_include_directories-extras.cmake
[7.429s] -- Up-to-date symlink: /home/jdurs/benchTest/install/knee_sensor_interface/share/knee_sensor_interface/cmake/ament_cmake_export_libraries-extras.cmake
[7.429s] -- Up-to-date symlink: /home/jdurs/benchTest/install/knee_sensor_interface/share/knee_sensor_interface/cmake/ament_cmake_export_targets-extras.cmake
[7.429s] -- Up-to-date symlink: /home/jdurs/benchTest/install/knee_sensor_interface/share/knee_sensor_interface/cmake/rosidl_cmake_export_typesupport_targets-extras.cmake
[7.429s] -- Up-to-date symlink: /home/jdurs/benchTest/install/knee_sensor_interface/share/knee_sensor_interface/cmake/rosidl_cmake_export_typesupport_libraries-extras.cmake
[7.429s] -- Up-to-date symlink: /home/jdurs/benchTest/install/knee_sensor_interface/share/knee_sensor_interface/cmake/rosidl_cmake_aggregate_target-extras.cmake
[7.429s] -- Up-to-date symlink: /home/jdurs/benchTest/install/knee_sensor_interface/share/knee_sensor_interface/cmake/knee_sensor_interfaceConfig.cmake
[7.429s] -- Up-to-date symlink: /home/jdurs/benchTest/install/knee_sensor_interface/share/knee_sensor_interface/cmake/knee_sensor_interfaceConfig-version.cmake
[7.430s] -- Up-to-date symlink: /home/jdurs/benchTest/install/knee_sensor_interface/share/knee_sensor_interface/package.xml
[7.430s] -- Installing: /home/jdurs/benchTest/install/knee_sensor_interface/lib/libknee_sensor_interface__rosidl_generator_c.so
[7.430s] -- Set non-toolchain portion of runtime path of "/home/jdurs/benchTest/install/knee_sensor_interface/lib/libknee_sensor_interface__rosidl_generator_c.so" to ""
[7.430s] -- Installing: /home/jdurs/benchTest/install/knee_sensor_interface/lib/libknee_sensor_interface__rosidl_typesupport_introspection_c.so
[7.430s] -- Set non-toolchain portion of runtime path of "/home/jdurs/benchTest/install/knee_sensor_interface/lib/libknee_sensor_interface__rosidl_typesupport_introspection_c.so" to ""
[7.430s] -- Installing: /home/jdurs/benchTest/install/knee_sensor_interface/lib/libknee_sensor_interface__rosidl_typesupport_fastrtps_c.so
[7.431s] -- Set non-toolchain portion of runtime path of "/home/jdurs/benchTest/install/knee_sensor_interface/lib/libknee_sensor_interface__rosidl_typesupport_fastrtps_c.so" to ""
[7.431s] -- Installing: /home/jdurs/benchTest/install/knee_sensor_interface/lib/libknee_sensor_interface__rosidl_typesupport_c.so
[7.431s] -- Set non-toolchain portion of runtime path of "/home/jdurs/benchTest/install/knee_sensor_interface/lib/libknee_sensor_interface__rosidl_typesupport_c.so" to ""
[7.432s] -- Installing: /home/jdurs/benchTest/install/knee_sensor_interface/lib/libknee_sensor_interface__rosidl_typesupport_introspection_cpp.so
[7.432s] -- Set non-toolchain portion of runtime path of "/home/jdurs/benchTest/install/knee_sensor_interface/lib/libknee_sensor_interface__rosidl_typesupport_introspection_cpp.so" to ""
[7.433s] -- Installing: /home/jdurs/benchTest/install/knee_sensor_interface/lib/libknee_sensor_interface__rosidl_typesupport_fastrtps_cpp.so
[7.433s] -- Set non-toolchain portion of runtime path of "/home/jdurs/benchTest/install/knee_sensor_interface/lib/libknee_sensor_interface__rosidl_typesupport_fastrtps_cpp.so" to ""
[7.433s] -- Installing: /home/jdurs/benchTest/install/knee_sensor_interface/lib/libknee_sensor_interface__rosidl_typesupport_cpp.so
[7.433s] -- Set non-toolchain portion of runtime path of "/home/jdurs/benchTest/install/knee_sensor_interface/lib/libknee_sensor_interface__rosidl_typesupport_cpp.so" to ""
[7.506s] Listing '/home/jdurs/benchTest/install/knee_sensor_interface/lib/python3.12/site-packages/knee_sensor_interface'...
[7.506s] Compiling '/home/jdurs/benchTest/install/knee_sensor_interface/lib/python3.12/site-packages/knee_sensor_interface/__init__.py'...
[7.506s] Listing '/home/jdurs/benchTest/install/knee_sensor_interface/lib/python3.12/site-packages/knee_sensor_interface/msg'...
[7.506s] Compiling '/home/jdurs/benchTest/install/knee_sensor_interface/lib/python3.12/site-packages/knee_sensor_interface/msg/__init__.py'...
[7.506s] Compiling '/home/jdurs/benchTest/install/knee_sensor_interface/lib/python3.12/site-packages/knee_sensor_interface/msg/_knee_sensor.py'...
[7.510s] -- Installing: /home/jdurs/benchTest/install/knee_sensor_interface/lib/libknee_sensor_interface__rosidl_generator_py.so
[7.510s] -- Set non-toolchain portion of runtime path of "/home/jdurs/benchTest/install/knee_sensor_interface/lib/libknee_sensor_interface__rosidl_generator_py.so" to ""
[7.510s] -- Up-to-date: /home/jdurs/benchTest/install/knee_sensor_interface/share/knee_sensor_interface/cmake/export_knee_sensor_interface__rosidl_generator_cExport.cmake
[7.510s] -- Up-to-date: /home/jdurs/benchTest/install/knee_sensor_interface/share/knee_sensor_interface/cmake/export_knee_sensor_interface__rosidl_generator_cExport-noconfig.cmake
[7.511s] -- Up-to-date: /home/jdurs/benchTest/install/knee_sensor_interface/share/knee_sensor_interface/cmake/knee_sensor_interface__rosidl_typesupport_introspection_cExport.cmake
[7.511s] -- Up-to-date: /home/jdurs/benchTest/install/knee_sensor_interface/share/knee_sensor_interface/cmake/knee_sensor_interface__rosidl_typesupport_introspection_cExport-noconfig.cmake
[7.511s] -- Up-to-date: /home/jdurs/benchTest/install/knee_sensor_interface/share/knee_sensor_interface/cmake/export_knee_sensor_interface__rosidl_typesupport_fastrtps_cExport.cmake
[7.511s] -- Up-to-date: /home/jdurs/benchTest/install/knee_sensor_interface/share/knee_sensor_interface/cmake/export_knee_sensor_interface__rosidl_typesupport_fastrtps_cExport-noconfig.cmake
[7.511s] -- Up-to-date: /home/jdurs/benchTest/install/knee_sensor_interface/share/knee_sensor_interface/cmake/knee_sensor_interface__rosidl_typesupport_cExport.cmake
[7.511s] -- Up-to-date: /home/jdurs/benchTest/install/knee_sensor_interface/share/knee_sensor_interface/cmake/knee_sensor_interface__rosidl_typesupport_cExport-noconfig.cmake
[7.511s] -- Up-to-date: /home/jdurs/benchTest/install/knee_sensor_interface/share/knee_sensor_interface/cmake/export_knee_sensor_interface__rosidl_generator_cppExport.cmake
[7.511s] -- Up-to-date: /home/jdurs/benchTest/install/knee_sensor_interface/share/knee_sensor_interface/cmake/knee_sensor_interface__rosidl_typesupport_introspection_cppExport.cmake
[7.511s] -- Up-to-date: /home/jdurs/benchTest/install/knee_sensor_interface/share/knee_sensor_interface/cmake/knee_sensor_interface__rosidl_typesupport_introspection_cppExport-noconfig.cmake
[7.511s] -- Up-to-date: /home/jdurs/benchTest/install/knee_sensor_interface/share/knee_sensor_interface/cmake/export_knee_sensor_interface__rosidl_typesupport_fastrtps_cppExport.cmake
[7.511s] -- Up-to-date: /home/jdurs/benchTest/install/knee_sensor_interface/share/knee_sensor_interface/cmake/export_knee_sensor_interface__rosidl_typesupport_fastrtps_cppExport-noconfig.cmake
[7.511s] -- Up-to-date: /home/jdurs/benchTest/install/knee_sensor_interface/share/knee_sensor_interface/cmake/knee_sensor_interface__rosidl_typesupport_cppExport.cmake
[7.511s] -- Up-to-date: /home/jdurs/benchTest/install/knee_sensor_interface/share/knee_sensor_interface/cmake/knee_sensor_interface__rosidl_typesupport_cppExport-noconfig.cmake
[7.511s] -- Up-to-date: /home/jdurs/benchTest/install/knee_sensor_interface/share/knee_sensor_interface/cmake/export_knee_sensor_interface__rosidl_generator_pyExport.cmake
[7.511s] -- Up-to-date: /home/jdurs/benchTest/install/knee_sensor_interface/share/knee_sensor_interface/cmake/export_knee_sensor_interface__rosidl_generator_pyExport-noconfig.cmake
[7.512s] Invoked command in '/home/jdurs/benchTest/build/knee_sensor_interface' returned '0': CMAKE_PREFIX_PATH=${CMAKE_PREFIX_PATH}:/home/jdurs/ros2_jazzy/install/rqt_bag_plugins:/home/jdurs/ros2_jazzy/install/launch_testing_examples:/home/jdurs/ros2_jazzy/install/ros2bag:/home/jdurs/ros2_jazzy/install/rqt_bag:/home/jdurs/ros2_jazzy/install/rosbag2_examples_py:/home/jdurs/ros2_jazzy/install/tracetools_test:/home/jdurs/ros2_jazzy/install/tracetools_launch:/home/jdurs/ros2_jazzy/install/topic_monitor:/home/jdurs/ros2_jazzy/install/tf2_tools:/home/jdurs/ros2_jazzy/install/examples_tf2_py:/home/jdurs/ros2_jazzy/install/tf2_ros_py:/home/jdurs/ros2_jazzy/install/examples_rclpy_pointcloud_publisher:/home/jdurs/ros2_jazzy/install/sensor_msgs_py:/home/jdurs/ros2_jazzy/install/quality_of_service_demo_py:/home/jdurs/ros2_jazzy/install/camera_info_manager_py:/home/jdurs/ros2_jazzy/install/rqt_plot:/home/jdurs/ros2_jazzy/install/ros2doctor:/home/jdurs/ros2_jazzy/install/lifecycle_py:/home/jdurs/ros2_jazzy/install/examples_rclpy_minimal_subscriber:/home/jdurs/ros2_jazzy/install/examples_rclpy_minimal_service:/home/jdurs/ros2_jazzy/install/examples_rclpy_minimal_publisher:/home/jdurs/ros2_jazzy/install/examples_rclpy_minimal_client:/home/jdurs/ros2_jazzy/install/examples_rclpy_executors:/home/jdurs/ros2_jazzy/install/demo_nodes_py:/home/jdurs/ros2_jazzy/install/rqt:/home/jdurs/ros2_jazzy/install/ros2component:/home/jdurs/ros2_jazzy/install/sros2:/home/jdurs/ros2_jazzy/install/rqt_topic:/home/jdurs/ros2_jazzy/install/rqt_srv:/home/jdurs/ros2_jazzy/install/rqt_shell:/home/jdurs/ros2_jazzy/install/rqt_service_caller:/home/jdurs/ros2_jazzy/install/rqt_reconfigure:/home/jdurs/ros2_jazzy/install/rqt_py_console:/home/jdurs/ros2_jazzy/install/rqt_publisher:/home/jdurs/ros2_jazzy/install/rqt_action:/home/jdurs/ros2_jazzy/install/rqt_msg:/home/jdurs/ros2_jazzy/install/rqt_console:/home/jdurs/ros2_jazzy/install/rqt_graph:/home/jdurs/ros2_jazzy/install/rqt_gui_py:/home/jdurs/ros2_jazzy/install/rqt_gui:/home/jdurs/ros2_jazzy/install/ros2trace:/home/jdurs/ros2_jazzy/install/ros2param:/home/jdurs/ros2_jazzy/install/ros2lifecycle:/home/jdurs/ros2_jazzy/install/ros2service:/home/jdurs/ros2_jazzy/install/ros2topic:/home/jdurs/ros2_jazzy/install/ros2test:/home/jdurs/ros2_jazzy/install/ros2run:/home/jdurs/ros2_jazzy/install/ros2plugin:/home/jdurs/ros2_jazzy/install/ros2launch:/home/jdurs/ros2_jazzy/install/ros2pkg:/home/jdurs/ros2_jazzy/install/ros2node:/home/jdurs/ros2_jazzy/install/ros2multicast:/home/jdurs/ros2_jazzy/install/ros2interface:/home/jdurs/ros2_jazzy/install/ros2action:/home/jdurs/ros2_jazzy/install/ros2cli:/home/jdurs/ros2_jazzy/install/launch_testing_ros:/home/jdurs/ros2_jazzy/install/launch_ros:/home/jdurs/ros2_jazzy/install/examples_rclpy_minimal_action_server:/home/jdurs/ros2_jazzy/install/examples_rclpy_minimal_action_client:/home/jdurs/ros2_jazzy/install/examples_rclpy_guard_conditions:/home/jdurs/ros2_jazzy/install/action_tutorials_py:/home/jdurs/ros2_jazzy/install/ament_uncrustify:/home/jdurs/ros2_jazzy/install/tracetools_trace:/home/jdurs/ros2_jazzy/install/tracetools_read:/home/jdurs/ros2_jazzy/install/test_tracetools_launch:/home/jdurs/ros2_jazzy/install/test_ros2trace:/home/jdurs/ros2_jazzy/install/test_launch_ros:/home/jdurs/ros2_jazzy/install/rpyutils:/home/jdurs/ros2_jazzy/install/rosidl_runtime_py:/home/jdurs/ros2_jazzy/install/rosidl_pycommon:/home/jdurs/ros2_jazzy/install/rosidl_cli:/home/jdurs/ros2_jazzy/install/launch_pytest:/home/jdurs/ros2_jazzy/install/launch_testing:/home/jdurs/ros2_jazzy/install/launch_yaml:/home/jdurs/ros2_jazzy/install/launch_xml:/home/jdurs/ros2_jazzy/install/launch:/home/jdurs/ros2_jazzy/install/osrf_pycommon:/home/jdurs/ros2_jazzy/install/domain_coordinator:/home/jdurs/ros2_jazzy/install/ament_xmllint:/home/jdurs/ros2_jazzy/install/ament_pyflakes:/home/jdurs/ros2_jazzy/install/ament_pycodestyle:/home/jdurs/ros2_jazzy/install/ament_pep257:/home/jdurs/ros2_jazzy/install/ament_pclint:/home/jdurs/ros2_jazzy/install/ament_package:/home/jdurs/ros2_jazzy/install/ament_mypy:/home/jdurs/ros2_jazzy/install/ament_lint_cmake:/home/jdurs/ros2_jazzy/install/ament_flake8:/home/jdurs/ros2_jazzy/install/ament_copyright:/home/jdurs/ros2_jazzy/install/ament_lint:/home/jdurs/ros2_jazzy/install/ament_index_python:/home/jdurs/ros2_jazzy/install/ament_cpplint:/home/jdurs/ros2_jazzy/install/ament_cppcheck:/home/jdurs/ros2_jazzy/install/ament_clang_tidy:/home/jdurs/ros2_jazzy/install/ament_clang_format /usr/bin/cmake --install /home/jdurs/benchTest/build/knee_sensor_interface
