-- Found ament_cmake: 2.5.6 (/home/jdurs/ros2_jazzy/install/ament_cmake/share/ament_cmake/cmake)
-- Override CMake install command with custom implementation using symlinks instead of copying resources
-- Found rosidl_default_generators: 1.6.0 (/home/jdurs/ros2_jazzy/install/rosidl_default_generators/share/rosidl_default_generators/cmake)
-- Using all available rosidl_typesupport_c: rosidl_typesupport_introspection_c;rosidl_typesupport_fastrtps_c
-- Using all available rosidl_typesupport_cpp: rosidl_typesupport_introspection_cpp;rosidl_typesupport_fastrtps_cpp
-- Found rosidl_adapter: 4.6.7 (/home/jdurs/ros2_jazzy/install/rosidl_adapter/share/rosidl_adapter/cmake)
-- Found rclcpp: 28.1.18 (/home/jdurs/ros2_jazzy/install/rclcpp/share/rclcpp/cmake)
-- Found rmw_implementation_cmake: 7.3.3 (/home/jdurs/ros2_jazzy/install/rmw_implementation_cmake/share/rmw_implementation_cmake/cmake)
-- Found rmw_fastrtps_cpp: 8.4.3 (/home/jdurs/ros2_jazzy/install/rmw_fastrtps_cpp/share/rmw_fastrtps_cpp/cmake)
-- Using RMW implementation 'rmw_fastrtps_cpp' as default
-- Found std_msgs: 5.3.7 (/home/jdurs/ros2_jazzy/install/std_msgs/share/std_msgs/cmake)
-- Found ament_cmake_ros: 0.12.0 (/home/jdurs/ros2_jazzy/install/ament_cmake_ros/share/ament_cmake_ros/cmake)
-- Using all available rosidl_typesupport_c: rosidl_typesupport_introspection_c;rosidl_typesupport_fastrtps_c
-- Using all available rosidl_typesupport_cpp: rosidl_typesupport_introspection_cpp;rosidl_typesupport_fastrtps_cpp
-- Found python_cmake_module: 0.11.1 (/home/jdurs/ros2_jazzy/install/python_cmake_module/share/python_cmake_module/cmake)
-- Found Python3: /usr/bin/python3 (found version "3.12.3") found components: Interpreter Development NumPy Development.Module Development.Embed 
-- Found Python3: /usr/bin/python3 (found version "3.12.3") found components: Interpreter 
-- Found ament_lint_auto: 0.17.4 (/home/jdurs/ros2_jazzy/install/ament_lint_auto/share/ament_lint_auto/cmake)
-- Added test 'cppcheck' to perform static code analysis on C / C++ code
-- Configured cppcheck include dirs: 
-- Configured cppcheck exclude dirs and/or files: 
-- Added test 'lint_cmake' to check CMake code style
-- Added test 'uncrustify' to check C / C++ code style
-- Configured uncrustify additional arguments: 
-- Added test 'xmllint' to check XML markup files
-- Configuring done (2.4s)
-- Generating done (0.1s)
-- Build files have been written to: /home/jdurs/benchTest/build/knee_sensor_interface
[  2%] Built target knee_sensor_interface__rs
[  5%] Built target knee_sensor_interface__rosidl_generator_type_description
[  5%] Built target ament_cmake_python_symlink_knee_sensor_interface
[ 17%] Built target knee_sensor_interface__rosidl_generator_c
[ 20%] Built target knee_sensor_interface__cpp
[ 28%] Built target knee_sensor_interface__rosidl_typesupport_c
[ 35%] Built target knee_sensor_interface__rosidl_typesupport_introspection_cpp
[ 43%] Built target knee_sensor_interface__rosidl_typesupport_fastrtps_c
[ 51%] Built target knee_sensor_interface__rosidl_typesupport_cpp
[ 58%] Built target knee_sensor_interface__rosidl_typesupport_fastrtps_cpp
[ 66%] Built target knee_sensor_interface__rosidl_typesupport_introspection_c
[ 69%] Building CXX object CMakeFiles/calculate_dead_zone.dir/src/calculate_dead_zone.cpp.o
[ 69%] Built target knee_sensor_interface
[ 71%] Built target knee_sensor_interface__py
[ 76%] Built target knee_sensor_interface_node
[ 82%] Built target knee_sensor_interface__rosidl_generator_py
[ 92%] Built target knee_sensor_interface_s__rosidl_typesupport_fastrtps_c
[ 92%] Built target knee_sensor_interface_s__rosidl_typesupport_c
[ 97%] Built target knee_sensor_interface_s__rosidl_typesupport_introspection_c
running egg_info
writing knee_sensor_interface.egg-info/PKG-INFO
writing dependency_links to knee_sensor_interface.egg-info/dependency_links.txt
writing top-level names to knee_sensor_interface.egg-info/top_level.txt
reading manifest file 'knee_sensor_interface.egg-info/SOURCES.txt'
writing manifest file 'knee_sensor_interface.egg-info/SOURCES.txt'
[ 97%] Built target ament_cmake_python_build_knee_sensor_interface_egg
[100%] Linking CXX executable calculate_dead_zone
[100%] Built target calculate_dead_zone
-- Install configuration: ""
-- Execute custom install script
-- Up-to-date symlink: /home/jdurs/benchTest/install/knee_sensor_interface/share/ament_index/resource_index/rosidl_interfaces/knee_sensor_interface
-- Up-to-date symlink: /home/jdurs/benchTest/install/knee_sensor_interface/share/knee_sensor_interface/msg/KneeSensor.json
-- Up-to-date symlink: /home/jdurs/benchTest/install/knee_sensor_interface/include/knee_sensor_interface/knee_sensor_interface/msg/detail/knee_sensor__functions.h
-- Up-to-date symlink: /home/jdurs/benchTest/install/knee_sensor_interface/include/knee_sensor_interface/knee_sensor_interface/msg/detail/knee_sensor__struct.h
-- Up-to-date symlink: /home/jdurs/benchTest/install/knee_sensor_interface/include/knee_sensor_interface/knee_sensor_interface/msg/detail/knee_sensor__type_support.h
-- Up-to-date symlink: /home/jdurs/benchTest/install/knee_sensor_interface/include/knee_sensor_interface/knee_sensor_interface/msg/knee_sensor.h
-- Up-to-date symlink: /home/jdurs/benchTest/install/knee_sensor_interface/include/knee_sensor_interface/knee_sensor_interface/msg/rosidl_generator_c__visibility_control.h
-- Up-to-date symlink: /home/jdurs/benchTest/install/knee_sensor_interface/share/knee_sensor_interface/environment/library_path.sh
-- Up-to-date symlink: /home/jdurs/benchTest/install/knee_sensor_interface/share/knee_sensor_interface/environment/library_path.dsv
-- Up-to-date symlink: /home/jdurs/benchTest/install/knee_sensor_interface/include/knee_sensor_interface/knee_sensor_interface/msg/detail/knee_sensor__rosidl_typesupport_introspection_c.h
-- Up-to-date symlink: /home/jdurs/benchTest/install/knee_sensor_interface/include/knee_sensor_interface/knee_sensor_interface/msg/rosidl_typesupport_introspection_c__visibility_control.h
-- Up-to-date symlink: /home/jdurs/benchTest/install/knee_sensor_interface/include/knee_sensor_interface/knee_sensor_interface/msg/detail/knee_sensor__rosidl_typesupport_fastrtps_c.h
-- Up-to-date symlink: /home/jdurs/benchTest/install/knee_sensor_interface/include/knee_sensor_interface/knee_sensor_interface/msg/rosidl_typesupport_fastrtps_c__visibility_control.h
-- Up-to-date symlink: /home/jdurs/benchTest/install/knee_sensor_interface/include/knee_sensor_interface/knee_sensor_interface/msg/detail/knee_sensor__builder.hpp
-- Up-to-date symlink: /home/jdurs/benchTest/install/knee_sensor_interface/include/knee_sensor_interface/knee_sensor_interface/msg/detail/knee_sensor__struct.hpp
-- Up-to-date symlink: /home/jdurs/benchTest/install/knee_sensor_interface/include/knee_sensor_interface/knee_sensor_interface/msg/detail/knee_sensor__traits.hpp
-- Up-to-date symlink: /home/jdurs/benchTest/install/knee_sensor_interface/include/knee_sensor_interface/knee_sensor_interface/msg/detail/knee_sensor__type_support.hpp
-- Up-to-date symlink: /home/jdurs/benchTest/install/knee_sensor_interface/include/knee_sensor_interface/knee_sensor_interface/msg/knee_sensor.hpp
-- Up-to-date symlink: /home/jdurs/benchTest/install/knee_sensor_interface/include/knee_sensor_interface/knee_sensor_interface/msg/rosidl_generator_cpp__visibility_control.hpp
-- Up-to-date symlink: /home/jdurs/benchTest/install/knee_sensor_interface/include/knee_sensor_interface/knee_sensor_interface/msg/detail/knee_sensor__rosidl_typesupport_introspection_cpp.hpp
-- Up-to-date symlink: /home/jdurs/benchTest/install/knee_sensor_interface/include/knee_sensor_interface/knee_sensor_interface/msg/detail/knee_sensor__rosidl_typesupport_fastrtps_cpp.hpp
-- Up-to-date symlink: /home/jdurs/benchTest/install/knee_sensor_interface/include/knee_sensor_interface/knee_sensor_interface/msg/rosidl_typesupport_fastrtps_cpp__visibility_control.h
-- Up-to-date symlink: /home/jdurs/benchTest/install/knee_sensor_interface/share/knee_sensor_interface/environment/pythonpath.sh
-- Up-to-date symlink: /home/jdurs/benchTest/install/knee_sensor_interface/share/knee_sensor_interface/environment/pythonpath.dsv
-- Up-to-date symlink: /home/jdurs/benchTest/install/knee_sensor_interface/lib/python3.12/site-packages/knee_sensor_interface-0.0.0-py3.12.egg-info/PKG-INFO
-- Up-to-date symlink: /home/jdurs/benchTest/install/knee_sensor_interface/lib/python3.12/site-packages/knee_sensor_interface-0.0.0-py3.12.egg-info/SOURCES.txt
-- Up-to-date symlink: /home/jdurs/benchTest/install/knee_sensor_interface/lib/python3.12/site-packages/knee_sensor_interface-0.0.0-py3.12.egg-info/dependency_links.txt
-- Up-to-date symlink: /home/jdurs/benchTest/install/knee_sensor_interface/lib/python3.12/site-packages/knee_sensor_interface-0.0.0-py3.12.egg-info/top_level.txt
-- Up-to-date symlink: /home/jdurs/benchTest/install/knee_sensor_interface/lib/python3.12/site-packages/knee_sensor_interface/__init__.py
-- Up-to-date symlink: /home/jdurs/benchTest/install/knee_sensor_interface/lib/python3.12/site-packages/knee_sensor_interface/_knee_sensor_interface_s.ep.rosidl_typesupport_c.c
-- Up-to-date symlink: /home/jdurs/benchTest/install/knee_sensor_interface/lib/python3.12/site-packages/knee_sensor_interface/_knee_sensor_interface_s.ep.rosidl_typesupport_fastrtps_c.c
-- Up-to-date symlink: /home/jdurs/benchTest/install/knee_sensor_interface/lib/python3.12/site-packages/knee_sensor_interface/_knee_sensor_interface_s.ep.rosidl_typesupport_introspection_c.c
-- Up-to-date symlink: /home/jdurs/benchTest/install/knee_sensor_interface/lib/python3.12/site-packages/knee_sensor_interface/knee_sensor_interface_s__rosidl_typesupport_c.so
-- Up-to-date symlink: /home/jdurs/benchTest/install/knee_sensor_interface/lib/python3.12/site-packages/knee_sensor_interface/knee_sensor_interface_s__rosidl_typesupport_fastrtps_c.so
-- Up-to-date symlink: /home/jdurs/benchTest/install/knee_sensor_interface/lib/python3.12/site-packages/knee_sensor_interface/knee_sensor_interface_s__rosidl_typesupport_introspection_c.so
-- Up-to-date symlink: /home/jdurs/benchTest/install/knee_sensor_interface/lib/python3.12/site-packages/knee_sensor_interface/msg/__init__.py
-- Up-to-date symlink: /home/jdurs/benchTest/install/knee_sensor_interface/lib/python3.12/site-packages/knee_sensor_interface/msg/_knee_sensor.py
-- Up-to-date symlink: /home/jdurs/benchTest/install/knee_sensor_interface/lib/python3.12/site-packages/knee_sensor_interface/msg/_knee_sensor_s.c
-- Up-to-date symlink: /home/jdurs/benchTest/install/knee_sensor_interface/lib/python3.12/site-packages/knee_sensor_interface/knee_sensor_interface_s__rosidl_typesupport_introspection_c.so
-- Up-to-date symlink: /home/jdurs/benchTest/install/knee_sensor_interface/lib/python3.12/site-packages/knee_sensor_interface/knee_sensor_interface_s__rosidl_typesupport_fastrtps_c.so
-- Up-to-date symlink: /home/jdurs/benchTest/install/knee_sensor_interface/lib/python3.12/site-packages/knee_sensor_interface/knee_sensor_interface_s__rosidl_typesupport_c.so
-- Up-to-date symlink: /home/jdurs/benchTest/install/knee_sensor_interface/share/ament_index/resource_index/rust_packages/knee_sensor_interface
-- Up-to-date symlink: /home/jdurs/benchTest/install/knee_sensor_interface/share/knee_sensor_interface/rust/Cargo.toml
-- Up-to-date symlink: /home/jdurs/benchTest/install/knee_sensor_interface/share/knee_sensor_interface/rust/build.rs
-- Up-to-date symlink: /home/jdurs/benchTest/install/knee_sensor_interface/share/knee_sensor_interface/rust/src/lib.rs
-- Up-to-date symlink: /home/jdurs/benchTest/install/knee_sensor_interface/share/knee_sensor_interface/rust/src/msg.rs
-- Up-to-date symlink: /home/jdurs/benchTest/install/knee_sensor_interface/share/knee_sensor_interface/rust/src/msg/rmw.rs
-- Up-to-date symlink: /home/jdurs/benchTest/install/knee_sensor_interface/share/knee_sensor_interface/msg/KneeSensor.idl
-- Up-to-date symlink: /home/jdurs/benchTest/install/knee_sensor_interface/share/knee_sensor_interface/msg/KneeSensor.msg
-- Up-to-date symlink: /home/jdurs/benchTest/install/knee_sensor_interface/lib/knee_sensor_interface/knee_sensor_interface_node
-- Symlinking: /home/jdurs/benchTest/install/knee_sensor_interface/lib/knee_sensor_interface/calculate_dead_zone
-- Up-to-date symlink: /home/jdurs/benchTest/install/knee_sensor_interface/share/ament_index/resource_index/package_run_dependencies/knee_sensor_interface
-- Up-to-date symlink: /home/jdurs/benchTest/install/knee_sensor_interface/share/ament_index/resource_index/parent_prefix_path/knee_sensor_interface
-- Up-to-date symlink: /home/jdurs/benchTest/install/knee_sensor_interface/share/knee_sensor_interface/environment/ament_prefix_path.sh
-- Up-to-date symlink: /home/jdurs/benchTest/install/knee_sensor_interface/share/knee_sensor_interface/environment/ament_prefix_path.dsv
-- Up-to-date symlink: /home/jdurs/benchTest/install/knee_sensor_interface/share/knee_sensor_interface/environment/path.sh
-- Up-to-date symlink: /home/jdurs/benchTest/install/knee_sensor_interface/share/knee_sensor_interface/environment/path.dsv
-- Up-to-date symlink: /home/jdurs/benchTest/install/knee_sensor_interface/share/knee_sensor_interface/local_setup.bash
-- Up-to-date symlink: /home/jdurs/benchTest/install/knee_sensor_interface/share/knee_sensor_interface/local_setup.sh
-- Up-to-date symlink: /home/jdurs/benchTest/install/knee_sensor_interface/share/knee_sensor_interface/local_setup.zsh
-- Up-to-date symlink: /home/jdurs/benchTest/install/knee_sensor_interface/share/knee_sensor_interface/local_setup.dsv
-- Symlinking: /home/jdurs/benchTest/install/knee_sensor_interface/share/knee_sensor_interface/package.dsv
-- Up-to-date symlink: /home/jdurs/benchTest/install/knee_sensor_interface/share/ament_index/resource_index/packages/knee_sensor_interface
-- Up-to-date symlink: /home/jdurs/benchTest/install/knee_sensor_interface/share/knee_sensor_interface/cmake/rosidl_cmake-extras.cmake
-- Up-to-date symlink: /home/jdurs/benchTest/install/knee_sensor_interface/share/knee_sensor_interface/cmake/ament_cmake_export_dependencies-extras.cmake
-- Up-to-date symlink: /home/jdurs/benchTest/install/knee_sensor_interface/share/knee_sensor_interface/cmake/ament_cmake_export_include_directories-extras.cmake
-- Up-to-date symlink: /home/jdurs/benchTest/install/knee_sensor_interface/share/knee_sensor_interface/cmake/ament_cmake_export_libraries-extras.cmake
-- Up-to-date symlink: /home/jdurs/benchTest/install/knee_sensor_interface/share/knee_sensor_interface/cmake/ament_cmake_export_targets-extras.cmake
-- Up-to-date symlink: /home/jdurs/benchTest/install/knee_sensor_interface/share/knee_sensor_interface/cmake/rosidl_cmake_export_typesupport_targets-extras.cmake
-- Up-to-date symlink: /home/jdurs/benchTest/install/knee_sensor_interface/share/knee_sensor_interface/cmake/rosidl_cmake_export_typesupport_libraries-extras.cmake
-- Up-to-date symlink: /home/jdurs/benchTest/install/knee_sensor_interface/share/knee_sensor_interface/cmake/rosidl_cmake_aggregate_target-extras.cmake
-- Up-to-date symlink: /home/jdurs/benchTest/install/knee_sensor_interface/share/knee_sensor_interface/cmake/knee_sensor_interfaceConfig.cmake
-- Up-to-date symlink: /home/jdurs/benchTest/install/knee_sensor_interface/share/knee_sensor_interface/cmake/knee_sensor_interfaceConfig-version.cmake
-- Up-to-date symlink: /home/jdurs/benchTest/install/knee_sensor_interface/share/knee_sensor_interface/package.xml
-- Up-to-date: /home/jdurs/benchTest/install/knee_sensor_interface/lib/libknee_sensor_interface__rosidl_generator_c.so
-- Up-to-date: /home/jdurs/benchTest/install/knee_sensor_interface/lib/libknee_sensor_interface__rosidl_typesupport_introspection_c.so
-- Up-to-date: /home/jdurs/benchTest/install/knee_sensor_interface/lib/libknee_sensor_interface__rosidl_typesupport_fastrtps_c.so
-- Up-to-date: /home/jdurs/benchTest/install/knee_sensor_interface/lib/libknee_sensor_interface__rosidl_typesupport_c.so
-- Up-to-date: /home/jdurs/benchTest/install/knee_sensor_interface/lib/libknee_sensor_interface__rosidl_typesupport_introspection_cpp.so
-- Up-to-date: /home/jdurs/benchTest/install/knee_sensor_interface/lib/libknee_sensor_interface__rosidl_typesupport_fastrtps_cpp.so
-- Up-to-date: /home/jdurs/benchTest/install/knee_sensor_interface/lib/libknee_sensor_interface__rosidl_typesupport_cpp.so
Listing '/home/jdurs/benchTest/install/knee_sensor_interface/lib/python3.12/site-packages/knee_sensor_interface'...
Compiling '/home/jdurs/benchTest/install/knee_sensor_interface/lib/python3.12/site-packages/knee_sensor_interface/__init__.py'...
Listing '/home/jdurs/benchTest/install/knee_sensor_interface/lib/python3.12/site-packages/knee_sensor_interface/msg'...
-- Up-to-date: /home/jdurs/benchTest/install/knee_sensor_interface/lib/libknee_sensor_interface__rosidl_generator_py.so
-- Up-to-date: /home/jdurs/benchTest/install/knee_sensor_interface/share/knee_sensor_interface/cmake/export_knee_sensor_interface__rosidl_generator_cExport.cmake
-- Up-to-date: /home/jdurs/benchTest/install/knee_sensor_interface/share/knee_sensor_interface/cmake/export_knee_sensor_interface__rosidl_generator_cExport-noconfig.cmake
-- Up-to-date: /home/jdurs/benchTest/install/knee_sensor_interface/share/knee_sensor_interface/cmake/knee_sensor_interface__rosidl_typesupport_introspection_cExport.cmake
-- Up-to-date: /home/jdurs/benchTest/install/knee_sensor_interface/share/knee_sensor_interface/cmake/knee_sensor_interface__rosidl_typesupport_introspection_cExport-noconfig.cmake
-- Up-to-date: /home/jdurs/benchTest/install/knee_sensor_interface/share/knee_sensor_interface/cmake/export_knee_sensor_interface__rosidl_typesupport_fastrtps_cExport.cmake
-- Up-to-date: /home/jdurs/benchTest/install/knee_sensor_interface/share/knee_sensor_interface/cmake/export_knee_sensor_interface__rosidl_typesupport_fastrtps_cExport-noconfig.cmake
-- Up-to-date: /home/jdurs/benchTest/install/knee_sensor_interface/share/knee_sensor_interface/cmake/knee_sensor_interface__rosidl_typesupport_cExport.cmake
-- Up-to-date: /home/jdurs/benchTest/install/knee_sensor_interface/share/knee_sensor_interface/cmake/knee_sensor_interface__rosidl_typesupport_cExport-noconfig.cmake
-- Up-to-date: /home/jdurs/benchTest/install/knee_sensor_interface/share/knee_sensor_interface/cmake/export_knee_sensor_interface__rosidl_generator_cppExport.cmake
-- Up-to-date: /home/jdurs/benchTest/install/knee_sensor_interface/share/knee_sensor_interface/cmake/knee_sensor_interface__rosidl_typesupport_introspection_cppExport.cmake
-- Up-to-date: /home/jdurs/benchTest/install/knee_sensor_interface/share/knee_sensor_interface/cmake/knee_sensor_interface__rosidl_typesupport_introspection_cppExport-noconfig.cmake
-- Up-to-date: /home/jdurs/benchTest/install/knee_sensor_interface/share/knee_sensor_interface/cmake/export_knee_sensor_interface__rosidl_typesupport_fastrtps_cppExport.cmake
-- Up-to-date: /home/jdurs/benchTest/install/knee_sensor_interface/share/knee_sensor_interface/cmake/export_knee_sensor_interface__rosidl_typesupport_fastrtps_cppExport-noconfig.cmake
-- Up-to-date: /home/jdurs/benchTest/install/knee_sensor_interface/share/knee_sensor_interface/cmake/knee_sensor_interface__rosidl_typesupport_cppExport.cmake
-- Up-to-date: /home/jdurs/benchTest/install/knee_sensor_interface/share/knee_sensor_interface/cmake/knee_sensor_interface__rosidl_typesupport_cppExport-noconfig.cmake
-- Up-to-date: /home/jdurs/benchTest/install/knee_sensor_interface/share/knee_sensor_interface/cmake/export_knee_sensor_interface__rosidl_generator_pyExport.cmake
-- Up-to-date: /home/jdurs/benchTest/install/knee_sensor_interface/share/knee_sensor_interface/cmake/export_knee_sensor_interface__rosidl_generator_pyExport-noconfig.cmake
