[0.032s] Invoking command in '/home/jdurs/benchTest/build/knee_sensor_interface': CMAKE_PREFIX_PATH=${CMAKE_PREFIX_PATH}:/home/jdurs/ros2_jazzy/install/rqt_bag_plugins:/home/jdurs/ros2_jazzy/install/launch_testing_examples:/home/jdurs/ros2_jazzy/install/ros2bag:/home/jdurs/ros2_jazzy/install/rqt_bag:/home/jdurs/ros2_jazzy/install/rosbag2_examples_py:/home/jdurs/ros2_jazzy/install/tracetools_test:/home/jdurs/ros2_jazzy/install/tracetools_launch:/home/jdurs/ros2_jazzy/install/topic_monitor:/home/jdurs/ros2_jazzy/install/tf2_tools:/home/jdurs/ros2_jazzy/install/examples_tf2_py:/home/jdurs/ros2_jazzy/install/tf2_ros_py:/home/jdurs/ros2_jazzy/install/examples_rclpy_pointcloud_publisher:/home/jdurs/ros2_jazzy/install/sensor_msgs_py:/home/jdurs/ros2_jazzy/install/quality_of_service_demo_py:/home/jdurs/ros2_jazzy/install/camera_info_manager_py:/home/jdurs/ros2_jazzy/install/rqt_plot:/home/jdurs/ros2_jazzy/install/ros2doctor:/home/jdurs/ros2_jazzy/install/lifecycle_py:/home/jdurs/ros2_jazzy/install/examples_rclpy_minimal_subscriber:/home/jdurs/ros2_jazzy/install/examples_rclpy_minimal_service:/home/jdurs/ros2_jazzy/install/examples_rclpy_minimal_publisher:/home/jdurs/ros2_jazzy/install/examples_rclpy_minimal_client:/home/jdurs/ros2_jazzy/install/examples_rclpy_executors:/home/jdurs/ros2_jazzy/install/demo_nodes_py:/home/jdurs/ros2_jazzy/install/rqt:/home/jdurs/ros2_jazzy/install/ros2component:/home/jdurs/ros2_jazzy/install/sros2:/home/jdurs/ros2_jazzy/install/rqt_topic:/home/jdurs/ros2_jazzy/install/rqt_srv:/home/jdurs/ros2_jazzy/install/rqt_shell:/home/jdurs/ros2_jazzy/install/rqt_service_caller:/home/jdurs/ros2_jazzy/install/rqt_reconfigure:/home/jdurs/ros2_jazzy/install/rqt_py_console:/home/jdurs/ros2_jazzy/install/rqt_publisher:/home/jdurs/ros2_jazzy/install/rqt_action:/home/jdurs/ros2_jazzy/install/rqt_msg:/home/jdurs/ros2_jazzy/install/rqt_console:/home/jdurs/ros2_jazzy/install/rqt_graph:/home/jdurs/ros2_jazzy/install/rqt_gui_py:/home/jdurs/ros2_jazzy/install/rqt_gui:/home/jdurs/ros2_jazzy/install/ros2trace:/home/jdurs/ros2_jazzy/install/ros2param:/home/jdurs/ros2_jazzy/install/ros2lifecycle:/home/jdurs/ros2_jazzy/install/ros2service:/home/jdurs/ros2_jazzy/install/ros2topic:/home/jdurs/ros2_jazzy/install/ros2test:/home/jdurs/ros2_jazzy/install/ros2run:/home/jdurs/ros2_jazzy/install/ros2plugin:/home/jdurs/ros2_jazzy/install/ros2launch:/home/jdurs/ros2_jazzy/install/ros2pkg:/home/jdurs/ros2_jazzy/install/ros2node:/home/jdurs/ros2_jazzy/install/ros2multicast:/home/jdurs/ros2_jazzy/install/ros2interface:/home/jdurs/ros2_jazzy/install/ros2action:/home/jdurs/ros2_jazzy/install/ros2cli:/home/jdurs/ros2_jazzy/install/launch_testing_ros:/home/jdurs/ros2_jazzy/install/launch_ros:/home/jdurs/ros2_jazzy/install/examples_rclpy_minimal_action_server:/home/jdurs/ros2_jazzy/install/examples_rclpy_minimal_action_client:/home/jdurs/ros2_jazzy/install/examples_rclpy_guard_conditions:/home/jdurs/ros2_jazzy/install/action_tutorials_py:/home/jdurs/ros2_jazzy/install/ament_uncrustify:/home/jdurs/ros2_jazzy/install/tracetools_trace:/home/jdurs/ros2_jazzy/install/tracetools_read:/home/jdurs/ros2_jazzy/install/test_tracetools_launch:/home/jdurs/ros2_jazzy/install/test_ros2trace:/home/jdurs/ros2_jazzy/install/test_launch_ros:/home/jdurs/ros2_jazzy/install/rpyutils:/home/jdurs/ros2_jazzy/install/rosidl_runtime_py:/home/jdurs/ros2_jazzy/install/rosidl_pycommon:/home/jdurs/ros2_jazzy/install/rosidl_cli:/home/jdurs/ros2_jazzy/install/launch_pytest:/home/jdurs/ros2_jazzy/install/launch_testing:/home/jdurs/ros2_jazzy/install/launch_yaml:/home/jdurs/ros2_jazzy/install/launch_xml:/home/jdurs/ros2_jazzy/install/launch:/home/jdurs/ros2_jazzy/install/osrf_pycommon:/home/jdurs/ros2_jazzy/install/domain_coordinator:/home/jdurs/ros2_jazzy/install/ament_xmllint:/home/jdurs/ros2_jazzy/install/ament_pyflakes:/home/jdurs/ros2_jazzy/install/ament_pycodestyle:/home/jdurs/ros2_jazzy/install/ament_pep257:/home/jdurs/ros2_jazzy/install/ament_pclint:/home/jdurs/ros2_jazzy/install/ament_package:/home/jdurs/ros2_jazzy/install/ament_mypy:/home/jdurs/ros2_jazzy/install/ament_lint_cmake:/home/jdurs/ros2_jazzy/install/ament_flake8:/home/jdurs/ros2_jazzy/install/ament_copyright:/home/jdurs/ros2_jazzy/install/ament_lint:/home/jdurs/ros2_jazzy/install/ament_index_python:/home/jdurs/ros2_jazzy/install/ament_cpplint:/home/jdurs/ros2_jazzy/install/ament_cppcheck:/home/jdurs/ros2_jazzy/install/ament_clang_tidy:/home/jdurs/ros2_jazzy/install/ament_clang_format /usr/bin/cmake --build /home/jdurs/benchTest/build/knee_sensor_interface -- -j24 -l24
[0.216s] -- Found ament_cmake: 2.5.6 (/home/jdurs/ros2_jazzy/install/ament_cmake/share/ament_cmake/cmake)
[0.386s] -- Override CMake install command with custom implementation using symlinks instead of copying resources
[0.415s] -- Found rosidl_default_generators: 1.6.0 (/home/jdurs/ros2_jazzy/install/rosidl_default_generators/share/rosidl_default_generators/cmake)
[0.492s] -- Using all available rosidl_typesupport_c: rosidl_typesupport_introspection_c;rosidl_typesupport_fastrtps_c
[0.716s] -- Using all available rosidl_typesupport_cpp: rosidl_typesupport_introspection_cpp;rosidl_typesupport_fastrtps_cpp
[0.763s] -- Found rosidl_adapter: 4.6.7 (/home/jdurs/ros2_jazzy/install/rosidl_adapter/share/rosidl_adapter/cmake)
[0.767s] -- Found rclcpp: 28.1.18 (/home/jdurs/ros2_jazzy/install/rclcpp/share/rclcpp/cmake)
[0.869s] -- Found rmw_implementation_cmake: 7.3.3 (/home/jdurs/ros2_jazzy/install/rmw_implementation_cmake/share/rmw_implementation_cmake/cmake)
[0.890s] -- Found rmw_fastrtps_cpp: 8.4.3 (/home/jdurs/ros2_jazzy/install/rmw_fastrtps_cpp/share/rmw_fastrtps_cpp/cmake)
[1.081s] -- Using RMW implementation 'rmw_fastrtps_cpp' as default
[1.238s] -- Found std_msgs: 5.3.7 (/home/jdurs/ros2_jazzy/install/std_msgs/share/std_msgs/cmake)
[1.685s] -- Found ament_cmake_ros: 0.12.0 (/home/jdurs/ros2_jazzy/install/ament_cmake_ros/share/ament_cmake_ros/cmake)
[1.812s] -- Using all available rosidl_typesupport_c: rosidl_typesupport_introspection_c;rosidl_typesupport_fastrtps_c
[2.031s] -- Using all available rosidl_typesupport_cpp: rosidl_typesupport_introspection_cpp;rosidl_typesupport_fastrtps_cpp
[2.034s] -- Found python_cmake_module: 0.11.1 (/home/jdurs/ros2_jazzy/install/python_cmake_module/share/python_cmake_module/cmake)
[2.438s] -- Found Python3: /usr/bin/python3 (found version "3.12.3") found components: Interpreter Development NumPy Development.Module Development.Embed 
[2.552s] -- Found Python3: /usr/bin/python3 (found version "3.12.3") found components: Interpreter 
[2.572s] -- Found ament_lint_auto: 0.17.4 (/home/jdurs/ros2_jazzy/install/ament_lint_auto/share/ament_lint_auto/cmake)
[2.602s] -- Added test 'cppcheck' to perform static code analysis on C / C++ code
[2.602s] -- Configured cppcheck include dirs: 
[2.602s] -- Configured cppcheck exclude dirs and/or files: 
[2.603s] -- Added test 'lint_cmake' to check CMake code style
[2.605s] -- Added test 'uncrustify' to check C / C++ code style
[2.605s] -- Configured uncrustify additional arguments: 
[2.606s] -- Added test 'xmllint' to check XML markup files
[2.610s] -- Configuring done (2.4s)
[2.690s] -- Generating done (0.1s)
[2.703s] -- Build files have been written to: /home/jdurs/benchTest/build/knee_sensor_interface
[2.756s] [  2%] Built target knee_sensor_interface__rs
[2.756s] [  5%] Built target knee_sensor_interface__rosidl_generator_type_description
[2.769s] [  5%] Built target ament_cmake_python_symlink_knee_sensor_interface
[2.788s] [ 17%] Built target knee_sensor_interface__rosidl_generator_c
[2.788s] [ 20%] Built target knee_sensor_interface__cpp
[2.826s] [ 28%] Built target knee_sensor_interface__rosidl_typesupport_c
[2.826s] [ 35%] Built target knee_sensor_interface__rosidl_typesupport_introspection_cpp
[2.827s] [ 43%] Built target knee_sensor_interface__rosidl_typesupport_fastrtps_c
[2.827s] [ 51%] Built target knee_sensor_interface__rosidl_typesupport_cpp
[2.828s] [ 58%] Built target knee_sensor_interface__rosidl_typesupport_fastrtps_cpp
[2.830s] [ 66%] Built target knee_sensor_interface__rosidl_typesupport_introspection_c
[2.857s] [ 69%] Building CXX object CMakeFiles/calculate_dead_zone.dir/src/calculate_dead_zone.cpp.o
[2.859s] [ 69%] Built target knee_sensor_interface
[2.891s] [ 71%] Built target knee_sensor_interface__py
[2.916s] [ 76%] Built target knee_sensor_interface_node
[2.927s] [ 82%] Built target knee_sensor_interface__rosidl_generator_py
[2.962s] [ 92%] Built target knee_sensor_interface_s__rosidl_typesupport_fastrtps_c
[2.962s] [ 92%] Built target knee_sensor_interface_s__rosidl_typesupport_c
[2.962s] [ 97%] Built target knee_sensor_interface_s__rosidl_typesupport_introspection_c
[3.069s] running egg_info
[3.090s] writing knee_sensor_interface.egg-info/PKG-INFO
[3.090s] writing dependency_links to knee_sensor_interface.egg-info/dependency_links.txt
[3.090s] writing top-level names to knee_sensor_interface.egg-info/top_level.txt
[3.154s] reading manifest file 'knee_sensor_interface.egg-info/SOURCES.txt'
[3.155s] writing manifest file 'knee_sensor_interface.egg-info/SOURCES.txt'
[3.182s] [ 97%] Built target ament_cmake_python_build_knee_sensor_interface_egg
[9.406s] [100%] Linking CXX executable calculate_dead_zone
[10.016s] [100%] Built target calculate_dead_zone
[10.028s] Invoked command in '/home/jdurs/benchTest/build/knee_sensor_interface' returned '0': CMAKE_PREFIX_PATH=${CMAKE_PREFIX_PATH}:/home/jdurs/ros2_jazzy/install/rqt_bag_plugins:/home/jdurs/ros2_jazzy/install/launch_testing_examples:/home/jdurs/ros2_jazzy/install/ros2bag:/home/jdurs/ros2_jazzy/install/rqt_bag:/home/jdurs/ros2_jazzy/install/rosbag2_examples_py:/home/jdurs/ros2_jazzy/install/tracetools_test:/home/jdurs/ros2_jazzy/install/tracetools_launch:/home/jdurs/ros2_jazzy/install/topic_monitor:/home/jdurs/ros2_jazzy/install/tf2_tools:/home/jdurs/ros2_jazzy/install/examples_tf2_py:/home/jdurs/ros2_jazzy/install/tf2_ros_py:/home/jdurs/ros2_jazzy/install/examples_rclpy_pointcloud_publisher:/home/jdurs/ros2_jazzy/install/sensor_msgs_py:/home/jdurs/ros2_jazzy/install/quality_of_service_demo_py:/home/jdurs/ros2_jazzy/install/camera_info_manager_py:/home/jdurs/ros2_jazzy/install/rqt_plot:/home/jdurs/ros2_jazzy/install/ros2doctor:/home/jdurs/ros2_jazzy/install/lifecycle_py:/home/jdurs/ros2_jazzy/install/examples_rclpy_minimal_subscriber:/home/jdurs/ros2_jazzy/install/examples_rclpy_minimal_service:/home/jdurs/ros2_jazzy/install/examples_rclpy_minimal_publisher:/home/jdurs/ros2_jazzy/install/examples_rclpy_minimal_client:/home/jdurs/ros2_jazzy/install/examples_rclpy_executors:/home/jdurs/ros2_jazzy/install/demo_nodes_py:/home/jdurs/ros2_jazzy/install/rqt:/home/jdurs/ros2_jazzy/install/ros2component:/home/jdurs/ros2_jazzy/install/sros2:/home/jdurs/ros2_jazzy/install/rqt_topic:/home/jdurs/ros2_jazzy/install/rqt_srv:/home/jdurs/ros2_jazzy/install/rqt_shell:/home/jdurs/ros2_jazzy/install/rqt_service_caller:/home/jdurs/ros2_jazzy/install/rqt_reconfigure:/home/jdurs/ros2_jazzy/install/rqt_py_console:/home/jdurs/ros2_jazzy/install/rqt_publisher:/home/jdurs/ros2_jazzy/install/rqt_action:/home/jdurs/ros2_jazzy/install/rqt_msg:/home/jdurs/ros2_jazzy/install/rqt_console:/home/jdurs/ros2_jazzy/install/rqt_graph:/home/jdurs/ros2_jazzy/install/rqt_gui_py:/home/jdurs/ros2_jazzy/install/rqt_gui:/home/jdurs/ros2_jazzy/install/ros2trace:/home/jdurs/ros2_jazzy/install/ros2param:/home/jdurs/ros2_jazzy/install/ros2lifecycle:/home/jdurs/ros2_jazzy/install/ros2service:/home/jdurs/ros2_jazzy/install/ros2topic:/home/jdurs/ros2_jazzy/install/ros2test:/home/jdurs/ros2_jazzy/install/ros2run:/home/jdurs/ros2_jazzy/install/ros2plugin:/home/jdurs/ros2_jazzy/install/ros2launch:/home/jdurs/ros2_jazzy/install/ros2pkg:/home/jdurs/ros2_jazzy/install/ros2node:/home/jdurs/ros2_jazzy/install/ros2multicast:/home/jdurs/ros2_jazzy/install/ros2interface:/home/jdurs/ros2_jazzy/install/ros2action:/home/jdurs/ros2_jazzy/install/ros2cli:/home/jdurs/ros2_jazzy/install/launch_testing_ros:/home/jdurs/ros2_jazzy/install/launch_ros:/home/jdurs/ros2_jazzy/install/examples_rclpy_minimal_action_server:/home/jdurs/ros2_jazzy/install/examples_rclpy_minimal_action_client:/home/jdurs/ros2_jazzy/install/examples_rclpy_guard_conditions:/home/jdurs/ros2_jazzy/install/action_tutorials_py:/home/jdurs/ros2_jazzy/install/ament_uncrustify:/home/jdurs/ros2_jazzy/install/tracetools_trace:/home/jdurs/ros2_jazzy/install/tracetools_read:/home/jdurs/ros2_jazzy/install/test_tracetools_launch:/home/jdurs/ros2_jazzy/install/test_ros2trace:/home/jdurs/ros2_jazzy/install/test_launch_ros:/home/jdurs/ros2_jazzy/install/rpyutils:/home/jdurs/ros2_jazzy/install/rosidl_runtime_py:/home/jdurs/ros2_jazzy/install/rosidl_pycommon:/home/jdurs/ros2_jazzy/install/rosidl_cli:/home/jdurs/ros2_jazzy/install/launch_pytest:/home/jdurs/ros2_jazzy/install/launch_testing:/home/jdurs/ros2_jazzy/install/launch_yaml:/home/jdurs/ros2_jazzy/install/launch_xml:/home/jdurs/ros2_jazzy/install/launch:/home/jdurs/ros2_jazzy/install/osrf_pycommon:/home/jdurs/ros2_jazzy/install/domain_coordinator:/home/jdurs/ros2_jazzy/install/ament_xmllint:/home/jdurs/ros2_jazzy/install/ament_pyflakes:/home/jdurs/ros2_jazzy/install/ament_pycodestyle:/home/jdurs/ros2_jazzy/install/ament_pep257:/home/jdurs/ros2_jazzy/install/ament_pclint:/home/jdurs/ros2_jazzy/install/ament_package:/home/jdurs/ros2_jazzy/install/ament_mypy:/home/jdurs/ros2_jazzy/install/ament_lint_cmake:/home/jdurs/ros2_jazzy/install/ament_flake8:/home/jdurs/ros2_jazzy/install/ament_copyright:/home/jdurs/ros2_jazzy/install/ament_lint:/home/jdurs/ros2_jazzy/install/ament_index_python:/home/jdurs/ros2_jazzy/install/ament_cpplint:/home/jdurs/ros2_jazzy/install/ament_cppcheck:/home/jdurs/ros2_jazzy/install/ament_clang_tidy:/home/jdurs/ros2_jazzy/install/ament_clang_format /usr/bin/cmake --build /home/jdurs/benchTest/build/knee_sensor_interface -- -j24 -l24
[10.043s] Invoking command in '/home/jdurs/benchTest/build/knee_sensor_interface': CMAKE_PREFIX_PATH=${CMAKE_PREFIX_PATH}:/home/jdurs/ros2_jazzy/install/rqt_bag_plugins:/home/jdurs/ros2_jazzy/install/launch_testing_examples:/home/jdurs/ros2_jazzy/install/ros2bag:/home/jdurs/ros2_jazzy/install/rqt_bag:/home/jdurs/ros2_jazzy/install/rosbag2_examples_py:/home/jdurs/ros2_jazzy/install/tracetools_test:/home/jdurs/ros2_jazzy/install/tracetools_launch:/home/jdurs/ros2_jazzy/install/topic_monitor:/home/jdurs/ros2_jazzy/install/tf2_tools:/home/jdurs/ros2_jazzy/install/examples_tf2_py:/home/jdurs/ros2_jazzy/install/tf2_ros_py:/home/jdurs/ros2_jazzy/install/examples_rclpy_pointcloud_publisher:/home/jdurs/ros2_jazzy/install/sensor_msgs_py:/home/jdurs/ros2_jazzy/install/quality_of_service_demo_py:/home/jdurs/ros2_jazzy/install/camera_info_manager_py:/home/jdurs/ros2_jazzy/install/rqt_plot:/home/jdurs/ros2_jazzy/install/ros2doctor:/home/jdurs/ros2_jazzy/install/lifecycle_py:/home/jdurs/ros2_jazzy/install/examples_rclpy_minimal_subscriber:/home/jdurs/ros2_jazzy/install/examples_rclpy_minimal_service:/home/jdurs/ros2_jazzy/install/examples_rclpy_minimal_publisher:/home/jdurs/ros2_jazzy/install/examples_rclpy_minimal_client:/home/jdurs/ros2_jazzy/install/examples_rclpy_executors:/home/jdurs/ros2_jazzy/install/demo_nodes_py:/home/jdurs/ros2_jazzy/install/rqt:/home/jdurs/ros2_jazzy/install/ros2component:/home/jdurs/ros2_jazzy/install/sros2:/home/jdurs/ros2_jazzy/install/rqt_topic:/home/jdurs/ros2_jazzy/install/rqt_srv:/home/jdurs/ros2_jazzy/install/rqt_shell:/home/jdurs/ros2_jazzy/install/rqt_service_caller:/home/jdurs/ros2_jazzy/install/rqt_reconfigure:/home/jdurs/ros2_jazzy/install/rqt_py_console:/home/jdurs/ros2_jazzy/install/rqt_publisher:/home/jdurs/ros2_jazzy/install/rqt_action:/home/jdurs/ros2_jazzy/install/rqt_msg:/home/jdurs/ros2_jazzy/install/rqt_console:/home/jdurs/ros2_jazzy/install/rqt_graph:/home/jdurs/ros2_jazzy/install/rqt_gui_py:/home/jdurs/ros2_jazzy/install/rqt_gui:/home/jdurs/ros2_jazzy/install/ros2trace:/home/jdurs/ros2_jazzy/install/ros2param:/home/jdurs/ros2_jazzy/install/ros2lifecycle:/home/jdurs/ros2_jazzy/install/ros2service:/home/jdurs/ros2_jazzy/install/ros2topic:/home/jdurs/ros2_jazzy/install/ros2test:/home/jdurs/ros2_jazzy/install/ros2run:/home/jdurs/ros2_jazzy/install/ros2plugin:/home/jdurs/ros2_jazzy/install/ros2launch:/home/jdurs/ros2_jazzy/install/ros2pkg:/home/jdurs/ros2_jazzy/install/ros2node:/home/jdurs/ros2_jazzy/install/ros2multicast:/home/jdurs/ros2_jazzy/install/ros2interface:/home/jdurs/ros2_jazzy/install/ros2action:/home/jdurs/ros2_jazzy/install/ros2cli:/home/jdurs/ros2_jazzy/install/launch_testing_ros:/home/jdurs/ros2_jazzy/install/launch_ros:/home/jdurs/ros2_jazzy/install/examples_rclpy_minimal_action_server:/home/jdurs/ros2_jazzy/install/examples_rclpy_minimal_action_client:/home/jdurs/ros2_jazzy/install/examples_rclpy_guard_conditions:/home/jdurs/ros2_jazzy/install/action_tutorials_py:/home/jdurs/ros2_jazzy/install/ament_uncrustify:/home/jdurs/ros2_jazzy/install/tracetools_trace:/home/jdurs/ros2_jazzy/install/tracetools_read:/home/jdurs/ros2_jazzy/install/test_tracetools_launch:/home/jdurs/ros2_jazzy/install/test_ros2trace:/home/jdurs/ros2_jazzy/install/test_launch_ros:/home/jdurs/ros2_jazzy/install/rpyutils:/home/jdurs/ros2_jazzy/install/rosidl_runtime_py:/home/jdurs/ros2_jazzy/install/rosidl_pycommon:/home/jdurs/ros2_jazzy/install/rosidl_cli:/home/jdurs/ros2_jazzy/install/launch_pytest:/home/jdurs/ros2_jazzy/install/launch_testing:/home/jdurs/ros2_jazzy/install/launch_yaml:/home/jdurs/ros2_jazzy/install/launch_xml:/home/jdurs/ros2_jazzy/install/launch:/home/jdurs/ros2_jazzy/install/osrf_pycommon:/home/jdurs/ros2_jazzy/install/domain_coordinator:/home/jdurs/ros2_jazzy/install/ament_xmllint:/home/jdurs/ros2_jazzy/install/ament_pyflakes:/home/jdurs/ros2_jazzy/install/ament_pycodestyle:/home/jdurs/ros2_jazzy/install/ament_pep257:/home/jdurs/ros2_jazzy/install/ament_pclint:/home/jdurs/ros2_jazzy/install/ament_package:/home/jdurs/ros2_jazzy/install/ament_mypy:/home/jdurs/ros2_jazzy/install/ament_lint_cmake:/home/jdurs/ros2_jazzy/install/ament_flake8:/home/jdurs/ros2_jazzy/install/ament_copyright:/home/jdurs/ros2_jazzy/install/ament_lint:/home/jdurs/ros2_jazzy/install/ament_index_python:/home/jdurs/ros2_jazzy/install/ament_cpplint:/home/jdurs/ros2_jazzy/install/ament_cppcheck:/home/jdurs/ros2_jazzy/install/ament_clang_tidy:/home/jdurs/ros2_jazzy/install/ament_clang_format /usr/bin/cmake --install /home/jdurs/benchTest/build/knee_sensor_interface
[10.053s] -- Install configuration: ""
[10.054s] -- Execute custom install script
[10.054s] -- Up-to-date symlink: /home/jdurs/benchTest/install/knee_sensor_interface/share/ament_index/resource_index/rosidl_interfaces/knee_sensor_interface
[10.054s] -- Up-to-date symlink: /home/jdurs/benchTest/install/knee_sensor_interface/share/knee_sensor_interface/msg/KneeSensor.json
[10.054s] -- Up-to-date symlink: /home/jdurs/benchTest/install/knee_sensor_interface/include/knee_sensor_interface/knee_sensor_interface/msg/detail/knee_sensor__functions.h
[10.054s] -- Up-to-date symlink: /home/jdurs/benchTest/install/knee_sensor_interface/include/knee_sensor_interface/knee_sensor_interface/msg/detail/knee_sensor__struct.h
[10.054s] -- Up-to-date symlink: /home/jdurs/benchTest/install/knee_sensor_interface/include/knee_sensor_interface/knee_sensor_interface/msg/detail/knee_sensor__type_support.h
[10.055s] -- Up-to-date symlink: /home/jdurs/benchTest/install/knee_sensor_interface/include/knee_sensor_interface/knee_sensor_interface/msg/knee_sensor.h
[10.055s] -- Up-to-date symlink: /home/jdurs/benchTest/install/knee_sensor_interface/include/knee_sensor_interface/knee_sensor_interface/msg/rosidl_generator_c__visibility_control.h
[10.055s] -- Up-to-date symlink: /home/jdurs/benchTest/install/knee_sensor_interface/share/knee_sensor_interface/environment/library_path.sh
[10.055s] -- Up-to-date symlink: /home/jdurs/benchTest/install/knee_sensor_interface/share/knee_sensor_interface/environment/library_path.dsv
[10.055s] -- Up-to-date symlink: /home/jdurs/benchTest/install/knee_sensor_interface/include/knee_sensor_interface/knee_sensor_interface/msg/detail/knee_sensor__rosidl_typesupport_introspection_c.h
[10.055s] -- Up-to-date symlink: /home/jdurs/benchTest/install/knee_sensor_interface/include/knee_sensor_interface/knee_sensor_interface/msg/rosidl_typesupport_introspection_c__visibility_control.h
[10.055s] -- Up-to-date symlink: /home/jdurs/benchTest/install/knee_sensor_interface/include/knee_sensor_interface/knee_sensor_interface/msg/detail/knee_sensor__rosidl_typesupport_fastrtps_c.h
[10.055s] -- Up-to-date symlink: /home/jdurs/benchTest/install/knee_sensor_interface/include/knee_sensor_interface/knee_sensor_interface/msg/rosidl_typesupport_fastrtps_c__visibility_control.h
[10.055s] -- Up-to-date symlink: /home/jdurs/benchTest/install/knee_sensor_interface/include/knee_sensor_interface/knee_sensor_interface/msg/detail/knee_sensor__builder.hpp
[10.055s] -- Up-to-date symlink: /home/jdurs/benchTest/install/knee_sensor_interface/include/knee_sensor_interface/knee_sensor_interface/msg/detail/knee_sensor__struct.hpp
[10.056s] -- Up-to-date symlink: /home/jdurs/benchTest/install/knee_sensor_interface/include/knee_sensor_interface/knee_sensor_interface/msg/detail/knee_sensor__traits.hpp
[10.056s] -- Up-to-date symlink: /home/jdurs/benchTest/install/knee_sensor_interface/include/knee_sensor_interface/knee_sensor_interface/msg/detail/knee_sensor__type_support.hpp
[10.056s] -- Up-to-date symlink: /home/jdurs/benchTest/install/knee_sensor_interface/include/knee_sensor_interface/knee_sensor_interface/msg/knee_sensor.hpp
[10.056s] -- Up-to-date symlink: /home/jdurs/benchTest/install/knee_sensor_interface/include/knee_sensor_interface/knee_sensor_interface/msg/rosidl_generator_cpp__visibility_control.hpp
[10.056s] -- Up-to-date symlink: /home/jdurs/benchTest/install/knee_sensor_interface/include/knee_sensor_interface/knee_sensor_interface/msg/detail/knee_sensor__rosidl_typesupport_introspection_cpp.hpp
[10.056s] -- Up-to-date symlink: /home/jdurs/benchTest/install/knee_sensor_interface/include/knee_sensor_interface/knee_sensor_interface/msg/detail/knee_sensor__rosidl_typesupport_fastrtps_cpp.hpp
[10.056s] -- Up-to-date symlink: /home/jdurs/benchTest/install/knee_sensor_interface/include/knee_sensor_interface/knee_sensor_interface/msg/rosidl_typesupport_fastrtps_cpp__visibility_control.h
[10.056s] -- Up-to-date symlink: /home/jdurs/benchTest/install/knee_sensor_interface/share/knee_sensor_interface/environment/pythonpath.sh
[10.056s] -- Up-to-date symlink: /home/jdurs/benchTest/install/knee_sensor_interface/share/knee_sensor_interface/environment/pythonpath.dsv
[10.056s] -- Up-to-date symlink: /home/jdurs/benchTest/install/knee_sensor_interface/lib/python3.12/site-packages/knee_sensor_interface-0.0.0-py3.12.egg-info/PKG-INFO
[10.057s] -- Up-to-date symlink: /home/jdurs/benchTest/install/knee_sensor_interface/lib/python3.12/site-packages/knee_sensor_interface-0.0.0-py3.12.egg-info/SOURCES.txt
[10.057s] -- Up-to-date symlink: /home/jdurs/benchTest/install/knee_sensor_interface/lib/python3.12/site-packages/knee_sensor_interface-0.0.0-py3.12.egg-info/dependency_links.txt
[10.057s] -- Up-to-date symlink: /home/jdurs/benchTest/install/knee_sensor_interface/lib/python3.12/site-packages/knee_sensor_interface-0.0.0-py3.12.egg-info/top_level.txt
[10.057s] -- Up-to-date symlink: /home/jdurs/benchTest/install/knee_sensor_interface/lib/python3.12/site-packages/knee_sensor_interface/__init__.py
[10.057s] -- Up-to-date symlink: /home/jdurs/benchTest/install/knee_sensor_interface/lib/python3.12/site-packages/knee_sensor_interface/_knee_sensor_interface_s.ep.rosidl_typesupport_c.c
[10.057s] -- Up-to-date symlink: /home/jdurs/benchTest/install/knee_sensor_interface/lib/python3.12/site-packages/knee_sensor_interface/_knee_sensor_interface_s.ep.rosidl_typesupport_fastrtps_c.c
[10.057s] -- Up-to-date symlink: /home/jdurs/benchTest/install/knee_sensor_interface/lib/python3.12/site-packages/knee_sensor_interface/_knee_sensor_interface_s.ep.rosidl_typesupport_introspection_c.c
[10.057s] -- Up-to-date symlink: /home/jdurs/benchTest/install/knee_sensor_interface/lib/python3.12/site-packages/knee_sensor_interface/knee_sensor_interface_s__rosidl_typesupport_c.so
[10.058s] -- Up-to-date symlink: /home/jdurs/benchTest/install/knee_sensor_interface/lib/python3.12/site-packages/knee_sensor_interface/knee_sensor_interface_s__rosidl_typesupport_fastrtps_c.so
[10.058s] -- Up-to-date symlink: /home/jdurs/benchTest/install/knee_sensor_interface/lib/python3.12/site-packages/knee_sensor_interface/knee_sensor_interface_s__rosidl_typesupport_introspection_c.so
[10.058s] -- Up-to-date symlink: /home/jdurs/benchTest/install/knee_sensor_interface/lib/python3.12/site-packages/knee_sensor_interface/msg/__init__.py
[10.058s] -- Up-to-date symlink: /home/jdurs/benchTest/install/knee_sensor_interface/lib/python3.12/site-packages/knee_sensor_interface/msg/_knee_sensor.py
[10.058s] -- Up-to-date symlink: /home/jdurs/benchTest/install/knee_sensor_interface/lib/python3.12/site-packages/knee_sensor_interface/msg/_knee_sensor_s.c
[10.058s] -- Up-to-date symlink: /home/jdurs/benchTest/install/knee_sensor_interface/lib/python3.12/site-packages/knee_sensor_interface/knee_sensor_interface_s__rosidl_typesupport_introspection_c.so
[10.058s] -- Up-to-date symlink: /home/jdurs/benchTest/install/knee_sensor_interface/lib/python3.12/site-packages/knee_sensor_interface/knee_sensor_interface_s__rosidl_typesupport_fastrtps_c.so
[10.058s] -- Up-to-date symlink: /home/jdurs/benchTest/install/knee_sensor_interface/lib/python3.12/site-packages/knee_sensor_interface/knee_sensor_interface_s__rosidl_typesupport_c.so
[10.058s] -- Up-to-date symlink: /home/jdurs/benchTest/install/knee_sensor_interface/share/ament_index/resource_index/rust_packages/knee_sensor_interface
[10.058s] -- Up-to-date symlink: /home/jdurs/benchTest/install/knee_sensor_interface/share/knee_sensor_interface/rust/Cargo.toml
[10.058s] -- Up-to-date symlink: /home/jdurs/benchTest/install/knee_sensor_interface/share/knee_sensor_interface/rust/build.rs
[10.058s] -- Up-to-date symlink: /home/jdurs/benchTest/install/knee_sensor_interface/share/knee_sensor_interface/rust/src/lib.rs
[10.058s] -- Up-to-date symlink: /home/jdurs/benchTest/install/knee_sensor_interface/share/knee_sensor_interface/rust/src/msg.rs
[10.058s] -- Up-to-date symlink: /home/jdurs/benchTest/install/knee_sensor_interface/share/knee_sensor_interface/rust/src/msg/rmw.rs
[10.059s] -- Up-to-date symlink: /home/jdurs/benchTest/install/knee_sensor_interface/share/knee_sensor_interface/msg/KneeSensor.idl
[10.059s] -- Up-to-date symlink: /home/jdurs/benchTest/install/knee_sensor_interface/share/knee_sensor_interface/msg/KneeSensor.msg
[10.059s] -- Up-to-date symlink: /home/jdurs/benchTest/install/knee_sensor_interface/lib/knee_sensor_interface/knee_sensor_interface_node
[10.059s] -- Symlinking: /home/jdurs/benchTest/install/knee_sensor_interface/lib/knee_sensor_interface/calculate_dead_zone
[10.072s] -- Up-to-date symlink: /home/jdurs/benchTest/install/knee_sensor_interface/share/ament_index/resource_index/package_run_dependencies/knee_sensor_interface
[10.073s] -- Up-to-date symlink: /home/jdurs/benchTest/install/knee_sensor_interface/share/ament_index/resource_index/parent_prefix_path/knee_sensor_interface
[10.073s] -- Up-to-date symlink: /home/jdurs/benchTest/install/knee_sensor_interface/share/knee_sensor_interface/environment/ament_prefix_path.sh
[10.073s] -- Up-to-date symlink: /home/jdurs/benchTest/install/knee_sensor_interface/share/knee_sensor_interface/environment/ament_prefix_path.dsv
[10.073s] -- Up-to-date symlink: /home/jdurs/benchTest/install/knee_sensor_interface/share/knee_sensor_interface/environment/path.sh
[10.073s] -- Up-to-date symlink: /home/jdurs/benchTest/install/knee_sensor_interface/share/knee_sensor_interface/environment/path.dsv
[10.074s] -- Up-to-date symlink: /home/jdurs/benchTest/install/knee_sensor_interface/share/knee_sensor_interface/local_setup.bash
[10.074s] -- Up-to-date symlink: /home/jdurs/benchTest/install/knee_sensor_interface/share/knee_sensor_interface/local_setup.sh
[10.074s] -- Up-to-date symlink: /home/jdurs/benchTest/install/knee_sensor_interface/share/knee_sensor_interface/local_setup.zsh
[10.074s] -- Up-to-date symlink: /home/jdurs/benchTest/install/knee_sensor_interface/share/knee_sensor_interface/local_setup.dsv
[10.074s] -- Symlinking: /home/jdurs/benchTest/install/knee_sensor_interface/share/knee_sensor_interface/package.dsv
[10.088s] -- Up-to-date symlink: /home/jdurs/benchTest/install/knee_sensor_interface/share/ament_index/resource_index/packages/knee_sensor_interface
[10.088s] -- Up-to-date symlink: /home/jdurs/benchTest/install/knee_sensor_interface/share/knee_sensor_interface/cmake/rosidl_cmake-extras.cmake
[10.088s] -- Up-to-date symlink: /home/jdurs/benchTest/install/knee_sensor_interface/share/knee_sensor_interface/cmake/ament_cmake_export_dependencies-extras.cmake
[10.088s] -- Up-to-date symlink: /home/jdurs/benchTest/install/knee_sensor_interface/share/knee_sensor_interface/cmake/ament_cmake_export_include_directories-extras.cmake
[10.088s] -- Up-to-date symlink: /home/jdurs/benchTest/install/knee_sensor_interface/share/knee_sensor_interface/cmake/ament_cmake_export_libraries-extras.cmake
[10.088s] -- Up-to-date symlink: /home/jdurs/benchTest/install/knee_sensor_interface/share/knee_sensor_interface/cmake/ament_cmake_export_targets-extras.cmake
[10.088s] -- Up-to-date symlink: /home/jdurs/benchTest/install/knee_sensor_interface/share/knee_sensor_interface/cmake/rosidl_cmake_export_typesupport_targets-extras.cmake
[10.088s] -- Up-to-date symlink: /home/jdurs/benchTest/install/knee_sensor_interface/share/knee_sensor_interface/cmake/rosidl_cmake_export_typesupport_libraries-extras.cmake
[10.088s] -- Up-to-date symlink: /home/jdurs/benchTest/install/knee_sensor_interface/share/knee_sensor_interface/cmake/rosidl_cmake_aggregate_target-extras.cmake
[10.089s] -- Up-to-date symlink: /home/jdurs/benchTest/install/knee_sensor_interface/share/knee_sensor_interface/cmake/knee_sensor_interfaceConfig.cmake
[10.090s] -- Up-to-date symlink: /home/jdurs/benchTest/install/knee_sensor_interface/share/knee_sensor_interface/cmake/knee_sensor_interfaceConfig-version.cmake
[10.090s] -- Up-to-date symlink: /home/jdurs/benchTest/install/knee_sensor_interface/share/knee_sensor_interface/package.xml
[10.091s] -- Up-to-date: /home/jdurs/benchTest/install/knee_sensor_interface/lib/libknee_sensor_interface__rosidl_generator_c.so
[10.092s] -- Up-to-date: /home/jdurs/benchTest/install/knee_sensor_interface/lib/libknee_sensor_interface__rosidl_typesupport_introspection_c.so
[10.093s] -- Up-to-date: /home/jdurs/benchTest/install/knee_sensor_interface/lib/libknee_sensor_interface__rosidl_typesupport_fastrtps_c.so
[10.093s] -- Up-to-date: /home/jdurs/benchTest/install/knee_sensor_interface/lib/libknee_sensor_interface__rosidl_typesupport_c.so
[10.093s] -- Up-to-date: /home/jdurs/benchTest/install/knee_sensor_interface/lib/libknee_sensor_interface__rosidl_typesupport_introspection_cpp.so
[10.094s] -- Up-to-date: /home/jdurs/benchTest/install/knee_sensor_interface/lib/libknee_sensor_interface__rosidl_typesupport_fastrtps_cpp.so
[10.094s] -- Up-to-date: /home/jdurs/benchTest/install/knee_sensor_interface/lib/libknee_sensor_interface__rosidl_typesupport_cpp.so
[10.170s] Listing '/home/jdurs/benchTest/install/knee_sensor_interface/lib/python3.12/site-packages/knee_sensor_interface'...
[10.170s] Compiling '/home/jdurs/benchTest/install/knee_sensor_interface/lib/python3.12/site-packages/knee_sensor_interface/__init__.py'...
[10.170s] Listing '/home/jdurs/benchTest/install/knee_sensor_interface/lib/python3.12/site-packages/knee_sensor_interface/msg'...
[10.175s] -- Up-to-date: /home/jdurs/benchTest/install/knee_sensor_interface/lib/libknee_sensor_interface__rosidl_generator_py.so
[10.175s] -- Up-to-date: /home/jdurs/benchTest/install/knee_sensor_interface/share/knee_sensor_interface/cmake/export_knee_sensor_interface__rosidl_generator_cExport.cmake
[10.176s] -- Up-to-date: /home/jdurs/benchTest/install/knee_sensor_interface/share/knee_sensor_interface/cmake/export_knee_sensor_interface__rosidl_generator_cExport-noconfig.cmake
[10.176s] -- Up-to-date: /home/jdurs/benchTest/install/knee_sensor_interface/share/knee_sensor_interface/cmake/knee_sensor_interface__rosidl_typesupport_introspection_cExport.cmake
[10.176s] -- Up-to-date: /home/jdurs/benchTest/install/knee_sensor_interface/share/knee_sensor_interface/cmake/knee_sensor_interface__rosidl_typesupport_introspection_cExport-noconfig.cmake
[10.176s] -- Up-to-date: /home/jdurs/benchTest/install/knee_sensor_interface/share/knee_sensor_interface/cmake/export_knee_sensor_interface__rosidl_typesupport_fastrtps_cExport.cmake
[10.176s] -- Up-to-date: /home/jdurs/benchTest/install/knee_sensor_interface/share/knee_sensor_interface/cmake/export_knee_sensor_interface__rosidl_typesupport_fastrtps_cExport-noconfig.cmake
[10.176s] -- Up-to-date: /home/jdurs/benchTest/install/knee_sensor_interface/share/knee_sensor_interface/cmake/knee_sensor_interface__rosidl_typesupport_cExport.cmake
[10.176s] -- Up-to-date: /home/jdurs/benchTest/install/knee_sensor_interface/share/knee_sensor_interface/cmake/knee_sensor_interface__rosidl_typesupport_cExport-noconfig.cmake
[10.176s] -- Up-to-date: /home/jdurs/benchTest/install/knee_sensor_interface/share/knee_sensor_interface/cmake/export_knee_sensor_interface__rosidl_generator_cppExport.cmake
[10.176s] -- Up-to-date: /home/jdurs/benchTest/install/knee_sensor_interface/share/knee_sensor_interface/cmake/knee_sensor_interface__rosidl_typesupport_introspection_cppExport.cmake
[10.176s] -- Up-to-date: /home/jdurs/benchTest/install/knee_sensor_interface/share/knee_sensor_interface/cmake/knee_sensor_interface__rosidl_typesupport_introspection_cppExport-noconfig.cmake
[10.176s] -- Up-to-date: /home/jdurs/benchTest/install/knee_sensor_interface/share/knee_sensor_interface/cmake/export_knee_sensor_interface__rosidl_typesupport_fastrtps_cppExport.cmake
[10.176s] -- Up-to-date: /home/jdurs/benchTest/install/knee_sensor_interface/share/knee_sensor_interface/cmake/export_knee_sensor_interface__rosidl_typesupport_fastrtps_cppExport-noconfig.cmake
[10.176s] -- Up-to-date: /home/jdurs/benchTest/install/knee_sensor_interface/share/knee_sensor_interface/cmake/knee_sensor_interface__rosidl_typesupport_cppExport.cmake
[10.176s] -- Up-to-date: /home/jdurs/benchTest/install/knee_sensor_interface/share/knee_sensor_interface/cmake/knee_sensor_interface__rosidl_typesupport_cppExport-noconfig.cmake
[10.176s] -- Up-to-date: /home/jdurs/benchTest/install/knee_sensor_interface/share/knee_sensor_interface/cmake/export_knee_sensor_interface__rosidl_generator_pyExport.cmake
[10.176s] -- Up-to-date: /home/jdurs/benchTest/install/knee_sensor_interface/share/knee_sensor_interface/cmake/export_knee_sensor_interface__rosidl_generator_pyExport-noconfig.cmake
[10.178s] Invoked command in '/home/jdurs/benchTest/build/knee_sensor_interface' returned '0': CMAKE_PREFIX_PATH=${CMAKE_PREFIX_PATH}:/home/jdurs/ros2_jazzy/install/rqt_bag_plugins:/home/jdurs/ros2_jazzy/install/launch_testing_examples:/home/jdurs/ros2_jazzy/install/ros2bag:/home/jdurs/ros2_jazzy/install/rqt_bag:/home/jdurs/ros2_jazzy/install/rosbag2_examples_py:/home/jdurs/ros2_jazzy/install/tracetools_test:/home/jdurs/ros2_jazzy/install/tracetools_launch:/home/jdurs/ros2_jazzy/install/topic_monitor:/home/jdurs/ros2_jazzy/install/tf2_tools:/home/jdurs/ros2_jazzy/install/examples_tf2_py:/home/jdurs/ros2_jazzy/install/tf2_ros_py:/home/jdurs/ros2_jazzy/install/examples_rclpy_pointcloud_publisher:/home/jdurs/ros2_jazzy/install/sensor_msgs_py:/home/jdurs/ros2_jazzy/install/quality_of_service_demo_py:/home/jdurs/ros2_jazzy/install/camera_info_manager_py:/home/jdurs/ros2_jazzy/install/rqt_plot:/home/jdurs/ros2_jazzy/install/ros2doctor:/home/jdurs/ros2_jazzy/install/lifecycle_py:/home/jdurs/ros2_jazzy/install/examples_rclpy_minimal_subscriber:/home/jdurs/ros2_jazzy/install/examples_rclpy_minimal_service:/home/jdurs/ros2_jazzy/install/examples_rclpy_minimal_publisher:/home/jdurs/ros2_jazzy/install/examples_rclpy_minimal_client:/home/jdurs/ros2_jazzy/install/examples_rclpy_executors:/home/jdurs/ros2_jazzy/install/demo_nodes_py:/home/jdurs/ros2_jazzy/install/rqt:/home/jdurs/ros2_jazzy/install/ros2component:/home/jdurs/ros2_jazzy/install/sros2:/home/jdurs/ros2_jazzy/install/rqt_topic:/home/jdurs/ros2_jazzy/install/rqt_srv:/home/jdurs/ros2_jazzy/install/rqt_shell:/home/jdurs/ros2_jazzy/install/rqt_service_caller:/home/jdurs/ros2_jazzy/install/rqt_reconfigure:/home/jdurs/ros2_jazzy/install/rqt_py_console:/home/jdurs/ros2_jazzy/install/rqt_publisher:/home/jdurs/ros2_jazzy/install/rqt_action:/home/jdurs/ros2_jazzy/install/rqt_msg:/home/jdurs/ros2_jazzy/install/rqt_console:/home/jdurs/ros2_jazzy/install/rqt_graph:/home/jdurs/ros2_jazzy/install/rqt_gui_py:/home/jdurs/ros2_jazzy/install/rqt_gui:/home/jdurs/ros2_jazzy/install/ros2trace:/home/jdurs/ros2_jazzy/install/ros2param:/home/jdurs/ros2_jazzy/install/ros2lifecycle:/home/jdurs/ros2_jazzy/install/ros2service:/home/jdurs/ros2_jazzy/install/ros2topic:/home/jdurs/ros2_jazzy/install/ros2test:/home/jdurs/ros2_jazzy/install/ros2run:/home/jdurs/ros2_jazzy/install/ros2plugin:/home/jdurs/ros2_jazzy/install/ros2launch:/home/jdurs/ros2_jazzy/install/ros2pkg:/home/jdurs/ros2_jazzy/install/ros2node:/home/jdurs/ros2_jazzy/install/ros2multicast:/home/jdurs/ros2_jazzy/install/ros2interface:/home/jdurs/ros2_jazzy/install/ros2action:/home/jdurs/ros2_jazzy/install/ros2cli:/home/jdurs/ros2_jazzy/install/launch_testing_ros:/home/jdurs/ros2_jazzy/install/launch_ros:/home/jdurs/ros2_jazzy/install/examples_rclpy_minimal_action_server:/home/jdurs/ros2_jazzy/install/examples_rclpy_minimal_action_client:/home/jdurs/ros2_jazzy/install/examples_rclpy_guard_conditions:/home/jdurs/ros2_jazzy/install/action_tutorials_py:/home/jdurs/ros2_jazzy/install/ament_uncrustify:/home/jdurs/ros2_jazzy/install/tracetools_trace:/home/jdurs/ros2_jazzy/install/tracetools_read:/home/jdurs/ros2_jazzy/install/test_tracetools_launch:/home/jdurs/ros2_jazzy/install/test_ros2trace:/home/jdurs/ros2_jazzy/install/test_launch_ros:/home/jdurs/ros2_jazzy/install/rpyutils:/home/jdurs/ros2_jazzy/install/rosidl_runtime_py:/home/jdurs/ros2_jazzy/install/rosidl_pycommon:/home/jdurs/ros2_jazzy/install/rosidl_cli:/home/jdurs/ros2_jazzy/install/launch_pytest:/home/jdurs/ros2_jazzy/install/launch_testing:/home/jdurs/ros2_jazzy/install/launch_yaml:/home/jdurs/ros2_jazzy/install/launch_xml:/home/jdurs/ros2_jazzy/install/launch:/home/jdurs/ros2_jazzy/install/osrf_pycommon:/home/jdurs/ros2_jazzy/install/domain_coordinator:/home/jdurs/ros2_jazzy/install/ament_xmllint:/home/jdurs/ros2_jazzy/install/ament_pyflakes:/home/jdurs/ros2_jazzy/install/ament_pycodestyle:/home/jdurs/ros2_jazzy/install/ament_pep257:/home/jdurs/ros2_jazzy/install/ament_pclint:/home/jdurs/ros2_jazzy/install/ament_package:/home/jdurs/ros2_jazzy/install/ament_mypy:/home/jdurs/ros2_jazzy/install/ament_lint_cmake:/home/jdurs/ros2_jazzy/install/ament_flake8:/home/jdurs/ros2_jazzy/install/ament_copyright:/home/jdurs/ros2_jazzy/install/ament_lint:/home/jdurs/ros2_jazzy/install/ament_index_python:/home/jdurs/ros2_jazzy/install/ament_cpplint:/home/jdurs/ros2_jazzy/install/ament_cppcheck:/home/jdurs/ros2_jazzy/install/ament_clang_tidy:/home/jdurs/ros2_jazzy/install/ament_clang_format /usr/bin/cmake --install /home/jdurs/benchTest/build/knee_sensor_interface
