[0.020s] Invoking command in '/home/jdurs/benchTest/build/knee_sensor_interface': CMAKE_PREFIX_PATH=${CMAKE_PREFIX_PATH}:/home/jdurs/ros2_jazzy/install/rqt_bag_plugins:/home/jdurs/ros2_jazzy/install/launch_testing_examples:/home/jdurs/ros2_jazzy/install/ros2bag:/home/jdurs/ros2_jazzy/install/rqt_bag:/home/jdurs/ros2_jazzy/install/rosbag2_examples_py:/home/jdurs/ros2_jazzy/install/tracetools_test:/home/jdurs/ros2_jazzy/install/tracetools_launch:/home/jdurs/ros2_jazzy/install/topic_monitor:/home/jdurs/ros2_jazzy/install/tf2_tools:/home/jdurs/ros2_jazzy/install/examples_tf2_py:/home/jdurs/ros2_jazzy/install/tf2_ros_py:/home/jdurs/ros2_jazzy/install/examples_rclpy_pointcloud_publisher:/home/jdurs/ros2_jazzy/install/sensor_msgs_py:/home/jdurs/ros2_jazzy/install/quality_of_service_demo_py:/home/jdurs/ros2_jazzy/install/camera_info_manager_py:/home/jdurs/ros2_jazzy/install/rqt_plot:/home/jdurs/ros2_jazzy/install/ros2doctor:/home/jdurs/ros2_jazzy/install/lifecycle_py:/home/jdurs/ros2_jazzy/install/examples_rclpy_minimal_subscriber:/home/jdurs/ros2_jazzy/install/examples_rclpy_minimal_service:/home/jdurs/ros2_jazzy/install/examples_rclpy_minimal_publisher:/home/jdurs/ros2_jazzy/install/examples_rclpy_minimal_client:/home/jdurs/ros2_jazzy/install/examples_rclpy_executors:/home/jdurs/ros2_jazzy/install/demo_nodes_py:/home/jdurs/ros2_jazzy/install/rqt:/home/jdurs/ros2_jazzy/install/ros2component:/home/jdurs/ros2_jazzy/install/sros2:/home/jdurs/ros2_jazzy/install/rqt_topic:/home/jdurs/ros2_jazzy/install/rqt_srv:/home/jdurs/ros2_jazzy/install/rqt_shell:/home/jdurs/ros2_jazzy/install/rqt_service_caller:/home/jdurs/ros2_jazzy/install/rqt_reconfigure:/home/jdurs/ros2_jazzy/install/rqt_py_console:/home/jdurs/ros2_jazzy/install/rqt_publisher:/home/jdurs/ros2_jazzy/install/rqt_action:/home/jdurs/ros2_jazzy/install/rqt_msg:/home/jdurs/ros2_jazzy/install/rqt_console:/home/jdurs/ros2_jazzy/install/rqt_graph:/home/jdurs/ros2_jazzy/install/rqt_gui_py:/home/jdurs/ros2_jazzy/install/rqt_gui:/home/jdurs/ros2_jazzy/install/ros2trace:/home/jdurs/ros2_jazzy/install/ros2param:/home/jdurs/ros2_jazzy/install/ros2lifecycle:/home/jdurs/ros2_jazzy/install/ros2service:/home/jdurs/ros2_jazzy/install/ros2topic:/home/jdurs/ros2_jazzy/install/ros2test:/home/jdurs/ros2_jazzy/install/ros2run:/home/jdurs/ros2_jazzy/install/ros2plugin:/home/jdurs/ros2_jazzy/install/ros2launch:/home/jdurs/ros2_jazzy/install/ros2pkg:/home/jdurs/ros2_jazzy/install/ros2node:/home/jdurs/ros2_jazzy/install/ros2multicast:/home/jdurs/ros2_jazzy/install/ros2interface:/home/jdurs/ros2_jazzy/install/ros2action:/home/jdurs/ros2_jazzy/install/ros2cli:/home/jdurs/ros2_jazzy/install/launch_testing_ros:/home/jdurs/ros2_jazzy/install/launch_ros:/home/jdurs/ros2_jazzy/install/examples_rclpy_minimal_action_server:/home/jdurs/ros2_jazzy/install/examples_rclpy_minimal_action_client:/home/jdurs/ros2_jazzy/install/examples_rclpy_guard_conditions:/home/jdurs/ros2_jazzy/install/action_tutorials_py:/home/jdurs/ros2_jazzy/install/ament_uncrustify:/home/jdurs/ros2_jazzy/install/tracetools_trace:/home/jdurs/ros2_jazzy/install/tracetools_read:/home/jdurs/ros2_jazzy/install/test_tracetools_launch:/home/jdurs/ros2_jazzy/install/test_ros2trace:/home/jdurs/ros2_jazzy/install/test_launch_ros:/home/jdurs/ros2_jazzy/install/rpyutils:/home/jdurs/ros2_jazzy/install/rosidl_runtime_py:/home/jdurs/ros2_jazzy/install/rosidl_pycommon:/home/jdurs/ros2_jazzy/install/rosidl_cli:/home/jdurs/ros2_jazzy/install/launch_pytest:/home/jdurs/ros2_jazzy/install/launch_testing:/home/jdurs/ros2_jazzy/install/launch_yaml:/home/jdurs/ros2_jazzy/install/launch_xml:/home/jdurs/ros2_jazzy/install/launch:/home/jdurs/ros2_jazzy/install/osrf_pycommon:/home/jdurs/ros2_jazzy/install/domain_coordinator:/home/jdurs/ros2_jazzy/install/ament_xmllint:/home/jdurs/ros2_jazzy/install/ament_pyflakes:/home/jdurs/ros2_jazzy/install/ament_pycodestyle:/home/jdurs/ros2_jazzy/install/ament_pep257:/home/jdurs/ros2_jazzy/install/ament_pclint:/home/jdurs/ros2_jazzy/install/ament_package:/home/jdurs/ros2_jazzy/install/ament_mypy:/home/jdurs/ros2_jazzy/install/ament_lint_cmake:/home/jdurs/ros2_jazzy/install/ament_flake8:/home/jdurs/ros2_jazzy/install/ament_copyright:/home/jdurs/ros2_jazzy/install/ament_lint:/home/jdurs/ros2_jazzy/install/ament_index_python:/home/jdurs/ros2_jazzy/install/ament_cpplint:/home/jdurs/ros2_jazzy/install/ament_cppcheck:/home/jdurs/ros2_jazzy/install/ament_clang_tidy:/home/jdurs/ros2_jazzy/install/ament_clang_format /usr/bin/cmake /home/jdurs/benchTest/src/knee_sensor_interface -DAMENT_CMAKE_SYMLINK_INSTALL=1 -DCMAKE_INSTALL_PREFIX=/home/jdurs/benchTest/install/knee_sensor_interface
[0.128s] -- The C compiler identification is GNU 13.3.0
[0.514s] -- The CXX compiler identification is GNU 13.3.0
[0.820s] -- Detecting C compiler ABI info
[0.998s] -- Detecting C compiler ABI info - done
[1.004s] -- Check for working C compiler: /usr/bin/cc - skipped
[1.004s] -- Detecting C compile features
[1.004s] -- Detecting C compile features - done
[1.055s] -- Detecting CXX compiler ABI info
[1.274s] -- Detecting CXX compiler ABI info - done
[1.279s] -- Check for working CXX compiler: /usr/bin/c++ - skipped
[1.280s] -- Detecting CXX compile features
[1.280s] -- Detecting CXX compile features - done
[1.292s] -- Found ament_cmake: 2.5.6 (/home/jdurs/ros2_jazzy/install/ament_cmake/share/ament_cmake/cmake)
[1.672s] -- Found Python3: /usr/bin/python3 (found version "3.12.3") found components: Interpreter 
[1.786s] -- Override CMake install command with custom implementation using symlinks instead of copying resources
[1.940s] -- Found rosidl_default_generators: 1.6.0 (/home/jdurs/ros2_jazzy/install/rosidl_default_generators/share/rosidl_default_generators/cmake)
[2.030s] -- Using all available rosidl_typesupport_c: rosidl_typesupport_introspection_c;rosidl_typesupport_fastrtps_c
[2.232s] -- Using all available rosidl_typesupport_cpp: rosidl_typesupport_introspection_cpp;rosidl_typesupport_fastrtps_cpp
[2.325s] -- Found rosidl_adapter: 4.6.7 (/home/jdurs/ros2_jazzy/install/rosidl_adapter/share/rosidl_adapter/cmake)
[2.330s] -- Found std_msgs: 5.3.7 (/home/jdurs/ros2_jazzy/install/std_msgs/share/std_msgs/cmake)
[3.538s] -- Found ament_cmake_ros: 0.12.0 (/home/jdurs/ros2_jazzy/install/ament_cmake_ros/share/ament_cmake_ros/cmake)
[4.066s] -- Using all available rosidl_typesupport_c: rosidl_typesupport_introspection_c;rosidl_typesupport_fastrtps_c
[5.030s] -- Using all available rosidl_typesupport_cpp: rosidl_typesupport_introspection_cpp;rosidl_typesupport_fastrtps_cpp
[5.079s] -- Found python_cmake_module: 0.11.1 (/home/jdurs/ros2_jazzy/install/python_cmake_module/share/python_cmake_module/cmake)
[5.294s] -- Found PythonExtra: /usr/bin/python3  
[5.975s] -- Found Python3: /usr/bin/python3 (found version "3.12.3") found components: Interpreter Development NumPy Development.Module Development.Embed 
[6.133s] -- Found Python3: /usr/bin/python3 (found version "3.12.3") found components: Interpreter 
[6.147s] -- Found ament_lint_auto: 0.17.4 (/home/jdurs/ros2_jazzy/install/ament_lint_auto/share/ament_lint_auto/cmake)
[6.244s] -- Added test 'lint_cmake' to check CMake code style
[6.249s] -- Added test 'xmllint' to check XML markup files
[6.259s] -- Configuring done (6.2s)
[6.303s] -- Generating done (0.0s)
[6.311s] -- Build files have been written to: /home/jdurs/benchTest/build/knee_sensor_interface
[6.320s] Invoked command in '/home/jdurs/benchTest/build/knee_sensor_interface' returned '0': CMAKE_PREFIX_PATH=${CMAKE_PREFIX_PATH}:/home/jdurs/ros2_jazzy/install/rqt_bag_plugins:/home/jdurs/ros2_jazzy/install/launch_testing_examples:/home/jdurs/ros2_jazzy/install/ros2bag:/home/jdurs/ros2_jazzy/install/rqt_bag:/home/jdurs/ros2_jazzy/install/rosbag2_examples_py:/home/jdurs/ros2_jazzy/install/tracetools_test:/home/jdurs/ros2_jazzy/install/tracetools_launch:/home/jdurs/ros2_jazzy/install/topic_monitor:/home/jdurs/ros2_jazzy/install/tf2_tools:/home/jdurs/ros2_jazzy/install/examples_tf2_py:/home/jdurs/ros2_jazzy/install/tf2_ros_py:/home/jdurs/ros2_jazzy/install/examples_rclpy_pointcloud_publisher:/home/jdurs/ros2_jazzy/install/sensor_msgs_py:/home/jdurs/ros2_jazzy/install/quality_of_service_demo_py:/home/jdurs/ros2_jazzy/install/camera_info_manager_py:/home/jdurs/ros2_jazzy/install/rqt_plot:/home/jdurs/ros2_jazzy/install/ros2doctor:/home/jdurs/ros2_jazzy/install/lifecycle_py:/home/jdurs/ros2_jazzy/install/examples_rclpy_minimal_subscriber:/home/jdurs/ros2_jazzy/install/examples_rclpy_minimal_service:/home/jdurs/ros2_jazzy/install/examples_rclpy_minimal_publisher:/home/jdurs/ros2_jazzy/install/examples_rclpy_minimal_client:/home/jdurs/ros2_jazzy/install/examples_rclpy_executors:/home/jdurs/ros2_jazzy/install/demo_nodes_py:/home/jdurs/ros2_jazzy/install/rqt:/home/jdurs/ros2_jazzy/install/ros2component:/home/jdurs/ros2_jazzy/install/sros2:/home/jdurs/ros2_jazzy/install/rqt_topic:/home/jdurs/ros2_jazzy/install/rqt_srv:/home/jdurs/ros2_jazzy/install/rqt_shell:/home/jdurs/ros2_jazzy/install/rqt_service_caller:/home/jdurs/ros2_jazzy/install/rqt_reconfigure:/home/jdurs/ros2_jazzy/install/rqt_py_console:/home/jdurs/ros2_jazzy/install/rqt_publisher:/home/jdurs/ros2_jazzy/install/rqt_action:/home/jdurs/ros2_jazzy/install/rqt_msg:/home/jdurs/ros2_jazzy/install/rqt_console:/home/jdurs/ros2_jazzy/install/rqt_graph:/home/jdurs/ros2_jazzy/install/rqt_gui_py:/home/jdurs/ros2_jazzy/install/rqt_gui:/home/jdurs/ros2_jazzy/install/ros2trace:/home/jdurs/ros2_jazzy/install/ros2param:/home/jdurs/ros2_jazzy/install/ros2lifecycle:/home/jdurs/ros2_jazzy/install/ros2service:/home/jdurs/ros2_jazzy/install/ros2topic:/home/jdurs/ros2_jazzy/install/ros2test:/home/jdurs/ros2_jazzy/install/ros2run:/home/jdurs/ros2_jazzy/install/ros2plugin:/home/jdurs/ros2_jazzy/install/ros2launch:/home/jdurs/ros2_jazzy/install/ros2pkg:/home/jdurs/ros2_jazzy/install/ros2node:/home/jdurs/ros2_jazzy/install/ros2multicast:/home/jdurs/ros2_jazzy/install/ros2interface:/home/jdurs/ros2_jazzy/install/ros2action:/home/jdurs/ros2_jazzy/install/ros2cli:/home/jdurs/ros2_jazzy/install/launch_testing_ros:/home/jdurs/ros2_jazzy/install/launch_ros:/home/jdurs/ros2_jazzy/install/examples_rclpy_minimal_action_server:/home/jdurs/ros2_jazzy/install/examples_rclpy_minimal_action_client:/home/jdurs/ros2_jazzy/install/examples_rclpy_guard_conditions:/home/jdurs/ros2_jazzy/install/action_tutorials_py:/home/jdurs/ros2_jazzy/install/ament_uncrustify:/home/jdurs/ros2_jazzy/install/tracetools_trace:/home/jdurs/ros2_jazzy/install/tracetools_read:/home/jdurs/ros2_jazzy/install/test_tracetools_launch:/home/jdurs/ros2_jazzy/install/test_ros2trace:/home/jdurs/ros2_jazzy/install/test_launch_ros:/home/jdurs/ros2_jazzy/install/rpyutils:/home/jdurs/ros2_jazzy/install/rosidl_runtime_py:/home/jdurs/ros2_jazzy/install/rosidl_pycommon:/home/jdurs/ros2_jazzy/install/rosidl_cli:/home/jdurs/ros2_jazzy/install/launch_pytest:/home/jdurs/ros2_jazzy/install/launch_testing:/home/jdurs/ros2_jazzy/install/launch_yaml:/home/jdurs/ros2_jazzy/install/launch_xml:/home/jdurs/ros2_jazzy/install/launch:/home/jdurs/ros2_jazzy/install/osrf_pycommon:/home/jdurs/ros2_jazzy/install/domain_coordinator:/home/jdurs/ros2_jazzy/install/ament_xmllint:/home/jdurs/ros2_jazzy/install/ament_pyflakes:/home/jdurs/ros2_jazzy/install/ament_pycodestyle:/home/jdurs/ros2_jazzy/install/ament_pep257:/home/jdurs/ros2_jazzy/install/ament_pclint:/home/jdurs/ros2_jazzy/install/ament_package:/home/jdurs/ros2_jazzy/install/ament_mypy:/home/jdurs/ros2_jazzy/install/ament_lint_cmake:/home/jdurs/ros2_jazzy/install/ament_flake8:/home/jdurs/ros2_jazzy/install/ament_copyright:/home/jdurs/ros2_jazzy/install/ament_lint:/home/jdurs/ros2_jazzy/install/ament_index_python:/home/jdurs/ros2_jazzy/install/ament_cpplint:/home/jdurs/ros2_jazzy/install/ament_cppcheck:/home/jdurs/ros2_jazzy/install/ament_clang_tidy:/home/jdurs/ros2_jazzy/install/ament_clang_format /usr/bin/cmake /home/jdurs/benchTest/src/knee_sensor_interface -DAMENT_CMAKE_SYMLINK_INSTALL=1 -DCMAKE_INSTALL_PREFIX=/home/jdurs/benchTest/install/knee_sensor_interface
[6.320s] Invoking command in '/home/jdurs/benchTest/build/knee_sensor_interface': CMAKE_PREFIX_PATH=${CMAKE_PREFIX_PATH}:/home/jdurs/ros2_jazzy/install/rqt_bag_plugins:/home/jdurs/ros2_jazzy/install/launch_testing_examples:/home/jdurs/ros2_jazzy/install/ros2bag:/home/jdurs/ros2_jazzy/install/rqt_bag:/home/jdurs/ros2_jazzy/install/rosbag2_examples_py:/home/jdurs/ros2_jazzy/install/tracetools_test:/home/jdurs/ros2_jazzy/install/tracetools_launch:/home/jdurs/ros2_jazzy/install/topic_monitor:/home/jdurs/ros2_jazzy/install/tf2_tools:/home/jdurs/ros2_jazzy/install/examples_tf2_py:/home/jdurs/ros2_jazzy/install/tf2_ros_py:/home/jdurs/ros2_jazzy/install/examples_rclpy_pointcloud_publisher:/home/jdurs/ros2_jazzy/install/sensor_msgs_py:/home/jdurs/ros2_jazzy/install/quality_of_service_demo_py:/home/jdurs/ros2_jazzy/install/camera_info_manager_py:/home/jdurs/ros2_jazzy/install/rqt_plot:/home/jdurs/ros2_jazzy/install/ros2doctor:/home/jdurs/ros2_jazzy/install/lifecycle_py:/home/jdurs/ros2_jazzy/install/examples_rclpy_minimal_subscriber:/home/jdurs/ros2_jazzy/install/examples_rclpy_minimal_service:/home/jdurs/ros2_jazzy/install/examples_rclpy_minimal_publisher:/home/jdurs/ros2_jazzy/install/examples_rclpy_minimal_client:/home/jdurs/ros2_jazzy/install/examples_rclpy_executors:/home/jdurs/ros2_jazzy/install/demo_nodes_py:/home/jdurs/ros2_jazzy/install/rqt:/home/jdurs/ros2_jazzy/install/ros2component:/home/jdurs/ros2_jazzy/install/sros2:/home/jdurs/ros2_jazzy/install/rqt_topic:/home/jdurs/ros2_jazzy/install/rqt_srv:/home/jdurs/ros2_jazzy/install/rqt_shell:/home/jdurs/ros2_jazzy/install/rqt_service_caller:/home/jdurs/ros2_jazzy/install/rqt_reconfigure:/home/jdurs/ros2_jazzy/install/rqt_py_console:/home/jdurs/ros2_jazzy/install/rqt_publisher:/home/jdurs/ros2_jazzy/install/rqt_action:/home/jdurs/ros2_jazzy/install/rqt_msg:/home/jdurs/ros2_jazzy/install/rqt_console:/home/jdurs/ros2_jazzy/install/rqt_graph:/home/jdurs/ros2_jazzy/install/rqt_gui_py:/home/jdurs/ros2_jazzy/install/rqt_gui:/home/jdurs/ros2_jazzy/install/ros2trace:/home/jdurs/ros2_jazzy/install/ros2param:/home/jdurs/ros2_jazzy/install/ros2lifecycle:/home/jdurs/ros2_jazzy/install/ros2service:/home/jdurs/ros2_jazzy/install/ros2topic:/home/jdurs/ros2_jazzy/install/ros2test:/home/jdurs/ros2_jazzy/install/ros2run:/home/jdurs/ros2_jazzy/install/ros2plugin:/home/jdurs/ros2_jazzy/install/ros2launch:/home/jdurs/ros2_jazzy/install/ros2pkg:/home/jdurs/ros2_jazzy/install/ros2node:/home/jdurs/ros2_jazzy/install/ros2multicast:/home/jdurs/ros2_jazzy/install/ros2interface:/home/jdurs/ros2_jazzy/install/ros2action:/home/jdurs/ros2_jazzy/install/ros2cli:/home/jdurs/ros2_jazzy/install/launch_testing_ros:/home/jdurs/ros2_jazzy/install/launch_ros:/home/jdurs/ros2_jazzy/install/examples_rclpy_minimal_action_server:/home/jdurs/ros2_jazzy/install/examples_rclpy_minimal_action_client:/home/jdurs/ros2_jazzy/install/examples_rclpy_guard_conditions:/home/jdurs/ros2_jazzy/install/action_tutorials_py:/home/jdurs/ros2_jazzy/install/ament_uncrustify:/home/jdurs/ros2_jazzy/install/tracetools_trace:/home/jdurs/ros2_jazzy/install/tracetools_read:/home/jdurs/ros2_jazzy/install/test_tracetools_launch:/home/jdurs/ros2_jazzy/install/test_ros2trace:/home/jdurs/ros2_jazzy/install/test_launch_ros:/home/jdurs/ros2_jazzy/install/rpyutils:/home/jdurs/ros2_jazzy/install/rosidl_runtime_py:/home/jdurs/ros2_jazzy/install/rosidl_pycommon:/home/jdurs/ros2_jazzy/install/rosidl_cli:/home/jdurs/ros2_jazzy/install/launch_pytest:/home/jdurs/ros2_jazzy/install/launch_testing:/home/jdurs/ros2_jazzy/install/launch_yaml:/home/jdurs/ros2_jazzy/install/launch_xml:/home/jdurs/ros2_jazzy/install/launch:/home/jdurs/ros2_jazzy/install/osrf_pycommon:/home/jdurs/ros2_jazzy/install/domain_coordinator:/home/jdurs/ros2_jazzy/install/ament_xmllint:/home/jdurs/ros2_jazzy/install/ament_pyflakes:/home/jdurs/ros2_jazzy/install/ament_pycodestyle:/home/jdurs/ros2_jazzy/install/ament_pep257:/home/jdurs/ros2_jazzy/install/ament_pclint:/home/jdurs/ros2_jazzy/install/ament_package:/home/jdurs/ros2_jazzy/install/ament_mypy:/home/jdurs/ros2_jazzy/install/ament_lint_cmake:/home/jdurs/ros2_jazzy/install/ament_flake8:/home/jdurs/ros2_jazzy/install/ament_copyright:/home/jdurs/ros2_jazzy/install/ament_lint:/home/jdurs/ros2_jazzy/install/ament_index_python:/home/jdurs/ros2_jazzy/install/ament_cpplint:/home/jdurs/ros2_jazzy/install/ament_cppcheck:/home/jdurs/ros2_jazzy/install/ament_clang_tidy:/home/jdurs/ros2_jazzy/install/ament_clang_format /usr/bin/cmake --build /home/jdurs/benchTest/build/knee_sensor_interface -- -j24 -l24
[6.395s] [  2%] Generating Rust code for ROS interfaces
[6.396s] [  5%] Generating type hashes for ROS interfaces
[6.408s] [  5%] Built target ament_cmake_python_symlink_knee_sensor_interface
[6.655s] [  5%] Built target knee_sensor_interface__rosidl_generator_type_description
[6.672s] [  8%] Generating C code for ROS interfaces
[6.682s] [  8%] Built target knee_sensor_interface__rs
[6.690s] [ 11%] Generating C++ code for ROS interfaces
[6.708s] running egg_info
[6.709s] creating knee_sensor_interface.egg-info
[6.731s] writing knee_sensor_interface.egg-info/PKG-INFO
[6.731s] writing dependency_links to knee_sensor_interface.egg-info/dependency_links.txt
[6.731s] writing top-level names to knee_sensor_interface.egg-info/top_level.txt
[6.732s] writing manifest file 'knee_sensor_interface.egg-info/SOURCES.txt'
[6.803s] reading manifest file 'knee_sensor_interface.egg-info/SOURCES.txt'
[6.803s] writing manifest file 'knee_sensor_interface.egg-info/SOURCES.txt'
[6.833s] [ 11%] Built target ament_cmake_python_build_knee_sensor_interface_egg
[6.941s] [ 11%] Built target knee_sensor_interface__cpp
[6.952s] [ 20%] Building C object CMakeFiles/knee_sensor_interface__rosidl_generator_c.dir/rosidl_generator_c/knee_sensor_interface/msg/detail/knee_sensor__type_support.c.o
[6.952s] [ 20%] Building C object CMakeFiles/knee_sensor_interface__rosidl_generator_c.dir/rosidl_generator_c/knee_sensor_interface/msg/detail/knee_sensor__functions.c.o
[6.952s] [ 20%] Building C object CMakeFiles/knee_sensor_interface__rosidl_generator_c.dir/rosidl_generator_c/knee_sensor_interface/msg/detail/knee_sensor__description.c.o
[7.030s] [ 22%] Linking C shared library libknee_sensor_interface__rosidl_generator_c.so
[7.122s] [ 22%] Built target knee_sensor_interface__rosidl_generator_c
[7.136s] [ 28%] Generating C introspection for ROS interfaces
[7.136s] [ 25%] Generating C type support dispatch for ROS interfaces
[7.137s] [ 31%] Generating C type support for eProsima Fast-RTPS
[7.137s] [ 34%] Generating C++ type support dispatch for ROS interfaces
[7.137s] [ 37%] Generating C++ type support for eProsima Fast-RTPS
[7.140s] [ 40%] Generating C++ introspection for ROS interfaces
[7.400s] [ 42%] Building CXX object CMakeFiles/knee_sensor_interface__rosidl_typesupport_cpp.dir/rosidl_typesupport_cpp/knee_sensor_interface/msg/knee_sensor__type_support.cpp.o
[7.400s] [ 45%] Building CXX object CMakeFiles/knee_sensor_interface__rosidl_typesupport_c.dir/rosidl_typesupport_c/knee_sensor_interface/msg/knee_sensor__type_support.cpp.o
[7.420s] [ 48%] Building C object CMakeFiles/knee_sensor_interface__rosidl_typesupport_introspection_c.dir/rosidl_typesupport_introspection_c/knee_sensor_interface/msg/detail/knee_sensor__type_support.c.o
[7.422s] [ 51%] Building CXX object CMakeFiles/knee_sensor_interface__rosidl_typesupport_introspection_cpp.dir/rosidl_typesupport_introspection_cpp/knee_sensor_interface/msg/detail/knee_sensor__type_support.cpp.o
[7.431s] [ 54%] Building CXX object CMakeFiles/knee_sensor_interface__rosidl_typesupport_fastrtps_cpp.dir/rosidl_typesupport_fastrtps_cpp/knee_sensor_interface/msg/detail/dds_fastrtps/knee_sensor__type_support.cpp.o
[7.433s] [ 57%] Building CXX object CMakeFiles/knee_sensor_interface__rosidl_typesupport_fastrtps_c.dir/rosidl_typesupport_fastrtps_c/knee_sensor_interface/msg/detail/knee_sensor__type_support_c.cpp.o
[7.458s] [ 60%] Linking CXX shared library libknee_sensor_interface__rosidl_typesupport_c.so
[7.475s] [ 62%] Linking C shared library libknee_sensor_interface__rosidl_typesupport_introspection_c.so
[7.564s] [ 62%] Built target knee_sensor_interface__rosidl_typesupport_c
[7.571s] [ 62%] Built target knee_sensor_interface__rosidl_typesupport_introspection_c
[7.677s] [ 65%] Linking CXX shared library libknee_sensor_interface__rosidl_typesupport_cpp.so
[7.716s] [ 68%] Linking CXX shared library libknee_sensor_interface__rosidl_typesupport_introspection_cpp.so
[7.788s] [ 71%] Linking CXX shared library libknee_sensor_interface__rosidl_typesupport_fastrtps_c.so
[7.802s] [ 74%] Linking CXX shared library libknee_sensor_interface__rosidl_typesupport_fastrtps_cpp.so
[7.807s] [ 74%] Built target knee_sensor_interface__rosidl_typesupport_cpp
[7.850s] [ 74%] Built target knee_sensor_interface__rosidl_typesupport_introspection_cpp
[7.892s] [ 74%] Built target knee_sensor_interface__rosidl_typesupport_fastrtps_c
[7.909s] [ 74%] Built target knee_sensor_interface__rosidl_typesupport_fastrtps_cpp
[7.938s] [ 74%] Built target knee_sensor_interface
[7.964s] [ 77%] Generating Python code for ROS interfaces
[8.272s] [ 77%] Built target knee_sensor_interface__py
[8.301s] [ 80%] Building C object CMakeFiles/knee_sensor_interface__rosidl_generator_py.dir/rosidl_generator_py/knee_sensor_interface/msg/_knee_sensor_s.c.o
[8.438s] [ 82%] Linking C shared library libknee_sensor_interface__rosidl_generator_py.so
[8.629s] [ 82%] Built target knee_sensor_interface__rosidl_generator_py
[8.658s] [ 85%] Building C object CMakeFiles/knee_sensor_interface_s__rosidl_typesupport_introspection_c.dir/rosidl_generator_py/knee_sensor_interface/_knee_sensor_interface_s.ep.rosidl_typesupport_introspection_c.c.o
[8.658s] [ 88%] Building C object CMakeFiles/knee_sensor_interface_s__rosidl_typesupport_fastrtps_c.dir/rosidl_generator_py/knee_sensor_interface/_knee_sensor_interface_s.ep.rosidl_typesupport_fastrtps_c.c.o
[8.661s] [ 91%] Building C object CMakeFiles/knee_sensor_interface_s__rosidl_typesupport_c.dir/rosidl_generator_py/knee_sensor_interface/_knee_sensor_interface_s.ep.rosidl_typesupport_c.c.o
[8.741s] [ 94%] Linking C shared module rosidl_generator_py/knee_sensor_interface/knee_sensor_interface_s__rosidl_typesupport_fastrtps_c.so
[8.742s] [ 97%] Linking C shared module rosidl_generator_py/knee_sensor_interface/knee_sensor_interface_s__rosidl_typesupport_introspection_c.so
[8.743s] [100%] Linking C shared module rosidl_generator_py/knee_sensor_interface/knee_sensor_interface_s__rosidl_typesupport_c.so
[8.810s] [100%] Built target knee_sensor_interface_s__rosidl_typesupport_introspection_c
[8.810s] [100%] Built target knee_sensor_interface_s__rosidl_typesupport_c
[8.810s] [100%] Built target knee_sensor_interface_s__rosidl_typesupport_fastrtps_c
[8.824s] Invoked command in '/home/jdurs/benchTest/build/knee_sensor_interface' returned '0': CMAKE_PREFIX_PATH=${CMAKE_PREFIX_PATH}:/home/jdurs/ros2_jazzy/install/rqt_bag_plugins:/home/jdurs/ros2_jazzy/install/launch_testing_examples:/home/jdurs/ros2_jazzy/install/ros2bag:/home/jdurs/ros2_jazzy/install/rqt_bag:/home/jdurs/ros2_jazzy/install/rosbag2_examples_py:/home/jdurs/ros2_jazzy/install/tracetools_test:/home/jdurs/ros2_jazzy/install/tracetools_launch:/home/jdurs/ros2_jazzy/install/topic_monitor:/home/jdurs/ros2_jazzy/install/tf2_tools:/home/jdurs/ros2_jazzy/install/examples_tf2_py:/home/jdurs/ros2_jazzy/install/tf2_ros_py:/home/jdurs/ros2_jazzy/install/examples_rclpy_pointcloud_publisher:/home/jdurs/ros2_jazzy/install/sensor_msgs_py:/home/jdurs/ros2_jazzy/install/quality_of_service_demo_py:/home/jdurs/ros2_jazzy/install/camera_info_manager_py:/home/jdurs/ros2_jazzy/install/rqt_plot:/home/jdurs/ros2_jazzy/install/ros2doctor:/home/jdurs/ros2_jazzy/install/lifecycle_py:/home/jdurs/ros2_jazzy/install/examples_rclpy_minimal_subscriber:/home/jdurs/ros2_jazzy/install/examples_rclpy_minimal_service:/home/jdurs/ros2_jazzy/install/examples_rclpy_minimal_publisher:/home/jdurs/ros2_jazzy/install/examples_rclpy_minimal_client:/home/jdurs/ros2_jazzy/install/examples_rclpy_executors:/home/jdurs/ros2_jazzy/install/demo_nodes_py:/home/jdurs/ros2_jazzy/install/rqt:/home/jdurs/ros2_jazzy/install/ros2component:/home/jdurs/ros2_jazzy/install/sros2:/home/jdurs/ros2_jazzy/install/rqt_topic:/home/jdurs/ros2_jazzy/install/rqt_srv:/home/jdurs/ros2_jazzy/install/rqt_shell:/home/jdurs/ros2_jazzy/install/rqt_service_caller:/home/jdurs/ros2_jazzy/install/rqt_reconfigure:/home/jdurs/ros2_jazzy/install/rqt_py_console:/home/jdurs/ros2_jazzy/install/rqt_publisher:/home/jdurs/ros2_jazzy/install/rqt_action:/home/jdurs/ros2_jazzy/install/rqt_msg:/home/jdurs/ros2_jazzy/install/rqt_console:/home/jdurs/ros2_jazzy/install/rqt_graph:/home/jdurs/ros2_jazzy/install/rqt_gui_py:/home/jdurs/ros2_jazzy/install/rqt_gui:/home/jdurs/ros2_jazzy/install/ros2trace:/home/jdurs/ros2_jazzy/install/ros2param:/home/jdurs/ros2_jazzy/install/ros2lifecycle:/home/jdurs/ros2_jazzy/install/ros2service:/home/jdurs/ros2_jazzy/install/ros2topic:/home/jdurs/ros2_jazzy/install/ros2test:/home/jdurs/ros2_jazzy/install/ros2run:/home/jdurs/ros2_jazzy/install/ros2plugin:/home/jdurs/ros2_jazzy/install/ros2launch:/home/jdurs/ros2_jazzy/install/ros2pkg:/home/jdurs/ros2_jazzy/install/ros2node:/home/jdurs/ros2_jazzy/install/ros2multicast:/home/jdurs/ros2_jazzy/install/ros2interface:/home/jdurs/ros2_jazzy/install/ros2action:/home/jdurs/ros2_jazzy/install/ros2cli:/home/jdurs/ros2_jazzy/install/launch_testing_ros:/home/jdurs/ros2_jazzy/install/launch_ros:/home/jdurs/ros2_jazzy/install/examples_rclpy_minimal_action_server:/home/jdurs/ros2_jazzy/install/examples_rclpy_minimal_action_client:/home/jdurs/ros2_jazzy/install/examples_rclpy_guard_conditions:/home/jdurs/ros2_jazzy/install/action_tutorials_py:/home/jdurs/ros2_jazzy/install/ament_uncrustify:/home/jdurs/ros2_jazzy/install/tracetools_trace:/home/jdurs/ros2_jazzy/install/tracetools_read:/home/jdurs/ros2_jazzy/install/test_tracetools_launch:/home/jdurs/ros2_jazzy/install/test_ros2trace:/home/jdurs/ros2_jazzy/install/test_launch_ros:/home/jdurs/ros2_jazzy/install/rpyutils:/home/jdurs/ros2_jazzy/install/rosidl_runtime_py:/home/jdurs/ros2_jazzy/install/rosidl_pycommon:/home/jdurs/ros2_jazzy/install/rosidl_cli:/home/jdurs/ros2_jazzy/install/launch_pytest:/home/jdurs/ros2_jazzy/install/launch_testing:/home/jdurs/ros2_jazzy/install/launch_yaml:/home/jdurs/ros2_jazzy/install/launch_xml:/home/jdurs/ros2_jazzy/install/launch:/home/jdurs/ros2_jazzy/install/osrf_pycommon:/home/jdurs/ros2_jazzy/install/domain_coordinator:/home/jdurs/ros2_jazzy/install/ament_xmllint:/home/jdurs/ros2_jazzy/install/ament_pyflakes:/home/jdurs/ros2_jazzy/install/ament_pycodestyle:/home/jdurs/ros2_jazzy/install/ament_pep257:/home/jdurs/ros2_jazzy/install/ament_pclint:/home/jdurs/ros2_jazzy/install/ament_package:/home/jdurs/ros2_jazzy/install/ament_mypy:/home/jdurs/ros2_jazzy/install/ament_lint_cmake:/home/jdurs/ros2_jazzy/install/ament_flake8:/home/jdurs/ros2_jazzy/install/ament_copyright:/home/jdurs/ros2_jazzy/install/ament_lint:/home/jdurs/ros2_jazzy/install/ament_index_python:/home/jdurs/ros2_jazzy/install/ament_cpplint:/home/jdurs/ros2_jazzy/install/ament_cppcheck:/home/jdurs/ros2_jazzy/install/ament_clang_tidy:/home/jdurs/ros2_jazzy/install/ament_clang_format /usr/bin/cmake --build /home/jdurs/benchTest/build/knee_sensor_interface -- -j24 -l24
[8.839s] Invoking command in '/home/jdurs/benchTest/build/knee_sensor_interface': CMAKE_PREFIX_PATH=${CMAKE_PREFIX_PATH}:/home/jdurs/ros2_jazzy/install/rqt_bag_plugins:/home/jdurs/ros2_jazzy/install/launch_testing_examples:/home/jdurs/ros2_jazzy/install/ros2bag:/home/jdurs/ros2_jazzy/install/rqt_bag:/home/jdurs/ros2_jazzy/install/rosbag2_examples_py:/home/jdurs/ros2_jazzy/install/tracetools_test:/home/jdurs/ros2_jazzy/install/tracetools_launch:/home/jdurs/ros2_jazzy/install/topic_monitor:/home/jdurs/ros2_jazzy/install/tf2_tools:/home/jdurs/ros2_jazzy/install/examples_tf2_py:/home/jdurs/ros2_jazzy/install/tf2_ros_py:/home/jdurs/ros2_jazzy/install/examples_rclpy_pointcloud_publisher:/home/jdurs/ros2_jazzy/install/sensor_msgs_py:/home/jdurs/ros2_jazzy/install/quality_of_service_demo_py:/home/jdurs/ros2_jazzy/install/camera_info_manager_py:/home/jdurs/ros2_jazzy/install/rqt_plot:/home/jdurs/ros2_jazzy/install/ros2doctor:/home/jdurs/ros2_jazzy/install/lifecycle_py:/home/jdurs/ros2_jazzy/install/examples_rclpy_minimal_subscriber:/home/jdurs/ros2_jazzy/install/examples_rclpy_minimal_service:/home/jdurs/ros2_jazzy/install/examples_rclpy_minimal_publisher:/home/jdurs/ros2_jazzy/install/examples_rclpy_minimal_client:/home/jdurs/ros2_jazzy/install/examples_rclpy_executors:/home/jdurs/ros2_jazzy/install/demo_nodes_py:/home/jdurs/ros2_jazzy/install/rqt:/home/jdurs/ros2_jazzy/install/ros2component:/home/jdurs/ros2_jazzy/install/sros2:/home/jdurs/ros2_jazzy/install/rqt_topic:/home/jdurs/ros2_jazzy/install/rqt_srv:/home/jdurs/ros2_jazzy/install/rqt_shell:/home/jdurs/ros2_jazzy/install/rqt_service_caller:/home/jdurs/ros2_jazzy/install/rqt_reconfigure:/home/jdurs/ros2_jazzy/install/rqt_py_console:/home/jdurs/ros2_jazzy/install/rqt_publisher:/home/jdurs/ros2_jazzy/install/rqt_action:/home/jdurs/ros2_jazzy/install/rqt_msg:/home/jdurs/ros2_jazzy/install/rqt_console:/home/jdurs/ros2_jazzy/install/rqt_graph:/home/jdurs/ros2_jazzy/install/rqt_gui_py:/home/jdurs/ros2_jazzy/install/rqt_gui:/home/jdurs/ros2_jazzy/install/ros2trace:/home/jdurs/ros2_jazzy/install/ros2param:/home/jdurs/ros2_jazzy/install/ros2lifecycle:/home/jdurs/ros2_jazzy/install/ros2service:/home/jdurs/ros2_jazzy/install/ros2topic:/home/jdurs/ros2_jazzy/install/ros2test:/home/jdurs/ros2_jazzy/install/ros2run:/home/jdurs/ros2_jazzy/install/ros2plugin:/home/jdurs/ros2_jazzy/install/ros2launch:/home/jdurs/ros2_jazzy/install/ros2pkg:/home/jdurs/ros2_jazzy/install/ros2node:/home/jdurs/ros2_jazzy/install/ros2multicast:/home/jdurs/ros2_jazzy/install/ros2interface:/home/jdurs/ros2_jazzy/install/ros2action:/home/jdurs/ros2_jazzy/install/ros2cli:/home/jdurs/ros2_jazzy/install/launch_testing_ros:/home/jdurs/ros2_jazzy/install/launch_ros:/home/jdurs/ros2_jazzy/install/examples_rclpy_minimal_action_server:/home/jdurs/ros2_jazzy/install/examples_rclpy_minimal_action_client:/home/jdurs/ros2_jazzy/install/examples_rclpy_guard_conditions:/home/jdurs/ros2_jazzy/install/action_tutorials_py:/home/jdurs/ros2_jazzy/install/ament_uncrustify:/home/jdurs/ros2_jazzy/install/tracetools_trace:/home/jdurs/ros2_jazzy/install/tracetools_read:/home/jdurs/ros2_jazzy/install/test_tracetools_launch:/home/jdurs/ros2_jazzy/install/test_ros2trace:/home/jdurs/ros2_jazzy/install/test_launch_ros:/home/jdurs/ros2_jazzy/install/rpyutils:/home/jdurs/ros2_jazzy/install/rosidl_runtime_py:/home/jdurs/ros2_jazzy/install/rosidl_pycommon:/home/jdurs/ros2_jazzy/install/rosidl_cli:/home/jdurs/ros2_jazzy/install/launch_pytest:/home/jdurs/ros2_jazzy/install/launch_testing:/home/jdurs/ros2_jazzy/install/launch_yaml:/home/jdurs/ros2_jazzy/install/launch_xml:/home/jdurs/ros2_jazzy/install/launch:/home/jdurs/ros2_jazzy/install/osrf_pycommon:/home/jdurs/ros2_jazzy/install/domain_coordinator:/home/jdurs/ros2_jazzy/install/ament_xmllint:/home/jdurs/ros2_jazzy/install/ament_pyflakes:/home/jdurs/ros2_jazzy/install/ament_pycodestyle:/home/jdurs/ros2_jazzy/install/ament_pep257:/home/jdurs/ros2_jazzy/install/ament_pclint:/home/jdurs/ros2_jazzy/install/ament_package:/home/jdurs/ros2_jazzy/install/ament_mypy:/home/jdurs/ros2_jazzy/install/ament_lint_cmake:/home/jdurs/ros2_jazzy/install/ament_flake8:/home/jdurs/ros2_jazzy/install/ament_copyright:/home/jdurs/ros2_jazzy/install/ament_lint:/home/jdurs/ros2_jazzy/install/ament_index_python:/home/jdurs/ros2_jazzy/install/ament_cpplint:/home/jdurs/ros2_jazzy/install/ament_cppcheck:/home/jdurs/ros2_jazzy/install/ament_clang_tidy:/home/jdurs/ros2_jazzy/install/ament_clang_format /usr/bin/cmake --install /home/jdurs/benchTest/build/knee_sensor_interface
[8.850s] -- Install configuration: ""
[8.851s] -- Execute custom install script
[8.851s] -- Symlinking: /home/jdurs/benchTest/install/knee_sensor_interface/share/ament_index/resource_index/rosidl_interfaces/knee_sensor_interface
[8.864s] -- Symlinking: /home/jdurs/benchTest/install/knee_sensor_interface/share/knee_sensor_interface/msg/KneeSensor.json
[8.879s] -- Symlinking: /home/jdurs/benchTest/install/knee_sensor_interface/include/knee_sensor_interface/knee_sensor_interface/msg/detail/knee_sensor__functions.h
[8.893s] -- Symlinking: /home/jdurs/benchTest/install/knee_sensor_interface/include/knee_sensor_interface/knee_sensor_interface/msg/detail/knee_sensor__struct.h
[8.905s] -- Symlinking: /home/jdurs/benchTest/install/knee_sensor_interface/include/knee_sensor_interface/knee_sensor_interface/msg/detail/knee_sensor__type_support.h
[8.918s] -- Symlinking: /home/jdurs/benchTest/install/knee_sensor_interface/include/knee_sensor_interface/knee_sensor_interface/msg/knee_sensor.h
[8.931s] -- Symlinking: /home/jdurs/benchTest/install/knee_sensor_interface/include/knee_sensor_interface/knee_sensor_interface/msg/rosidl_generator_c__visibility_control.h
[8.945s] -- Symlinking: /home/jdurs/benchTest/install/knee_sensor_interface/share/knee_sensor_interface/environment/library_path.sh
[8.956s] -- Symlinking: /home/jdurs/benchTest/install/knee_sensor_interface/share/knee_sensor_interface/environment/library_path.dsv
[9.003s] -- Symlinking: /home/jdurs/benchTest/install/knee_sensor_interface/include/knee_sensor_interface/knee_sensor_interface/msg/detail/knee_sensor__rosidl_typesupport_introspection_c.h
[9.016s] -- Symlinking: /home/jdurs/benchTest/install/knee_sensor_interface/include/knee_sensor_interface/knee_sensor_interface/msg/rosidl_typesupport_introspection_c__visibility_control.h
[9.027s] -- Symlinking: /home/jdurs/benchTest/install/knee_sensor_interface/include/knee_sensor_interface/knee_sensor_interface/msg/detail/knee_sensor__rosidl_typesupport_fastrtps_c.h
[9.040s] -- Symlinking: /home/jdurs/benchTest/install/knee_sensor_interface/include/knee_sensor_interface/knee_sensor_interface/msg/rosidl_typesupport_fastrtps_c__visibility_control.h
[9.052s] -- Symlinking: /home/jdurs/benchTest/install/knee_sensor_interface/include/knee_sensor_interface/knee_sensor_interface/msg/detail/knee_sensor__builder.hpp
[9.064s] -- Symlinking: /home/jdurs/benchTest/install/knee_sensor_interface/include/knee_sensor_interface/knee_sensor_interface/msg/detail/knee_sensor__struct.hpp
[9.075s] -- Symlinking: /home/jdurs/benchTest/install/knee_sensor_interface/include/knee_sensor_interface/knee_sensor_interface/msg/detail/knee_sensor__traits.hpp
[9.087s] -- Symlinking: /home/jdurs/benchTest/install/knee_sensor_interface/include/knee_sensor_interface/knee_sensor_interface/msg/detail/knee_sensor__type_support.hpp
[9.099s] -- Symlinking: /home/jdurs/benchTest/install/knee_sensor_interface/include/knee_sensor_interface/knee_sensor_interface/msg/knee_sensor.hpp
[9.117s] -- Symlinking: /home/jdurs/benchTest/install/knee_sensor_interface/include/knee_sensor_interface/knee_sensor_interface/msg/rosidl_generator_cpp__visibility_control.hpp
[9.137s] -- Symlinking: /home/jdurs/benchTest/install/knee_sensor_interface/include/knee_sensor_interface/knee_sensor_interface/msg/detail/knee_sensor__rosidl_typesupport_introspection_cpp.hpp
[9.151s] -- Symlinking: /home/jdurs/benchTest/install/knee_sensor_interface/include/knee_sensor_interface/knee_sensor_interface/msg/detail/knee_sensor__rosidl_typesupport_fastrtps_cpp.hpp
[9.166s] -- Symlinking: /home/jdurs/benchTest/install/knee_sensor_interface/include/knee_sensor_interface/knee_sensor_interface/msg/rosidl_typesupport_fastrtps_cpp__visibility_control.h
[9.178s] -- Symlinking: /home/jdurs/benchTest/install/knee_sensor_interface/share/knee_sensor_interface/environment/pythonpath.sh
[9.190s] -- Symlinking: /home/jdurs/benchTest/install/knee_sensor_interface/share/knee_sensor_interface/environment/pythonpath.dsv
[9.202s] -- Symlinking: /home/jdurs/benchTest/install/knee_sensor_interface/lib/python3.12/site-packages/knee_sensor_interface-0.0.0-py3.12.egg-info/PKG-INFO
[9.215s] -- Symlinking: /home/jdurs/benchTest/install/knee_sensor_interface/lib/python3.12/site-packages/knee_sensor_interface-0.0.0-py3.12.egg-info/SOURCES.txt
[9.226s] -- Symlinking: /home/jdurs/benchTest/install/knee_sensor_interface/lib/python3.12/site-packages/knee_sensor_interface-0.0.0-py3.12.egg-info/dependency_links.txt
[9.239s] -- Symlinking: /home/jdurs/benchTest/install/knee_sensor_interface/lib/python3.12/site-packages/knee_sensor_interface-0.0.0-py3.12.egg-info/top_level.txt
[9.252s] -- Symlinking: /home/jdurs/benchTest/install/knee_sensor_interface/lib/python3.12/site-packages/knee_sensor_interface/__init__.py
[9.263s] -- Symlinking: /home/jdurs/benchTest/install/knee_sensor_interface/lib/python3.12/site-packages/knee_sensor_interface/_knee_sensor_interface_s.ep.rosidl_typesupport_c.c
[9.278s] -- Symlinking: /home/jdurs/benchTest/install/knee_sensor_interface/lib/python3.12/site-packages/knee_sensor_interface/_knee_sensor_interface_s.ep.rosidl_typesupport_fastrtps_c.c
[9.290s] -- Symlinking: /home/jdurs/benchTest/install/knee_sensor_interface/lib/python3.12/site-packages/knee_sensor_interface/_knee_sensor_interface_s.ep.rosidl_typesupport_introspection_c.c
[9.302s] -- Symlinking: /home/jdurs/benchTest/install/knee_sensor_interface/lib/python3.12/site-packages/knee_sensor_interface/knee_sensor_interface_s__rosidl_typesupport_c.so
[9.313s] -- Symlinking: /home/jdurs/benchTest/install/knee_sensor_interface/lib/python3.12/site-packages/knee_sensor_interface/knee_sensor_interface_s__rosidl_typesupport_fastrtps_c.so
[9.325s] -- Symlinking: /home/jdurs/benchTest/install/knee_sensor_interface/lib/python3.12/site-packages/knee_sensor_interface/knee_sensor_interface_s__rosidl_typesupport_introspection_c.so
[9.336s] -- Symlinking: /home/jdurs/benchTest/install/knee_sensor_interface/lib/python3.12/site-packages/knee_sensor_interface/msg/__init__.py
[9.348s] -- Symlinking: /home/jdurs/benchTest/install/knee_sensor_interface/lib/python3.12/site-packages/knee_sensor_interface/msg/_knee_sensor.py
[9.360s] -- Symlinking: /home/jdurs/benchTest/install/knee_sensor_interface/lib/python3.12/site-packages/knee_sensor_interface/msg/_knee_sensor_s.c
[9.372s] -- Up-to-date symlink: /home/jdurs/benchTest/install/knee_sensor_interface/lib/python3.12/site-packages/knee_sensor_interface/knee_sensor_interface_s__rosidl_typesupport_introspection_c.so
[9.372s] -- Up-to-date symlink: /home/jdurs/benchTest/install/knee_sensor_interface/lib/python3.12/site-packages/knee_sensor_interface/knee_sensor_interface_s__rosidl_typesupport_fastrtps_c.so
[9.372s] -- Up-to-date symlink: /home/jdurs/benchTest/install/knee_sensor_interface/lib/python3.12/site-packages/knee_sensor_interface/knee_sensor_interface_s__rosidl_typesupport_c.so
[9.373s] -- Symlinking: /home/jdurs/benchTest/install/knee_sensor_interface/share/ament_index/resource_index/rust_packages/knee_sensor_interface
[9.385s] -- Symlinking: /home/jdurs/benchTest/install/knee_sensor_interface/share/knee_sensor_interface/rust/Cargo.toml
[9.398s] -- Symlinking: /home/jdurs/benchTest/install/knee_sensor_interface/share/knee_sensor_interface/rust/build.rs
[9.411s] -- Symlinking: /home/jdurs/benchTest/install/knee_sensor_interface/share/knee_sensor_interface/rust/src/lib.rs
[9.423s] -- Symlinking: /home/jdurs/benchTest/install/knee_sensor_interface/share/knee_sensor_interface/rust/src/msg.rs
[9.466s] -- Symlinking: /home/jdurs/benchTest/install/knee_sensor_interface/share/knee_sensor_interface/rust/src/msg/rmw.rs
[9.477s] -- Symlinking: /home/jdurs/benchTest/install/knee_sensor_interface/share/knee_sensor_interface/msg/KneeSensor.idl
[9.490s] -- Symlinking: /home/jdurs/benchTest/install/knee_sensor_interface/share/knee_sensor_interface/msg/KneeSensor.msg
[9.502s] -- Symlinking: /home/jdurs/benchTest/install/knee_sensor_interface/share/ament_index/resource_index/package_run_dependencies/knee_sensor_interface
[9.514s] -- Symlinking: /home/jdurs/benchTest/install/knee_sensor_interface/share/ament_index/resource_index/parent_prefix_path/knee_sensor_interface
[9.525s] -- Symlinking: /home/jdurs/benchTest/install/knee_sensor_interface/share/knee_sensor_interface/environment/ament_prefix_path.sh
[9.537s] -- Symlinking: /home/jdurs/benchTest/install/knee_sensor_interface/share/knee_sensor_interface/environment/ament_prefix_path.dsv
[9.548s] -- Symlinking: /home/jdurs/benchTest/install/knee_sensor_interface/share/knee_sensor_interface/environment/path.sh
[9.560s] -- Symlinking: /home/jdurs/benchTest/install/knee_sensor_interface/share/knee_sensor_interface/environment/path.dsv
[9.571s] -- Symlinking: /home/jdurs/benchTest/install/knee_sensor_interface/share/knee_sensor_interface/local_setup.bash
[9.583s] -- Symlinking: /home/jdurs/benchTest/install/knee_sensor_interface/share/knee_sensor_interface/local_setup.sh
[9.594s] -- Symlinking: /home/jdurs/benchTest/install/knee_sensor_interface/share/knee_sensor_interface/local_setup.zsh
[9.605s] -- Symlinking: /home/jdurs/benchTest/install/knee_sensor_interface/share/knee_sensor_interface/local_setup.dsv
[9.616s] -- Symlinking: /home/jdurs/benchTest/install/knee_sensor_interface/share/knee_sensor_interface/package.dsv
[9.627s] -- Symlinking: /home/jdurs/benchTest/install/knee_sensor_interface/share/ament_index/resource_index/packages/knee_sensor_interface
[9.639s] -- Symlinking: /home/jdurs/benchTest/install/knee_sensor_interface/share/knee_sensor_interface/cmake/rosidl_cmake-extras.cmake
[9.651s] -- Symlinking: /home/jdurs/benchTest/install/knee_sensor_interface/share/knee_sensor_interface/cmake/ament_cmake_export_dependencies-extras.cmake
[9.663s] -- Symlinking: /home/jdurs/benchTest/install/knee_sensor_interface/share/knee_sensor_interface/cmake/ament_cmake_export_include_directories-extras.cmake
[9.675s] -- Symlinking: /home/jdurs/benchTest/install/knee_sensor_interface/share/knee_sensor_interface/cmake/ament_cmake_export_libraries-extras.cmake
[9.688s] -- Symlinking: /home/jdurs/benchTest/install/knee_sensor_interface/share/knee_sensor_interface/cmake/ament_cmake_export_targets-extras.cmake
[9.700s] -- Symlinking: /home/jdurs/benchTest/install/knee_sensor_interface/share/knee_sensor_interface/cmake/rosidl_cmake_export_typesupport_targets-extras.cmake
[9.711s] -- Symlinking: /home/jdurs/benchTest/install/knee_sensor_interface/share/knee_sensor_interface/cmake/rosidl_cmake_export_typesupport_libraries-extras.cmake
[9.724s] -- Symlinking: /home/jdurs/benchTest/install/knee_sensor_interface/share/knee_sensor_interface/cmake/rosidl_cmake_aggregate_target-extras.cmake
[9.734s] -- Symlinking: /home/jdurs/benchTest/install/knee_sensor_interface/share/knee_sensor_interface/cmake/knee_sensor_interfaceConfig.cmake
[9.747s] -- Symlinking: /home/jdurs/benchTest/install/knee_sensor_interface/share/knee_sensor_interface/cmake/knee_sensor_interfaceConfig-version.cmake
[9.758s] -- Symlinking: /home/jdurs/benchTest/install/knee_sensor_interface/share/knee_sensor_interface/package.xml
[9.769s] -- Installing: /home/jdurs/benchTest/install/knee_sensor_interface/lib/libknee_sensor_interface__rosidl_generator_c.so
[9.769s] -- Set non-toolchain portion of runtime path of "/home/jdurs/benchTest/install/knee_sensor_interface/lib/libknee_sensor_interface__rosidl_generator_c.so" to ""
[9.769s] -- Installing: /home/jdurs/benchTest/install/knee_sensor_interface/lib/libknee_sensor_interface__rosidl_typesupport_introspection_c.so
[9.769s] -- Set non-toolchain portion of runtime path of "/home/jdurs/benchTest/install/knee_sensor_interface/lib/libknee_sensor_interface__rosidl_typesupport_introspection_c.so" to ""
[9.769s] -- Installing: /home/jdurs/benchTest/install/knee_sensor_interface/lib/libknee_sensor_interface__rosidl_typesupport_fastrtps_c.so
[9.769s] -- Set non-toolchain portion of runtime path of "/home/jdurs/benchTest/install/knee_sensor_interface/lib/libknee_sensor_interface__rosidl_typesupport_fastrtps_c.so" to ""
[9.770s] -- Installing: /home/jdurs/benchTest/install/knee_sensor_interface/lib/libknee_sensor_interface__rosidl_typesupport_c.so
[9.770s] -- Set non-toolchain portion of runtime path of "/home/jdurs/benchTest/install/knee_sensor_interface/lib/libknee_sensor_interface__rosidl_typesupport_c.so" to ""
[9.770s] -- Installing: /home/jdurs/benchTest/install/knee_sensor_interface/lib/libknee_sensor_interface__rosidl_typesupport_introspection_cpp.so
[9.770s] -- Set non-toolchain portion of runtime path of "/home/jdurs/benchTest/install/knee_sensor_interface/lib/libknee_sensor_interface__rosidl_typesupport_introspection_cpp.so" to ""
[9.770s] -- Installing: /home/jdurs/benchTest/install/knee_sensor_interface/lib/libknee_sensor_interface__rosidl_typesupport_fastrtps_cpp.so
[9.770s] -- Set non-toolchain portion of runtime path of "/home/jdurs/benchTest/install/knee_sensor_interface/lib/libknee_sensor_interface__rosidl_typesupport_fastrtps_cpp.so" to ""
[9.770s] -- Installing: /home/jdurs/benchTest/install/knee_sensor_interface/lib/libknee_sensor_interface__rosidl_typesupport_cpp.so
[9.770s] -- Set non-toolchain portion of runtime path of "/home/jdurs/benchTest/install/knee_sensor_interface/lib/libknee_sensor_interface__rosidl_typesupport_cpp.so" to ""
[9.839s] Listing '/home/jdurs/benchTest/install/knee_sensor_interface/lib/python3.12/site-packages/knee_sensor_interface'...
[9.839s] Compiling '/home/jdurs/benchTest/install/knee_sensor_interface/lib/python3.12/site-packages/knee_sensor_interface/__init__.py'...
[9.839s] Listing '/home/jdurs/benchTest/install/knee_sensor_interface/lib/python3.12/site-packages/knee_sensor_interface/msg'...
[9.839s] Compiling '/home/jdurs/benchTest/install/knee_sensor_interface/lib/python3.12/site-packages/knee_sensor_interface/msg/__init__.py'...
[9.839s] Compiling '/home/jdurs/benchTest/install/knee_sensor_interface/lib/python3.12/site-packages/knee_sensor_interface/msg/_knee_sensor.py'...
[9.843s] -- Installing: /home/jdurs/benchTest/install/knee_sensor_interface/lib/libknee_sensor_interface__rosidl_generator_py.so
[9.843s] -- Set non-toolchain portion of runtime path of "/home/jdurs/benchTest/install/knee_sensor_interface/lib/libknee_sensor_interface__rosidl_generator_py.so" to ""
[9.843s] -- Installing: /home/jdurs/benchTest/install/knee_sensor_interface/share/knee_sensor_interface/cmake/export_knee_sensor_interface__rosidl_generator_cExport.cmake
[9.844s] -- Installing: /home/jdurs/benchTest/install/knee_sensor_interface/share/knee_sensor_interface/cmake/export_knee_sensor_interface__rosidl_generator_cExport-noconfig.cmake
[9.844s] -- Installing: /home/jdurs/benchTest/install/knee_sensor_interface/share/knee_sensor_interface/cmake/knee_sensor_interface__rosidl_typesupport_introspection_cExport.cmake
[9.844s] -- Installing: /home/jdurs/benchTest/install/knee_sensor_interface/share/knee_sensor_interface/cmake/knee_sensor_interface__rosidl_typesupport_introspection_cExport-noconfig.cmake
[9.844s] -- Installing: /home/jdurs/benchTest/install/knee_sensor_interface/share/knee_sensor_interface/cmake/export_knee_sensor_interface__rosidl_typesupport_fastrtps_cExport.cmake
[9.844s] -- Installing: /home/jdurs/benchTest/install/knee_sensor_interface/share/knee_sensor_interface/cmake/export_knee_sensor_interface__rosidl_typesupport_fastrtps_cExport-noconfig.cmake
[9.844s] -- Installing: /home/jdurs/benchTest/install/knee_sensor_interface/share/knee_sensor_interface/cmake/knee_sensor_interface__rosidl_typesupport_cExport.cmake
[9.844s] -- Installing: /home/jdurs/benchTest/install/knee_sensor_interface/share/knee_sensor_interface/cmake/knee_sensor_interface__rosidl_typesupport_cExport-noconfig.cmake
[9.844s] -- Installing: /home/jdurs/benchTest/install/knee_sensor_interface/share/knee_sensor_interface/cmake/export_knee_sensor_interface__rosidl_generator_cppExport.cmake
[9.844s] -- Installing: /home/jdurs/benchTest/install/knee_sensor_interface/share/knee_sensor_interface/cmake/knee_sensor_interface__rosidl_typesupport_introspection_cppExport.cmake
[9.844s] -- Installing: /home/jdurs/benchTest/install/knee_sensor_interface/share/knee_sensor_interface/cmake/knee_sensor_interface__rosidl_typesupport_introspection_cppExport-noconfig.cmake
[9.844s] -- Installing: /home/jdurs/benchTest/install/knee_sensor_interface/share/knee_sensor_interface/cmake/export_knee_sensor_interface__rosidl_typesupport_fastrtps_cppExport.cmake
[9.845s] -- Installing: /home/jdurs/benchTest/install/knee_sensor_interface/share/knee_sensor_interface/cmake/export_knee_sensor_interface__rosidl_typesupport_fastrtps_cppExport-noconfig.cmake
[9.845s] -- Installing: /home/jdurs/benchTest/install/knee_sensor_interface/share/knee_sensor_interface/cmake/knee_sensor_interface__rosidl_typesupport_cppExport.cmake
[9.845s] -- Installing: /home/jdurs/benchTest/install/knee_sensor_interface/share/knee_sensor_interface/cmake/knee_sensor_interface__rosidl_typesupport_cppExport-noconfig.cmake
[9.845s] -- Installing: /home/jdurs/benchTest/install/knee_sensor_interface/share/knee_sensor_interface/cmake/export_knee_sensor_interface__rosidl_generator_pyExport.cmake
[9.845s] -- Installing: /home/jdurs/benchTest/install/knee_sensor_interface/share/knee_sensor_interface/cmake/export_knee_sensor_interface__rosidl_generator_pyExport-noconfig.cmake
[9.846s] Invoked command in '/home/jdurs/benchTest/build/knee_sensor_interface' returned '0': CMAKE_PREFIX_PATH=${CMAKE_PREFIX_PATH}:/home/jdurs/ros2_jazzy/install/rqt_bag_plugins:/home/jdurs/ros2_jazzy/install/launch_testing_examples:/home/jdurs/ros2_jazzy/install/ros2bag:/home/jdurs/ros2_jazzy/install/rqt_bag:/home/jdurs/ros2_jazzy/install/rosbag2_examples_py:/home/jdurs/ros2_jazzy/install/tracetools_test:/home/jdurs/ros2_jazzy/install/tracetools_launch:/home/jdurs/ros2_jazzy/install/topic_monitor:/home/jdurs/ros2_jazzy/install/tf2_tools:/home/jdurs/ros2_jazzy/install/examples_tf2_py:/home/jdurs/ros2_jazzy/install/tf2_ros_py:/home/jdurs/ros2_jazzy/install/examples_rclpy_pointcloud_publisher:/home/jdurs/ros2_jazzy/install/sensor_msgs_py:/home/jdurs/ros2_jazzy/install/quality_of_service_demo_py:/home/jdurs/ros2_jazzy/install/camera_info_manager_py:/home/jdurs/ros2_jazzy/install/rqt_plot:/home/jdurs/ros2_jazzy/install/ros2doctor:/home/jdurs/ros2_jazzy/install/lifecycle_py:/home/jdurs/ros2_jazzy/install/examples_rclpy_minimal_subscriber:/home/jdurs/ros2_jazzy/install/examples_rclpy_minimal_service:/home/jdurs/ros2_jazzy/install/examples_rclpy_minimal_publisher:/home/jdurs/ros2_jazzy/install/examples_rclpy_minimal_client:/home/jdurs/ros2_jazzy/install/examples_rclpy_executors:/home/jdurs/ros2_jazzy/install/demo_nodes_py:/home/jdurs/ros2_jazzy/install/rqt:/home/jdurs/ros2_jazzy/install/ros2component:/home/jdurs/ros2_jazzy/install/sros2:/home/jdurs/ros2_jazzy/install/rqt_topic:/home/jdurs/ros2_jazzy/install/rqt_srv:/home/jdurs/ros2_jazzy/install/rqt_shell:/home/jdurs/ros2_jazzy/install/rqt_service_caller:/home/jdurs/ros2_jazzy/install/rqt_reconfigure:/home/jdurs/ros2_jazzy/install/rqt_py_console:/home/jdurs/ros2_jazzy/install/rqt_publisher:/home/jdurs/ros2_jazzy/install/rqt_action:/home/jdurs/ros2_jazzy/install/rqt_msg:/home/jdurs/ros2_jazzy/install/rqt_console:/home/jdurs/ros2_jazzy/install/rqt_graph:/home/jdurs/ros2_jazzy/install/rqt_gui_py:/home/jdurs/ros2_jazzy/install/rqt_gui:/home/jdurs/ros2_jazzy/install/ros2trace:/home/jdurs/ros2_jazzy/install/ros2param:/home/jdurs/ros2_jazzy/install/ros2lifecycle:/home/jdurs/ros2_jazzy/install/ros2service:/home/jdurs/ros2_jazzy/install/ros2topic:/home/jdurs/ros2_jazzy/install/ros2test:/home/jdurs/ros2_jazzy/install/ros2run:/home/jdurs/ros2_jazzy/install/ros2plugin:/home/jdurs/ros2_jazzy/install/ros2launch:/home/jdurs/ros2_jazzy/install/ros2pkg:/home/jdurs/ros2_jazzy/install/ros2node:/home/jdurs/ros2_jazzy/install/ros2multicast:/home/jdurs/ros2_jazzy/install/ros2interface:/home/jdurs/ros2_jazzy/install/ros2action:/home/jdurs/ros2_jazzy/install/ros2cli:/home/jdurs/ros2_jazzy/install/launch_testing_ros:/home/jdurs/ros2_jazzy/install/launch_ros:/home/jdurs/ros2_jazzy/install/examples_rclpy_minimal_action_server:/home/jdurs/ros2_jazzy/install/examples_rclpy_minimal_action_client:/home/jdurs/ros2_jazzy/install/examples_rclpy_guard_conditions:/home/jdurs/ros2_jazzy/install/action_tutorials_py:/home/jdurs/ros2_jazzy/install/ament_uncrustify:/home/jdurs/ros2_jazzy/install/tracetools_trace:/home/jdurs/ros2_jazzy/install/tracetools_read:/home/jdurs/ros2_jazzy/install/test_tracetools_launch:/home/jdurs/ros2_jazzy/install/test_ros2trace:/home/jdurs/ros2_jazzy/install/test_launch_ros:/home/jdurs/ros2_jazzy/install/rpyutils:/home/jdurs/ros2_jazzy/install/rosidl_runtime_py:/home/jdurs/ros2_jazzy/install/rosidl_pycommon:/home/jdurs/ros2_jazzy/install/rosidl_cli:/home/jdurs/ros2_jazzy/install/launch_pytest:/home/jdurs/ros2_jazzy/install/launch_testing:/home/jdurs/ros2_jazzy/install/launch_yaml:/home/jdurs/ros2_jazzy/install/launch_xml:/home/jdurs/ros2_jazzy/install/launch:/home/jdurs/ros2_jazzy/install/osrf_pycommon:/home/jdurs/ros2_jazzy/install/domain_coordinator:/home/jdurs/ros2_jazzy/install/ament_xmllint:/home/jdurs/ros2_jazzy/install/ament_pyflakes:/home/jdurs/ros2_jazzy/install/ament_pycodestyle:/home/jdurs/ros2_jazzy/install/ament_pep257:/home/jdurs/ros2_jazzy/install/ament_pclint:/home/jdurs/ros2_jazzy/install/ament_package:/home/jdurs/ros2_jazzy/install/ament_mypy:/home/jdurs/ros2_jazzy/install/ament_lint_cmake:/home/jdurs/ros2_jazzy/install/ament_flake8:/home/jdurs/ros2_jazzy/install/ament_copyright:/home/jdurs/ros2_jazzy/install/ament_lint:/home/jdurs/ros2_jazzy/install/ament_index_python:/home/jdurs/ros2_jazzy/install/ament_cpplint:/home/jdurs/ros2_jazzy/install/ament_cppcheck:/home/jdurs/ros2_jazzy/install/ament_clang_tidy:/home/jdurs/ros2_jazzy/install/ament_clang_format /usr/bin/cmake --install /home/jdurs/benchTest/build/knee_sensor_interface
